L51 CODE BANKING LINKER/LOCATOR V4.08.03        03/13/119  11:35:10  PAGE  1
WIN32 L51 CODE BANKING LINKER/LOCATOR V4.08.03,  INVOKED BY:
L51.EXE C:\Documents and Settings\administrador\My Documents\piport\Firmware\&
piport7.OBJ  to  C:\Documents and Settings\administrador\My Documents\piport\&
Firmware\piport7.ABS PR(C:\Documents and Settings\administrador\My Documents\&
piport\Firmware\piport7.M51) PW(80) RS(128) ix 


INPUT MODULES INCLUDED
  C:\DOCUMENTS AND SETTINGS\ADMINISTRADOR\MY DOCUMENTS\PIPORT\FIRMWARE\PIPORT7.&
OBJ(PIPORT7)


LINK MAP OF MODULE: C:\DOCUMENTS AND SETTINGS\ADMINISTRADOR\MY DOCUMENTS\PIPORT&
\FIRMWARE\PIPORT7.ABS (PIPORT7)

    TYPE     BASE       LENGTH    RELOCATION     SEGMENT NAME
    ----     ----       ------    ----------     ------------

    * * * * * * *   DATA          M E M O R Y   * * * * * * *
    REG      0000H      0008H     ABSOLUTE       "REG BANK 0"

    * * * * * * *   CODE          M E M O R Y   * * * * * * *
    CODE     0000H      0003H     ABSOLUTE       
    CODE     0003H      0003H     ABSOLUTE       
             0006H      0005H                    *** GAP ***
    CODE     000BH      0003H     ABSOLUTE       
             000EH      0005H                    *** GAP ***
    CODE     0013H      0003H     ABSOLUTE       
             0016H      000DH                    *** GAP ***
    CODE     0023H      0003H     ABSOLUTE       
             0026H      0005H                    *** GAP ***
    CODE     002BH      0003H     ABSOLUTE       
             002EH      0052H                    *** GAP ***
    CODE     0080H      000EH     ABSOLUTE       
    CODE     008EH      0001H     ABSOLUTE       
    CODE     008FH      0001H     ABSOLUTE       
    CODE     0090H      000EH     ABSOLUTE       
    CODE     009EH      0001H     ABSOLUTE       
    CODE     009FH      0001H     ABSOLUTE       
             00A0H      0010H                    *** GAP ***
    CODE     00B0H      0006H     ABSOLUTE       
             00B6H      000AH                    *** GAP ***
    CODE     00C0H      0010H     ABSOLUTE       
             00D0H      0230H                    *** GAP ***
    CODE     0300H      0CC1H     ABSOLUTE       

EXECUTABLE SUMMARY:
-------------------
    Total INTERNAL storage requirement:  0008H (8)
    Total EXTERNAL storage requirement:  0000H (0)
    Total   CODE   storage requirement:  0D09H (3337)
Note:  Summary does not include dynamic stack requirements


REFERENCE MAP OF MODULE: C:\DOCUMENTS AND SETTINGS\ADMINISTRADOR\MY DOCUMENTS\P&
IPORT\FIRMWARE\PIPORT7.ABS (PIPORT7)

SEGMENT
   +-->CALLED SEGMENT
---------------------

SYMBOL TABLE FOR C:\DOCUMENTS AND SETTINGS\ADMINISTRADOR\MY DOCUMENTS\PIPORT\FI&
RMWARE\PIPORT7.ABS(PIPORT7)
-------------------------------------------------------------------------------&
----------------------------

    VALUE              TYPE               NAME
    -----              ----               ----

L51 CODE BANKING LINKER/LOCATOR V4.08.03          03/13/119  11:35:10  PAGE  2

	-------            MODULE             PIPORT7
	C:0A6EH            SYMBOL             SIGUE_RR
	C:077FH            SYMBOL             TIPO22
	C:06D7H            SYMBOL             ESPERA
	C:04CDH            SYMBOL             ES_DHAB_MUTE
	C:049DH            SYMBOL             ES_COIN
	C:00C0H            SYMBOL             SERIAL
	D:00CBH            SYMBOL             RCAP2H
	D:008EH            SYMBOL             AUXR
	C:097CH            SYMBOL             SIGUE_ACOMODA1
	C:095FH            SYMBOL             ACOMODAR_CADENA
	C:06D3H            SYMBOL             LAZO_TX
	C:069DH            SYMBOL             LRC
	B:00A4H            SYMBOL             LLED
	C:05D3H            SYMBOL             INTE1
	C:0ADEH            SYMBOL             FIN_GIRAR1
	C:0AC6H            SYMBOL             GIRA_INI
	C:077CH            SYMBOL             TIPO33
	C:0B05H            SYMBOL             FIN_GIRAR2
	C:08E2H            SYMBOL             ROTAR_CADENA
	C:0677H            SYMBOL             FIN_TIBH
	C:03E0H            SYMBOL             PAY_CTRLTKF
	C:06F9H            SYMBOL             INI_VAR_READ
	C:09B7H            SYMBOL             LAZO_RGB_LED
	C:0779H            SYMBOL             TIPO44
	C:05C7H            SYMBOL             ERROR_INT0
	C:04E5H            SYMBOL             ES_LED_PAGO2
	D:00CAH            SYMBOL             RCAP2L
	C:0A5EH            SYMBOL             ROTAR_LEDI
	C:064DH            SYMBOL             FIN_SERIE1
	C:06C4H            SYMBOL             ENVIAR
	C:04EBH            SYMBOL             ES_SALIDA
	C:04BBH            SYMBOL             ES_TIEMPO
	C:0524H            SYMBOL             LEER_TARJETA_TTL
	C:0DF2H            SYMBOL             MUTE_HAB
	C:0090H            SYMBOL             START_SEN2
	C:0CC7H            SYMBOL             FIN_SET_PAGO_AUTO
	C:0C44H            SYMBOL             SETEO_PAGO
	C:0B90H            SYMBOL             RETA_155
	C:0937H            SYMBOL             SIGUE_GC
	C:073DH            SYMBOL             ERROROINV
	C:0ABCH            SYMBOL             GIRAR1
	C:04ACH            SYMBOL             ES_DES_TTL
	C:0BE4H            SYMBOL             INI_PAGO
	D:00C9H            SYMBOL             T2MOD
	D:00C8H            SYMBOL             T2CON
	C:0AD7H            SYMBOL             FILL
	C:07EAH            SYMBOL             RUT_RET_C
	C:071FH            SYMBOL             NO_LEA_CARD
	C:067AH            SYMBOL             FIN_TIBL
	C:061FH            SYMBOL             RXON
	C:0AE3H            SYMBOL             GIRAR2
	C:0C76H            SYMBOL             FIN_SET
	C:0A27H            SYMBOL             STARTROJO
	C:04C1H            SYMBOL             ES_HAB_PAGO
	C:04A0H            SYMBOL             ES_GIRO
	C:0CA2H            SYMBOL             PAGO_TKE_DIS
	C:0997H            SYMBOL             LAZO_INI_LED
	C:0645H            SYMBOL             TXON
	C:0BA6H            SYMBOL             F_TKE
	B:00C9H            SYMBOL             CT2
	B:00A1H            SYMBOL             PULSO_TKOUT
	B:00A0H            SYMBOL             COIN
	C:0D16H            SYMBOL             S_D_5_A
	C:0CB4H            SYMBOL             PAGO_TKF_DIS
	C:078EH            SYMBOL             ERROR
	C:038CH            SYMBOL             LOOP_1
	C:0D91H            SYMBOL             E_D_TKE_A
L51 CODE BANKING LINKER/LOCATOR V4.08.03          03/13/119  11:35:10  PAGE  3

	C:0D21H            SYMBOL             S_D_5_B
	C:06ABH            SYMBOL             LOOP1
	C:03F4H            SYMBOL             PAYING_TKE
	B:0092H            SYMBOL             CTRL_A_IN
	C:0DC1H            SYMBOL             E_D_TKF_A
	C:0D9DH            SYMBOL             E_D_TKE_B
	C:08BAH            SYMBOL             SIGUE_PERMUTAR
	C:05A7H            SYMBOL             BUFFER_FULL
	C:05CAH            SYMBOL             FIN_INTE
	C:0591H            SYMBOL             SIGUE_INTE
	C:053DH            SYMBOL             ENVIAR_CAD
	C:051BH            SYMBOL             ES_CTRL
	C:03FDH            SYMBOL             CHEKA_P_B
	C:03D6H            SYMBOL             PAYING_TKF
	B:00CFH            SYMBOL             TF2
	B:0093H            SYMBOL             CTRL_B_IN
	B:0090H            SYMBOL             CTRL_A_OUT
	C:0DC6H            SYMBOL             E_D_TKF_B
	C:0C6DH            SYMBOL             PAGO_CORTO
	C:0B1CH            SYMBOL             ROTA_FILL1
	C:075BH            SYMBOL             TIPO1
	C:0EC4H            SYMBOL             LED_PAGO2
	C:0C0BH            SYMBOL             SETEO_TIEMPO
	C:09F4H            SYMBOL             CARGA_VERDE_CIAN
	C:09CCH            SYMBOL             CARGA_BRG_FUEGO
	C:0825H            SYMBOL             INI_TIEMPO
	B:0091H            SYMBOL             CTRL_B_OUT
	C:0D42H            SYMBOL             S_H_5_A
	C:0DE1H            SYMBOL             FIN_SET_PAGO
	C:0C95H            SYMBOL             SIGUE_SET_PAGO
	C:0BC3H            SYMBOL             TIEMPO
	C:0AF6H            SYMBOL             ROTA_FILL2
	C:0A37H            SYMBOL             SIGUE_R
	C:0761H            SYMBOL             TIPO2
	C:0B76H            SYMBOL             F_COIN
	C:0F13H            SYMBOL             CARGA_LUZ_PAGO_MEM2
	C:0E11H            SYMBOL             CARGA_AMARILLO
	C:009EH            SYMBOL             END_SEN2
	D:00CDH            SYMBOL             TH2
	C:0DA9H            SYMBOL             E_H_TKE_A
	C:0D4DH            SYMBOL             S_H_5_B
	C:0C5BH            SYMBOL             PAGO_NORMAL
	C:0C3BH            SYMBOL             COIN_CORTO
	C:0A2AH            SYMBOL             LAZO_ROJO
	C:09ACH            SYMBOL             RGB_LED
	C:0895H            SYMBOL             LOOP_SUMA
	C:07CDH            SYMBOL             NO_ERROR_FINAL
	C:0767H            SYMBOL             TIPO3
	C:0817H            SYMBOL             DES_TTL
	B:00A2H            SYMBOL             DATALED
	B:00A3H            SYMBOL             CLKLED
	C:0E73H            SYMBOL             ROTA_FILL1C
	C:0DCBH            SYMBOL             E_H_TKF_A
	C:0DB5H            SYMBOL             E_H_TKE_B
	C:0BD1H            SYMBOL             SAL0
	C:096AH            SYMBOL             SIGUE_ACOMODA
	C:0928H            SYMBOL             GIRAR_CADENA
	C:076DH            SYMBOL             TIPO4
	C:0746H            SYMBOL             PRUEBA1
	C:057DH            SYMBOL             INTE
	C:0DD6H            SYMBOL             E_H_TKF_B
	C:0CBEH            SYMBOL             PAGO_AUTO_EN
	C:0CA5H            SYMBOL             FIN_SET_PAGO_TKE
	C:0C29H            SYMBOL             COIN_NORMAL
	C:0BD3H            SYMBOL             SAL1
	C:08F1H            SYMBOL             SIGUE_RC
	C:079BH            SYMBOL             ERROR_CAD
	C:0773H            SYMBOL             TIPO5
L51 CODE BANKING LINKER/LOCATOR V4.08.03          03/13/119  11:35:10  PAGE  4

	C:074CH            SYMBOL             PRUEBA2
	C:0695H            SYMBOL             FIN_TETH
	C:0658H            SYMBOL             TIMER0
	C:0CB7H            SYMBOL             FIN_SET_PAGO_TKF
	C:0A35H            SYMBOL             UNO
	C:079EH            SYMBOL             FIN_VERI
	C:0752H            SYMBOL             PRUEBA3
	C:067AH            SYMBOL             NO_INTERBYTE
	C:0534H            SYMBOL             VERIFICA_DIRECTO
	C:0C7EH            SYMBOL             SET_PAGO
	C:04DFH            SYMBOL             ES_LED_PAGO
	C:008FH            SYMBOL             LRC1
	D:00CCH            SYMBOL             TL2
	C:0B14H            SYMBOL             GIRA_INI1
	C:07CAH            SYMBOL             ERROR_FINAL
	C:0758H            SYMBOL             PRUEBA4
	C:05B5H            SYMBOL             FIN_F1
	C:0E61H            SYMBOL             GIRAR_COLOR
	C:0E87H            SYMBOL             INI_CMD
	C:009FH            SYMBOL             LRC2
	C:0080H            SYMBOL             START_SEN
	B:00B2H            SYMBOL             CARD_CLK
	B:00A6H            SYMBOL             CARD_DATA
	C:0F3BH            SYMBOL             TIMER2
	C:0D58H            SYMBOL             ENTRADA_CHK
	C:0AEDH            SYMBOL             GIRA_INI2
	C:064AH            SYMBOL             FIN_SERIE
	C:05CAH            SYMBOL             SIGUE_F2
	C:05CAH            SYMBOL             FIN_F2
	C:0A1CH            SYMBOL             BUFFER_FILL_LED
	C:0438H            SYMBOL             CHK_ENTRADA
	C:03BCH            SYMBOL             SW1_PRES
	C:098CH            SYMBOL             INI_LED
	D:00A6H            SYMBOL             WDRST
	B:0089H            SYMBOL             FLAG_INT0
	C:08AEH            SYMBOL             F_PERMUTAR
	C:0698H            SYMBOL             FIN_TETL
	C:04D3H            SYMBOL             ES_TIEMPO_GIRO
	C:04B2H            SYMBOL             ES_GIRO_N
	C:04A6H            SYMBOL             ES_HAB_TTL
	C:03B0H            SYMBOL             SW_TX
	C:03A1H            SYMBOL             SW2_PRES
	C:0B0AH            SYMBOL             GIRAR
	B:0094H            SYMBOL             IN_INH
	B:008BH            SYMBOL             FLAG_INT1
	C:0E6BH            SYMBOL             GIRA_INI1C
	C:07BAH            SYMBOL             MIRAR_CADENA
	C:0572H            SYMBOL             FIN_TARJ_ERROR
	C:0565H            SYMBOL             FIN_LOOP
	C:0724H            SYMBOL             VERIFICAR_CADENA
	C:04F4H            SYMBOL             ES_SALIDA1
	C:0494H            SYMBOL             ES_COLOR
	C:0DF5H            SYMBOL             MUTE_DES
	B:00B7H            SYMBOL             OUT_INH
	C:0E39H            SYMBOL             CARGA_NEGRO
	C:0D00H            SYMBOL             S_D_12_A
	C:0B8CH            SYMBOL             RETARDO_XXXMS
	C:0B24H            SYMBOL             FILL1
	C:0872H            SYMBOL             LOOP_MEM
	C:07ECH            SYMBOL             RUT_RET1_C
	C:0B62H            SYMBOL             CHAIN_CHK
	C:07D6H            SYMBOL             RETARDO_0XMS
	B:00CAH            SYMBOL             TR2
	C:060EH            SYMBOL             SERIE
	C:0300H            SYMBOL             PIPO
	C:0D0BH            SYMBOL             S_D_12_B
	C:0AFEH            SYMBOL             FILL2
	C:07EEH            SYMBOL             RUT_RET2_C
L51 CODE BANKING LINKER/LOCATOR V4.08.03          03/13/119  11:35:10  PAGE  5

	C:064FH            SYMBOL             FIN_FIN
	C:0887H            SYMBOL             SUMA30
	C:04FDH            SYMBOL             ES_SALIDAT
	C:039CH            SYMBOL             LAZ2
	C:0A9DH            SYMBOL             SIGUE_RL
	C:0DE9H            SYMBOL             TIEMPOX4
	C:0B30H            SYMBOL             CP_CAD
	C:03D0H            SYMBOL             READING
	C:0376H            SYMBOL             LOOP
	B:00A5H            SYMBOL             CARD_PRESENT
	C:0E7BH            SYMBOL             FILL1C
	C:0C64H            SYMBOL             PAGO_LARGO
	C:0E9DH            SYMBOL             LED_PAGO
	C:04D9H            SYMBOL             ES_GIRO_IZQ
	C:00B0H            SYMBOL             BRG
	B:00B4H            SYMBOL             SW1
	C:0D2CH            SYMBOL             S_H_12_A
	C:0C9CH            SYMBOL             PAGO_TKE_EN
	C:0C76H            SYMBOL             FIN_SETEO
	C:0ACFH            SYMBOL             ROTA_FILL
	C:0A8DH            SYMBOL             ROTAR_LED
	C:0698H            SYMBOL             NO_T_EXPIRE
	C:053AH            SYMBOL             VERIFICA_INVERTIDO
	C:04C7H            SYMBOL             ES_HAB_MUTE
	C:0EEBH            SYMBOL             CARGA_LUZ_PAGO_MEM
	C:0402H            SYMBOL             PAYING_TKE1
	C:008EH            SYMBOL             END_SEN
	B:00B3H            SYMBOL             ACTIVE
	B:00B5H            SYMBOL             SW2
	C:0D37H            SYMBOL             S_H_12_B
	C:0CAEH            SYMBOL             PAGO_TKF_EN
	C:0C32H            SYMBOL             COIN_LARGO
	C:0605H            SYMBOL             FIN_INTE1
	C:0CC4H            SYMBOL             PAGO_AUTO_DIS
	C:0782H            SYMBOL             TIPO11
	C:056BH            SYMBOL             ES_CTRL2
	C:0DF8H            SYMBOL             TIEMPO_GIRO
	C:0506H            SYMBOL             ES_SALIDAY
	C:0408H            SYMBOL             PAY_CTRL
	C:0807H            SYMBOL             HAB_TTL
	C:0864H            SYMBOL             INI_MEM
	C:0E91H            SYMBOL             CMD_TX
	C:0559H            SYMBOL             ES_CTRL3
	C:07A7H            SYMBOL             VERIFICAR_CADENA_FINAL
	C:0515H            SYMBOL             ES_SALIDAZ
	C:0000H            LINE#              2
	C:0003H            LINE#              4
	C:0013H            LINE#              6
	C:000BH            LINE#              8
	C:0023H            LINE#              12
	C:002BH            LINE#              14
	C:0300H            LINE#              173
	C:0302H            LINE#              176
	C:0304H            LINE#              177
	C:0306H            LINE#              179
	C:0308H            LINE#              180
	C:030AH            LINE#              184
	C:030DH            LINE#              185
	C:0310H            LINE#              186
	C:0313H            LINE#              187
	C:0315H            LINE#              188
	C:0317H            LINE#              189
	C:0319H            LINE#              195
	C:031BH            LINE#              196
	C:031DH            LINE#              197
	C:031FH            LINE#              198
	C:0321H            LINE#              199
	C:0323H            LINE#              200
L51 CODE BANKING LINKER/LOCATOR V4.08.03          03/13/119  11:35:10  PAGE  6

	C:0326H            LINE#              201
	C:0329H            LINE#              202
	C:032CH            LINE#              204
	C:032EH            LINE#              205
	C:0330H            LINE#              211
	C:0333H            LINE#              212
	C:0336H            LINE#              213
	C:0339H            LINE#              214
	C:033CH            LINE#              217
	C:033EH            LINE#              219
	C:0340H            LINE#              227
	C:0343H            LINE#              228
	C:0346H            LINE#              229
	C:0349H            LINE#              230
	C:034CH            LINE#              231
	C:034FH            LINE#              232
	C:0352H            LINE#              235
	C:0355H            LINE#              236
	C:0358H            LINE#              238
	C:035BH            LINE#              239
	C:035EH            LINE#              242
	C:0361H            LINE#              243
	C:0364H            LINE#              244
	C:0367H            LINE#              246
	C:036AH            LINE#              247
	C:036DH            LINE#              248
	C:0370H            LINE#              249
	C:0373H            LINE#              251
	C:0376H            LINE#              260
	C:0379H            LINE#              261
	C:037CH            LINE#              265
	C:037EH            LINE#              266
	C:0380H            LINE#              269
	C:0382H            LINE#              270
	C:0384H            LINE#              271
	C:0386H            LINE#              272
	C:0388H            LINE#              273
	C:038AH            LINE#              274
	C:038CH            LINE#              277
	C:038EH            LINE#              278
	C:0390H            LINE#              279
	C:0392H            LINE#              280
	C:0394H            LINE#              281
	C:0397H            LINE#              282
	C:039AH            LINE#              284
	C:039CH            LINE#              288
	C:039EH            LINE#              289
	C:03A1H            LINE#              292
	C:03A4H            LINE#              293
	C:03A7H            LINE#              294
	C:03AAH            LINE#              295
	C:03ADH            LINE#              296
	C:03B0H            LINE#              298
	C:03B2H            LINE#              299
	C:03B4H            LINE#              300
	C:03B7H            LINE#              301
	C:03BAH            LINE#              302
	C:03BCH            LINE#              305
	C:03BFH            LINE#              306
	C:03C2H            LINE#              307
	C:03C5H            LINE#              308
	C:03C8H            LINE#              309
	C:03CBH            LINE#              310
	C:03CEH            LINE#              311
	C:03D0H            LINE#              314
	C:03D3H            LINE#              315
	C:03D6H            LINE#              318
	C:03D9H            LINE#              320
L51 CODE BANKING LINKER/LOCATOR V4.08.03          03/13/119  11:35:10  PAGE  7

	C:03DBH            LINE#              321
	C:03DDH            LINE#              322
	C:03E0H            LINE#              324
	C:03E2H            LINE#              325
	C:03E4H            LINE#              326
	C:03E7H            LINE#              327
	C:03E9H            LINE#              329
	C:03ECH            LINE#              330
	C:03EFH            LINE#              331
	C:03F2H            LINE#              333
	C:03F4H            LINE#              336
	C:03F6H            LINE#              337
	C:03F8H            LINE#              338
	C:03FBH            LINE#              339
	C:03FDH            LINE#              341
	C:0400H            LINE#              342
	C:0402H            LINE#              345
	C:0405H            LINE#              347
	C:0408H            LINE#              349
	C:040AH            LINE#              350
	C:040CH            LINE#              351
	C:040FH            LINE#              356
	C:0412H            LINE#              359
	C:0415H            LINE#              360
	C:0418H            LINE#              361
	C:041BH            LINE#              362
	C:041EH            LINE#              363
	C:0421H            LINE#              364
	C:0424H            LINE#              366
	C:0427H            LINE#              367
	C:042AH            LINE#              368
	C:042DH            LINE#              369
	C:0430H            LINE#              370
	C:0433H            LINE#              371
	C:0436H            LINE#              376
	C:0438H            LINE#              398
	C:043BH            LINE#              400
	C:043DH            LINE#              401
	C:043FH            LINE#              402
	C:0441H            LINE#              404
	C:0443H            LINE#              405
	C:0445H            LINE#              406
	C:0447H            LINE#              408
	C:0449H            LINE#              409
	C:044BH            LINE#              410
	C:044DH            LINE#              412
	C:044FH            LINE#              413
	C:0451H            LINE#              414
	C:0453H            LINE#              416
	C:0455H            LINE#              417
	C:0457H            LINE#              418
	C:0459H            LINE#              420
	C:045BH            LINE#              421
	C:045DH            LINE#              422
	C:045FH            LINE#              424
	C:0461H            LINE#              425
	C:0463H            LINE#              426
	C:0465H            LINE#              428
	C:0467H            LINE#              429
	C:0469H            LINE#              430
	C:046BH            LINE#              432
	C:046DH            LINE#              433
	C:046FH            LINE#              434
	C:0471H            LINE#              436
	C:0473H            LINE#              437
	C:0475H            LINE#              438
	C:0477H            LINE#              440
	C:0479H            LINE#              441
L51 CODE BANKING LINKER/LOCATOR V4.08.03          03/13/119  11:35:10  PAGE  8

	C:047BH            LINE#              442
	C:047DH            LINE#              444
	C:047FH            LINE#              445
	C:0481H            LINE#              446
	C:0483H            LINE#              448
	C:0485H            LINE#              449
	C:0487H            LINE#              450
	C:0489H            LINE#              452
	C:048BH            LINE#              453
	C:048DH            LINE#              454
	C:048FH            LINE#              456
	C:0492H            LINE#              457
	C:0494H            LINE#              460
	C:0497H            LINE#              461
	C:049AH            LINE#              462
	C:049DH            LINE#              466
	C:04A0H            LINE#              468
	C:04A3H            LINE#              469
	C:04A6H            LINE#              471
	C:04A9H            LINE#              472
	C:04ACH            LINE#              474
	C:04AFH            LINE#              475
	C:04B2H            LINE#              477
	C:04B5H            LINE#              478
	C:04B8H            LINE#              479
	C:04BBH            LINE#              481
	C:04BEH            LINE#              482
	C:04C1H            LINE#              484
	C:04C4H            LINE#              485
	C:04C7H            LINE#              487
	C:04CAH            LINE#              488
	C:04CDH            LINE#              490
	C:04D0H            LINE#              491
	C:04D3H            LINE#              493
	C:04D6H            LINE#              494
	C:04D9H            LINE#              496
	C:04DCH            LINE#              497
	C:04DFH            LINE#              499
	C:04E2H            LINE#              500
	C:04E5H            LINE#              502
	C:04E8H            LINE#              503
	C:04EBH            LINE#              507
	C:04EEH            LINE#              508
	C:04F1H            LINE#              510
	C:04F4H            LINE#              512
	C:04F7H            LINE#              513
	C:04FAH            LINE#              515
	C:04FDH            LINE#              517
	C:0500H            LINE#              518
	C:0503H            LINE#              520
	C:0506H            LINE#              522
	C:0509H            LINE#              523
	C:050CH            LINE#              525
	C:050FH            LINE#              526
	C:0512H            LINE#              527
	C:0515H            LINE#              529
	C:0518H            LINE#              530
	C:051BH            LINE#              535
	C:051DH            LINE#              536
	C:051FH            LINE#              537
	C:0522H            LINE#              538
	C:0524H            LINE#              543
	C:0527H            LINE#              546
	C:0529H            LINE#              547
	C:052CH            LINE#              550
	C:052EH            LINE#              551
	C:0531H            LINE#              552
	C:0534H            LINE#              554
L51 CODE BANKING LINKER/LOCATOR V4.08.03          03/13/119  11:35:10  PAGE  9

	C:0537H            LINE#              555
	C:053AH            LINE#              557
	C:053DH            LINE#              559
	C:0540H            LINE#              560
	C:0543H            LINE#              561
	C:0545H            LINE#              562
	C:0547H            LINE#              565
	C:054AH            LINE#              571
	C:054DH            LINE#              572
	C:0550H            LINE#              574
	C:0553H            LINE#              576
	C:0556H            LINE#              577
	C:0559H            LINE#              579
	C:055BH            LINE#              580
	C:055DH            LINE#              581
	C:0560H            LINE#              583
	C:0563H            LINE#              586
	C:0565H            LINE#              592
	C:0568H            LINE#              593
	C:056BH            LINE#              595
	C:056DH            LINE#              596
	C:056FH            LINE#              597
	C:0572H            LINE#              600
	C:0575H            LINE#              602
	C:0578H            LINE#              603
	C:057BH            LINE#              604
	C:057DH            LINE#              608
	C:057FH            LINE#              609
	C:0581H            LINE#              610
	C:0582H            LINE#              611
	C:0584H            LINE#              613
	C:0587H            LINE#              616
	C:0589H            LINE#              617
	C:058BH            LINE#              618
	C:058EH            LINE#              619
	C:0591H            LINE#              623
	C:0594H            LINE#              624
	C:0596H            LINE#              625
	C:0597H            LINE#              626
	C:0598H            LINE#              627
	C:059BH            LINE#              628
	C:059EH            LINE#              629
	C:05A0H            LINE#              630
	C:05A2H            LINE#              631
	C:05A4H            LINE#              633
	C:05A7H            LINE#              635
	C:05AAH            LINE#              636
	C:05ABH            LINE#              637
	C:05ACH            LINE#              638
	C:05ADH            LINE#              639
	C:05AFH            LINE#              640
	C:05B2H            LINE#              642
	C:05B5H            LINE#              647
	C:05B7H            LINE#              648
	C:05B9H            LINE#              649
	C:05BAH            LINE#              650
	C:05BCH            LINE#              651
	C:05BEH            LINE#              655
	C:05C0H            LINE#              656
	C:05C2H            LINE#              657
	C:05C4H            LINE#              658
	C:05C7H            LINE#              660
	C:05CAH            LINE#              668
	C:05CCH            LINE#              669
	C:05CEH            LINE#              670
	C:05D0H            LINE#              671
	C:05D2H            LINE#              672
	C:05D3H            LINE#              677
L51 CODE BANKING LINKER/LOCATOR V4.08.03          03/13/119  11:35:10  PAGE 10

	C:05D5H            LINE#              678
	C:05D7H            LINE#              679
	C:05D9H            LINE#              681
	C:05DCH            LINE#              682
	C:05DFH            LINE#              683
	C:05E2H            LINE#              684
	C:05E5H            LINE#              685
	C:05E8H            LINE#              686
	C:05EBH            LINE#              687
	C:05EEH            LINE#              688
	C:05F1H            LINE#              689
	C:05F4H            LINE#              690
	C:05F7H            LINE#              691
	C:05FAH            LINE#              692
	C:05FDH            LINE#              693
	C:0600H            LINE#              695
	C:0603H            LINE#              696
	C:0605H            LINE#              708
	C:0607H            LINE#              709
	C:0609H            LINE#              710
	C:060BH            LINE#              711
	C:060DH            LINE#              712
	C:060EH            LINE#              716
	C:0610H            LINE#              717
	C:0612H            LINE#              718
	C:0614H            LINE#              719
	C:0616H            LINE#              724
	C:0619H            LINE#              725
	C:061CH            LINE#              726
	C:061FH            LINE#              728
	C:0621H            LINE#              729
	C:0623H            LINE#              731
	C:0625H            LINE#              733
	C:0628H            LINE#              734
	C:062AH            LINE#              735
	C:062CH            LINE#              737
	C:062FH            LINE#              741
	C:0631H            LINE#              743
	C:0633H            LINE#              745
	C:0635H            LINE#              747
	C:0638H            LINE#              749
	C:063BH            LINE#              750
	C:063EH            LINE#              751
	C:0640H            LINE#              753
	C:0642H            LINE#              754
	C:0645H            LINE#              756
	C:0648H            LINE#              757
	C:064AH            LINE#              759
	C:064DH            LINE#              762
	C:064FH            LINE#              765
	C:0651H            LINE#              766
	C:0653H            LINE#              767
	C:0655H            LINE#              768
	C:0657H            LINE#              769
	C:0658H            LINE#              773
	C:065AH            LINE#              774
	C:065CH            LINE#              779
	C:065EH            LINE#              780
	C:0660H            LINE#              781
	C:0662H            LINE#              782
	C:0663H            LINE#              783
	C:0665H            LINE#              784
	C:0667H            LINE#              785
	C:0669H            LINE#              786
	C:066AH            LINE#              787
	C:066CH            LINE#              788
	C:066EH            LINE#              789
	C:0671H            LINE#              790
L51 CODE BANKING LINKER/LOCATOR V4.08.03          03/13/119  11:35:10  PAGE 11

	C:0674H            LINE#              791
	C:0677H            LINE#              793
	C:067AH            LINE#              799
	C:067CH            LINE#              800
	C:067EH            LINE#              801
	C:0680H            LINE#              802
	C:0681H            LINE#              803
	C:0683H            LINE#              804
	C:0685H            LINE#              805
	C:0687H            LINE#              806
	C:0688H            LINE#              807
	C:068AH            LINE#              808
	C:068CH            LINE#              809
	C:068FH            LINE#              810
	C:0692H            LINE#              811
	C:0695H            LINE#              814
	C:0698H            LINE#              820
	C:069AH            LINE#              821
	C:069CH            LINE#              822
	C:069DH            LINE#              901
	C:069FH            LINE#              902
	C:06A1H            LINE#              903
	C:06A2H            LINE#              904
	C:06A4H            LINE#              905
	C:06A5H            LINE#              906
	C:06A7H            LINE#              909
	C:06A9H            LINE#              910
	C:06ABH            LINE#              914
	C:06ACH            LINE#              915
	C:06AEH            LINE#              916
	C:06AFH            LINE#              917
	C:06B0H            LINE#              918
	C:06B1H            LINE#              919
	C:06B2H            LINE#              920
	C:06B5H            LINE#              921
	C:06B7H            LINE#              923
	C:06B9H            LINE#              924
	C:06BBH            LINE#              925
	C:06BDH            LINE#              926
	C:06BFH            LINE#              927
	C:06C1H            LINE#              928
	C:06C3H            LINE#              929
	C:06C4H            LINE#              937
	C:06C6H            LINE#              938
	C:06C8H            LINE#              939
	C:06C9H            LINE#              940
	C:06CBH            LINE#              943
	C:06CEH            LINE#              944
	C:06D0H            LINE#              947
	C:06D3H            LINE#              950
	C:06D4H            LINE#              951
	C:06D6H            LINE#              952
	C:06D7H            LINE#              955
	C:06D9H            LINE#              956
	C:06DBH            LINE#              958
	C:06DEH            LINE#              959
	C:06E1H            LINE#              960
	C:06E4H            LINE#              961
	C:06E7H            LINE#              962
	C:06EAH            LINE#              966
	C:06EDH            LINE#              974
	C:06F0H            LINE#              976
	C:06F2H            LINE#              977
	C:06F4H            LINE#              978
	C:06F6H            LINE#              979
	C:06F8H            LINE#              980
	C:06F9H            LINE#              983
	C:06FBH            LINE#              984
L51 CODE BANKING LINKER/LOCATOR V4.08.03          03/13/119  11:35:10  PAGE 12

	C:06FDH            LINE#              986
	C:0700H            LINE#              987
	C:0702H            LINE#              988
	C:0705H            LINE#              989
	C:0708H            LINE#              990
	C:070BH            LINE#              991
	C:070EH            LINE#              992
	C:0711H            LINE#              993
	C:0714H            LINE#              994
	C:0717H            LINE#              996
	C:0719H            LINE#              997
	C:071BH            LINE#              998
	C:071DH            LINE#              999
	C:071FH            LINE#              1002
	C:0721H            LINE#              1003
	C:0723H            LINE#              1004
	C:0724H            LINE#              1007
	C:0726H            LINE#              1008
	C:0728H            LINE#              1009
	C:0729H            LINE#              1010
	C:072BH            LINE#              1012
	C:072DH            LINE#              1013
	C:072EH            LINE#              1014
	C:0731H            LINE#              1015
	C:0733H            LINE#              1016
	C:0734H            LINE#              1017
	C:0737H            LINE#              1018
	C:073AH            LINE#              1019
	C:073DH            LINE#              1021
	C:073FH            LINE#              1022
	C:0740H            LINE#              1023
	C:0743H            LINE#              1024
	C:0746H            LINE#              1026
	C:0749H            LINE#              1027
	C:074CH            LINE#              1029
	C:074FH            LINE#              1030
	C:0752H            LINE#              1032
	C:0755H            LINE#              1033
	C:0758H            LINE#              1035
	C:075BH            LINE#              1038
	C:075EH            LINE#              1039
	C:0761H            LINE#              1042
	C:0764H            LINE#              1043
	C:0767H            LINE#              1046
	C:076AH            LINE#              1047
	C:076DH            LINE#              1050
	C:0770H            LINE#              1051
	C:0773H            LINE#              1054
	C:0776H            LINE#              1055
	C:0779H            LINE#              1057
	C:077CH            LINE#              1059
	C:077FH            LINE#              1061
	C:0782H            LINE#              1063
	C:0785H            LINE#              1064
	C:0788H            LINE#              1065
	C:078BH            LINE#              1066
	C:078EH            LINE#              1071
	C:0790H            LINE#              1072
	C:0792H            LINE#              1073
	C:0793H            LINE#              1074
	C:0795H            LINE#              1075
	C:0796H            LINE#              1076
	C:0798H            LINE#              1077
	C:0799H            LINE#              1078
	C:079BH            LINE#              1080
	C:079EH            LINE#              1083
	C:07A0H            LINE#              1084
	C:07A2H            LINE#              1085
L51 CODE BANKING LINKER/LOCATOR V4.08.03          03/13/119  11:35:10  PAGE 13

	C:07A4H            LINE#              1086
	C:07A6H            LINE#              1087
	C:07A7H            LINE#              1090
	C:07A9H            LINE#              1091
	C:07ABH            LINE#              1092
	C:07ACH            LINE#              1093
	C:07AEH            LINE#              1095
	C:07B0H            LINE#              1096
	C:07B1H            LINE#              1097
	C:07B3H            LINE#              1098
	C:07B5H            LINE#              1100
	C:07B7H            LINE#              1101
	C:07BAH            LINE#              1104
	C:07BBH            LINE#              1105
	C:07BDH            LINE#              1106
	C:07BFH            LINE#              1107
	C:07C0H            LINE#              1108
	C:07C2H            LINE#              1109
	C:07C4H            LINE#              1110
	C:07C7H            LINE#              1111
	C:07CAH            LINE#              1114
	C:07CDH            LINE#              1117
	C:07CFH            LINE#              1118
	C:07D1H            LINE#              1119
	C:07D3H            LINE#              1120
	C:07D5H            LINE#              1121
	C:07D6H            LINE#              1125
	C:07D8H            LINE#              1126
	C:07DAH            LINE#              1127
	C:07DCH            LINE#              1128
	C:07DEH            LINE#              1129
	C:07E0H            LINE#              1130
	C:07E2H            LINE#              1131
	C:07E4H            LINE#              1132
	C:07E6H            LINE#              1133
	C:07E8H            LINE#              1135
	C:07EAH            LINE#              1137
	C:07ECH            LINE#              1139
	C:07EEH            LINE#              1141
	C:07F0H            LINE#              1142
	C:07F2H            LINE#              1143
	C:07F4H            LINE#              1145
	C:07F6H            LINE#              1146
	C:07F8H            LINE#              1147
	C:07FAH            LINE#              1148
	C:07FCH            LINE#              1149
	C:07FEH            LINE#              1150
	C:0800H            LINE#              1151
	C:0802H            LINE#              1152
	C:0804H            LINE#              1153
	C:0806H            LINE#              1154
	C:0807H            LINE#              1158
	C:0809H            LINE#              1159
	C:080BH            LINE#              1161
	C:080DH            LINE#              1162
	C:080FH            LINE#              1163
	C:0812H            LINE#              1165
	C:0814H            LINE#              1166
	C:0816H            LINE#              1167
	C:0817H            LINE#              1170
	C:0819H            LINE#              1171
	C:081BH            LINE#              1173
	C:081DH            LINE#              1174
	C:0820H            LINE#              1176
	C:0822H            LINE#              1177
	C:0824H            LINE#              1178
	C:0825H            LINE#              1182
	C:0827H            LINE#              1183
L51 CODE BANKING LINKER/LOCATOR V4.08.03          03/13/119  11:35:10  PAGE 14

	C:0829H            LINE#              1185
	C:082CH            LINE#              1187
	C:082FH            LINE#              1188
	C:0832H            LINE#              1190
	C:0835H            LINE#              1191
	C:0838H            LINE#              1193
	C:083BH            LINE#              1194
	C:083EH            LINE#              1198
	C:0841H            LINE#              1200
	C:0844H            LINE#              1202
	C:0847H            LINE#              1203
	C:084AH            LINE#              1204
	C:084DH            LINE#              1207
	C:0850H            LINE#              1208
	C:0853H            LINE#              1209
	C:0856H            LINE#              1211
	C:0859H            LINE#              1214
	C:085CH            LINE#              1215
	C:085FH            LINE#              1217
	C:0861H            LINE#              1218
	C:0863H            LINE#              1219
	C:0864H            LINE#              1223
	C:0866H            LINE#              1224
	C:0868H            LINE#              1225
	C:0869H            LINE#              1226
	C:086BH            LINE#              1227
	C:086CH            LINE#              1228
	C:086EH            LINE#              1230
	C:0870H            LINE#              1231
	C:0872H            LINE#              1235
	C:0874H            LINE#              1236
	C:0875H            LINE#              1237
	C:0876H            LINE#              1238
	C:0877H            LINE#              1239
	C:087AH            LINE#              1241
	C:087CH            LINE#              1242
	C:087EH            LINE#              1243
	C:0880H            LINE#              1244
	C:0882H            LINE#              1245
	C:0884H            LINE#              1246
	C:0886H            LINE#              1247
	C:0887H            LINE#              1250
	C:0889H            LINE#              1251
	C:088BH            LINE#              1252
	C:088CH            LINE#              1253
	C:088EH            LINE#              1254
	C:088FH            LINE#              1255
	C:0891H            LINE#              1258
	C:0893H            LINE#              1259
	C:0895H            LINE#              1264
	C:0896H            LINE#              1265
	C:0898H            LINE#              1266
	C:089AH            LINE#              1267
	C:089BH            LINE#              1268
	C:089CH            LINE#              1269
	C:089DH            LINE#              1270
	C:089EH            LINE#              1271
	C:08A1H            LINE#              1273
	C:08A3H            LINE#              1274
	C:08A5H            LINE#              1275
	C:08A7H            LINE#              1276
	C:08A9H            LINE#              1277
	C:08ABH            LINE#              1278
	C:08ADH            LINE#              1279
	C:08AEH            LINE#              1321
	C:08B0H            LINE#              1322
	C:08B2H            LINE#              1323
	C:08B3H            LINE#              1324
L51 CODE BANKING LINKER/LOCATOR V4.08.03          03/13/119  11:35:10  PAGE 15

	C:08B5H            LINE#              1326
	C:08B7H            LINE#              1327
	C:08BAH            LINE#              1331
	C:08BBH            LINE#              1333
	C:08BDH            LINE#              1334
	C:08BFH            LINE#              1335
	C:08C1H            LINE#              1336
	C:08C3H            LINE#              1337
	C:08C5H            LINE#              1338
	C:08C7H            LINE#              1339
	C:08C9H            LINE#              1340
	C:08CBH            LINE#              1341
	C:08CDH            LINE#              1342
	C:08CFH            LINE#              1344
	C:08D1H            LINE#              1346
	C:08D2H            LINE#              1347
	C:08D3H            LINE#              1348
	C:08D5H            LINE#              1349
	C:08D7H            LINE#              1350
	C:08DAH            LINE#              1354
	C:08DCH            LINE#              1355
	C:08DDH            LINE#              1356
	C:08DFH            LINE#              1357
	C:08E1H            LINE#              1358
	C:08E2H            LINE#              1362
	C:08E4H            LINE#              1363
	C:08E6H            LINE#              1364
	C:08E7H            LINE#              1365
	C:08E9H            LINE#              1367
	C:08EBH            LINE#              1368
	C:08EEH            LINE#              1369
	C:08F1H            LINE#              1374
	C:08F2H            LINE#              1376
	C:08F4H            LINE#              1377
	C:08F6H            LINE#              1380
	C:08F9H            LINE#              1382
	C:08FBH            LINE#              1383
	C:08FDH            LINE#              1385
	C:08FFH            LINE#              1386
	C:0901H            LINE#              1388
	C:0903H            LINE#              1389
	C:0905H            LINE#              1391
	C:0907H            LINE#              1392
	C:0909H            LINE#              1394
	C:090BH            LINE#              1395
	C:090DH            LINE#              1397
	C:090FH            LINE#              1398
	C:0911H            LINE#              1400
	C:0913H            LINE#              1402
	C:0915H            LINE#              1403
	C:0917H            LINE#              1405
	C:0918H            LINE#              1406
	C:0919H            LINE#              1407
	C:091BH            LINE#              1408
	C:091DH            LINE#              1409
	C:0920H            LINE#              1413
	C:0922H            LINE#              1414
	C:0923H            LINE#              1415
	C:0925H            LINE#              1416
	C:0927H            LINE#              1417
	C:0928H            LINE#              1422
	C:092AH            LINE#              1423
	C:092CH            LINE#              1424
	C:092DH            LINE#              1425
	C:092FH            LINE#              1428
	C:0931H            LINE#              1429
	C:0934H            LINE#              1430
	C:0937H            LINE#              1434
L51 CODE BANKING LINKER/LOCATOR V4.08.03          03/13/119  11:35:10  PAGE 16

	C:0938H            LINE#              1436
	C:093AH            LINE#              1437
	C:093CH            LINE#              1438
	C:093EH            LINE#              1439
	C:0940H            LINE#              1440
	C:0942H            LINE#              1441
	C:0944H            LINE#              1442
	C:0946H            LINE#              1443
	C:0948H            LINE#              1444
	C:094AH            LINE#              1445
	C:094CH            LINE#              1447
	C:094EH            LINE#              1449
	C:094FH            LINE#              1450
	C:0950H            LINE#              1451
	C:0952H            LINE#              1452
	C:0954H            LINE#              1453
	C:0957H            LINE#              1456
	C:0959H            LINE#              1457
	C:095AH            LINE#              1458
	C:095CH            LINE#              1459
	C:095EH            LINE#              1460
	C:095FH            LINE#              1465
	C:0961H            LINE#              1466
	C:0963H            LINE#              1468
	C:0965H            LINE#              1469
	C:0967H            LINE#              1470
	C:096AH            LINE#              1474
	C:096BH            LINE#              1475
	C:096CH            LINE#              1476
	C:096DH            LINE#              1477
	C:096EH            LINE#              1478
	C:0970H            LINE#              1479
	C:0972H            LINE#              1480
	C:0975H            LINE#              1482
	C:0977H            LINE#              1483
	C:0979H            LINE#              1484
	C:097CH            LINE#              1488
	C:097DH            LINE#              1489
	C:097EH            LINE#              1490
	C:097FH            LINE#              1491
	C:0980H            LINE#              1492
	C:0982H            LINE#              1493
	C:0984H            LINE#              1494
	C:0987H            LINE#              1497
	C:0989H            LINE#              1498
	C:098BH            LINE#              1499
	C:098CH            LINE#              1502
	C:098EH            LINE#              1503
	C:0990H            LINE#              1505
	C:0992H            LINE#              1506
	C:0994H            LINE#              1508
	C:0997H            LINE#              1510
	C:0999H            LINE#              1511
	C:099CH            LINE#              1512
	C:099FH            LINE#              1513
	C:09A2H            LINE#              1514
	C:09A5H            LINE#              1516
	C:09A7H            LINE#              1518
	C:09A9H            LINE#              1519
	C:09ABH            LINE#              1520
	C:09ACH            LINE#              1523
	C:09AEH            LINE#              1524
	C:09B0H            LINE#              1526
	C:09B2H            LINE#              1527
	C:09B4H            LINE#              1529
	C:09B7H            LINE#              1531
	C:09B9H            LINE#              1532
	C:09BCH            LINE#              1533
L51 CODE BANKING LINKER/LOCATOR V4.08.03          03/13/119  11:35:10  PAGE 17

	C:09BFH            LINE#              1534
	C:09C2H            LINE#              1535
	C:09C5H            LINE#              1537
	C:09C7H            LINE#              1539
	C:09C9H            LINE#              1540
	C:09CBH            LINE#              1541
	C:09CCH            LINE#              1544
	C:09CEH            LINE#              1545
	C:09D0H            LINE#              1546
	C:09D1H            LINE#              1547
	C:09D3H            LINE#              1549
	C:09D5H            LINE#              1550
	C:09D7H            LINE#              1551
	C:09D9H            LINE#              1552
	C:09DBH            LINE#              1553
	C:09DDH            LINE#              1554
	C:09DFH            LINE#              1555
	C:09E1H            LINE#              1556
	C:09E3H            LINE#              1557
	C:09E5H            LINE#              1558
	C:09E7H            LINE#              1559
	C:09E9H            LINE#              1560
	C:09EBH            LINE#              1562
	C:09EDH            LINE#              1563
	C:09EFH            LINE#              1564
	C:09F1H            LINE#              1565
	C:09F3H            LINE#              1566
	C:09F4H            LINE#              1569
	C:09F6H            LINE#              1570
	C:09F8H            LINE#              1571
	C:09F9H            LINE#              1572
	C:09FBH            LINE#              1574
	C:09FDH            LINE#              1575
	C:09FFH            LINE#              1576
	C:0A01H            LINE#              1577
	C:0A03H            LINE#              1578
	C:0A05H            LINE#              1579
	C:0A07H            LINE#              1580
	C:0A09H            LINE#              1581
	C:0A0BH            LINE#              1582
	C:0A0DH            LINE#              1583
	C:0A0FH            LINE#              1584
	C:0A11H            LINE#              1585
	C:0A13H            LINE#              1587
	C:0A15H            LINE#              1588
	C:0A17H            LINE#              1589
	C:0A19H            LINE#              1590
	C:0A1BH            LINE#              1591
	C:0A1CH            LINE#              1595
	C:0A1EH            LINE#              1596
	C:0A20H            LINE#              1597
	C:0A21H            LINE#              1598
	C:0A23H            LINE#              1600
	C:0A25H            LINE#              1602
	C:0A27H            LINE#              1605
	C:0A2AH            LINE#              1608
	C:0A2BH            LINE#              1609
	C:0A2CH            LINE#              1610
	C:0A2DH            LINE#              1611
	C:0A2EH            LINE#              1613
	C:0A30H            LINE#              1614
	C:0A32H            LINE#              1615
	C:0A35H            LINE#              1617
	C:0A37H            LINE#              1619
	C:0A39H            LINE#              1622
	C:0A3CH            LINE#              1623
	C:0A3FH            LINE#              1624
	C:0A42H            LINE#              1625
L51 CODE BANKING LINKER/LOCATOR V4.08.03          03/13/119  11:35:10  PAGE 18

	C:0A44H            LINE#              1626
	C:0A47H            LINE#              1627
	C:0A4AH            LINE#              1630
	C:0A4DH            LINE#              1632
	C:0A50H            LINE#              1634
	C:0A51H            LINE#              1637
	C:0A54H            LINE#              1639
	C:0A56H            LINE#              1642
	C:0A58H            LINE#              1643
	C:0A59H            LINE#              1644
	C:0A5BH            LINE#              1645
	C:0A5DH            LINE#              1646
	C:0A5EH            LINE#              1650
	C:0A60H            LINE#              1651
	C:0A62H            LINE#              1652
	C:0A63H            LINE#              1653
	C:0A65H            LINE#              1658
	C:0A67H            LINE#              1659
	C:0A6AH            LINE#              1660
	C:0A6DH            LINE#              1662
	C:0A6EH            LINE#              1666
	C:0A70H            LINE#              1668
	C:0A71H            LINE#              1669
	C:0A72H            LINE#              1670
	C:0A73H            LINE#              1672
	C:0A75H            LINE#              1674
	C:0A76H            LINE#              1676
	C:0A78H            LINE#              1677
	C:0A7AH            LINE#              1678
	C:0A7DH            LINE#              1680
	C:0A7FH            LINE#              1681
	C:0A80H            LINE#              1682
	C:0A82H            LINE#              1683
	C:0A84H            LINE#              1684
	C:0A85H            LINE#              1686
	C:0A87H            LINE#              1687
	C:0A88H            LINE#              1688
	C:0A8AH            LINE#              1689
	C:0A8CH            LINE#              1690
	C:0A8DH            LINE#              1693
	C:0A8FH            LINE#              1694
	C:0A91H            LINE#              1695
	C:0A92H            LINE#              1696
	C:0A94H            LINE#              1701
	C:0A96H            LINE#              1702
	C:0A99H            LINE#              1703
	C:0A9CH            LINE#              1705
	C:0A9DH            LINE#              1709
	C:0A9FH            LINE#              1711
	C:0AA0H            LINE#              1712
	C:0AA1H            LINE#              1713
	C:0AA2H            LINE#              1715
	C:0AA4H            LINE#              1717
	C:0AA5H            LINE#              1719
	C:0AA7H            LINE#              1720
	C:0AA9H            LINE#              1721
	C:0AACH            LINE#              1723
	C:0AAEH            LINE#              1724
	C:0AAFH            LINE#              1725
	C:0AB1H            LINE#              1726
	C:0AB3H            LINE#              1727
	C:0AB4H            LINE#              1729
	C:0AB6H            LINE#              1730
	C:0AB7H            LINE#              1731
	C:0AB9H            LINE#              1732
	C:0ABBH            LINE#              1733
	C:0ABCH            LINE#              1737
	C:0ABEH            LINE#              1738
L51 CODE BANKING LINKER/LOCATOR V4.08.03          03/13/119  11:35:10  PAGE 19

	C:0AC0H            LINE#              1740
	C:0AC3H            LINE#              1741
	C:0AC6H            LINE#              1745
	C:0AC9H            LINE#              1746
	C:0ACBH            LINE#              1747
	C:0ACDH            LINE#              1748
	C:0ACFH            LINE#              1756
	C:0AD1H            LINE#              1757
	C:0AD3H            LINE#              1758
	C:0AD5H            LINE#              1759
	C:0AD7H            LINE#              1763
	C:0AD9H            LINE#              1764
	C:0ADBH            LINE#              1765
	C:0ADEH            LINE#              1769
	C:0AE0H            LINE#              1770
	C:0AE2H            LINE#              1771
	C:0AE3H            LINE#              1774
	C:0AE5H            LINE#              1775
	C:0AE7H            LINE#              1777
	C:0AEAH            LINE#              1778
	C:0AEDH            LINE#              1782
	C:0AF0H            LINE#              1783
	C:0AF2H            LINE#              1784
	C:0AF4H            LINE#              1785
	C:0AF6H            LINE#              1793
	C:0AF8H            LINE#              1794
	C:0AFAH            LINE#              1795
	C:0AFCH            LINE#              1796
	C:0AFEH            LINE#              1800
	C:0B00H            LINE#              1801
	C:0B02H            LINE#              1802
	C:0B05H            LINE#              1806
	C:0B07H            LINE#              1807
	C:0B09H            LINE#              1808
	C:0B0AH            LINE#              1811
	C:0B0CH            LINE#              1812
	C:0B0EH            LINE#              1814
	C:0B11H            LINE#              1815
	C:0B14H            LINE#              1819
	C:0B16H            LINE#              1820
	C:0B18H            LINE#              1821
	C:0B1AH            LINE#              1822
	C:0B1CH            LINE#              1824
	C:0B1EH            LINE#              1825
	C:0B20H            LINE#              1826
	C:0B22H            LINE#              1827
	C:0B24H            LINE#              1830
	C:0B26H            LINE#              1831
	C:0B28H            LINE#              1832
	C:0B2BH            LINE#              1834
	C:0B2DH            LINE#              1835
	C:0B2FH            LINE#              1836
	C:0B30H            LINE#              1839
	C:0B32H            LINE#              1840
	C:0B34H            LINE#              1841
	C:0B35H            LINE#              1842
	C:0B37H            LINE#              1843
	C:0B38H            LINE#              1844
	C:0B3AH            LINE#              1846
	C:0B3CH            LINE#              1847
	C:0B3DH            LINE#              1848
	C:0B3FH            LINE#              1850
	C:0B40H            LINE#              1851
	C:0B41H            LINE#              1852
	C:0B42H            LINE#              1853
	C:0B43H            LINE#              1855
	C:0B44H            LINE#              1856
	C:0B45H            LINE#              1857
L51 CODE BANKING LINKER/LOCATOR V4.08.03          03/13/119  11:35:10  PAGE 20

	C:0B46H            LINE#              1858
	C:0B47H            LINE#              1860
	C:0B48H            LINE#              1861
	C:0B49H            LINE#              1862
	C:0B4AH            LINE#              1863
	C:0B4BH            LINE#              1865
	C:0B4CH            LINE#              1866
	C:0B4DH            LINE#              1867
	C:0B4EH            LINE#              1868
	C:0B4FH            LINE#              1870
	C:0B50H            LINE#              1871
	C:0B51H            LINE#              1872
	C:0B52H            LINE#              1873
	C:0B53H            LINE#              1875
	C:0B54H            LINE#              1876
	C:0B55H            LINE#              1877
	C:0B56H            LINE#              1878
	C:0B57H            LINE#              1880
	C:0B59H            LINE#              1881
	C:0B5AH            LINE#              1882
	C:0B5CH            LINE#              1883
	C:0B5DH            LINE#              1884
	C:0B5FH            LINE#              1885
	C:0B61H            LINE#              1886
	C:0B62H            LINE#              1889
	C:0B64H            LINE#              1890
	C:0B66H            LINE#              1891
	C:0B67H            LINE#              1892
	C:0B69H            LINE#              1894
	C:0B6BH            LINE#              1895
	C:0B6DH            LINE#              1897
	C:0B6FH            LINE#              1898
	C:0B71H            LINE#              1899
	C:0B73H            LINE#              1900
	C:0B75H            LINE#              1901
	C:0B76H            LINE#              1904
	C:0B78H            LINE#              1905
	C:0B7AH            LINE#              1907
	C:0B7CH            LINE#              1909
	C:0B7FH            LINE#              1910
	C:0B82H            LINE#              1912
	C:0B85H            LINE#              1914
	C:0B87H            LINE#              1916
	C:0B89H            LINE#              1917
	C:0B8BH            LINE#              1918
	C:0B8CH            LINE#              1922
	C:0B8EH            LINE#              1923
	C:0B90H            LINE#              1926
	C:0B92H            LINE#              1927
	C:0B93H            LINE#              1928
	C:0B95H            LINE#              1929
	C:0B97H            LINE#              1931
	C:0B9AH            LINE#              1932
	C:0B9CH            LINE#              1933
	C:0B9DH            LINE#              1934
	C:0B9FH            LINE#              1935
	C:0BA1H            LINE#              1937
	C:0BA3H            LINE#              1938
	C:0BA5H            LINE#              1939
	C:0BA6H            LINE#              1942
	C:0BA8H            LINE#              1943
	C:0BAAH            LINE#              1945
	C:0BACH            LINE#              1946
	C:0BAFH            LINE#              1947
	C:0BB2H            LINE#              1948
	C:0BB4H            LINE#              1949
	C:0BB6H            LINE#              1950
	C:0BB9H            LINE#              1951
L51 CODE BANKING LINKER/LOCATOR V4.08.03          03/13/119  11:35:10  PAGE 21

	C:0BBCH            LINE#              1952
	C:0BBEH            LINE#              1954
	C:0BC0H            LINE#              1955
	C:0BC2H            LINE#              1956
	C:0BC3H            LINE#              1960
	C:0BC5H            LINE#              1961
	C:0BC7H            LINE#              1962
	C:0BC9H            LINE#              1963
	C:0BCBH            LINE#              1964
	C:0BCDH            LINE#              1965
	C:0BCFH            LINE#              1967
	C:0BD1H            LINE#              1968
	C:0BD3H            LINE#              1969
	C:0BD5H            LINE#              1970
	C:0BD7H            LINE#              1973
	C:0BD9H            LINE#              1974
	C:0BDBH            LINE#              1975
	C:0BDDH            LINE#              1976
	C:0BDFH            LINE#              1977
	C:0BE1H            LINE#              1978
	C:0BE3H            LINE#              1979
	C:0BE4H            LINE#              1982
	C:0BE6H            LINE#              1983
	C:0BE8H            LINE#              1985
	C:0BEAH            LINE#              1986
	C:0BECH            LINE#              1988
	C:0BEEH            LINE#              1990
	C:0BF0H            LINE#              1991
	C:0BF2H            LINE#              1993
	C:0BF4H            LINE#              1996
	C:0BF7H            LINE#              1997
	C:0BFAH            LINE#              2000
	C:0BFDH            LINE#              2001
	C:0C00H            LINE#              2002
	C:0C03H            LINE#              2005
	C:0C06H            LINE#              2008
	C:0C08H            LINE#              2009
	C:0C0AH            LINE#              2010
	C:0C0BH            LINE#              2013
	C:0C0DH            LINE#              2014
	C:0C0FH            LINE#              2015
	C:0C10H            LINE#              2016
	C:0C12H            LINE#              2018
	C:0C14H            LINE#              2019
	C:0C15H            LINE#              2020
	C:0C17H            LINE#              2021
	C:0C19H            LINE#              2022
	C:0C1BH            LINE#              2023
	C:0C1CH            LINE#              2024
	C:0C1EH            LINE#              2025
	C:0C20H            LINE#              2026
	C:0C22H            LINE#              2027
	C:0C23H            LINE#              2028
	C:0C25H            LINE#              2029
	C:0C27H            LINE#              2030
	C:0C29H            LINE#              2033
	C:0C2CH            LINE#              2034
	C:0C2FH            LINE#              2035
	C:0C32H            LINE#              2038
	C:0C35H            LINE#              2039
	C:0C38H            LINE#              2040
	C:0C3BH            LINE#              2043
	C:0C3EH            LINE#              2044
	C:0C41H            LINE#              2045
	C:0C44H            LINE#              2048
	C:0C46H            LINE#              2049
	C:0C47H            LINE#              2050
	C:0C49H            LINE#              2051
L51 CODE BANKING LINKER/LOCATOR V4.08.03          03/13/119  11:35:10  PAGE 22

	C:0C4BH            LINE#              2052
	C:0C4DH            LINE#              2053
	C:0C4EH            LINE#              2054
	C:0C50H            LINE#              2055
	C:0C52H            LINE#              2056
	C:0C54H            LINE#              2057
	C:0C55H            LINE#              2058
	C:0C57H            LINE#              2059
	C:0C59H            LINE#              2060
	C:0C5BH            LINE#              2063
	C:0C5EH            LINE#              2064
	C:0C61H            LINE#              2065
	C:0C64H            LINE#              2068
	C:0C67H            LINE#              2069
	C:0C6AH            LINE#              2070
	C:0C6DH            LINE#              2073
	C:0C70H            LINE#              2074
	C:0C73H            LINE#              2075
	C:0C76H            LINE#              2081
	C:0C78H            LINE#              2082
	C:0C79H            LINE#              2083
	C:0C7BH            LINE#              2084
	C:0C7DH            LINE#              2085
	C:0C7EH            LINE#              2089
	C:0C80H            LINE#              2090
	C:0C82H            LINE#              2091
	C:0C83H            LINE#              2092
	C:0C85H            LINE#              2094
	C:0C87H            LINE#              2095
	C:0C88H            LINE#              2096
	C:0C8AH            LINE#              2097
	C:0C8DH            LINE#              2098
	C:0C90H            LINE#              2099
	C:0C92H            LINE#              2100
	C:0C95H            LINE#              2103
	C:0C97H            LINE#              2104
	C:0C98H            LINE#              2105
	C:0C9AH            LINE#              2106
	C:0C9CH            LINE#              2109
	C:0C9FH            LINE#              2110
	C:0CA2H            LINE#              2112
	C:0CA5H            LINE#              2115
	C:0CA7H            LINE#              2116
	C:0CA8H            LINE#              2117
	C:0CAAH            LINE#              2118
	C:0CACH            LINE#              2119
	C:0CAEH            LINE#              2122
	C:0CB1H            LINE#              2123
	C:0CB4H            LINE#              2125
	C:0CB7H            LINE#              2129
	C:0CB9H            LINE#              2130
	C:0CBAH            LINE#              2131
	C:0CBCH            LINE#              2132
	C:0CBEH            LINE#              2135
	C:0CC1H            LINE#              2136
	C:0CC4H            LINE#              2138
	C:0CC7H            LINE#              2143
	C:0CC9H            LINE#              2144
	C:0CCBH            LINE#              2145
	C:0CCDH            LINE#              2146
	C:0CCFH            LINE#              2147
	C:0CD2H            LINE#              2150
	C:0CD4H            LINE#              2151
	C:0CD6H            LINE#              2152
	C:0CD8H            LINE#              2153
	C:0CDAH            LINE#              2154
	C:0CDCH            LINE#              2155
	C:0CDEH            LINE#              2156
L51 CODE BANKING LINKER/LOCATOR V4.08.03          03/13/119  11:35:10  PAGE 23

	C:0CE0H            LINE#              2157
	C:0CE2H            LINE#              2158
	C:0CE4H            LINE#              2159
	C:0CE6H            LINE#              2160
	C:0CE8H            LINE#              2161
	C:0CEAH            LINE#              2162
	C:0CECH            LINE#              2163
	C:0CEEH            LINE#              2164
	C:0CF0H            LINE#              2165
	C:0CF2H            LINE#              2166
	C:0CF4H            LINE#              2167
	C:0CF6H            LINE#              2168
	C:0CF8H            LINE#              2169
	C:0CFAH            LINE#              2170
	C:0CFCH            LINE#              2171
	C:0CFEH            LINE#              2172
	C:0D00H            LINE#              2175
	C:0D02H            LINE#              2176
	C:0D04H            LINE#              2177
	C:0D06H            LINE#              2178
	C:0D08H            LINE#              2179
	C:0D0BH            LINE#              2182
	C:0D0DH            LINE#              2183
	C:0D0FH            LINE#              2184
	C:0D11H            LINE#              2185
	C:0D13H            LINE#              2186
	C:0D16H            LINE#              2189
	C:0D18H            LINE#              2190
	C:0D1AH            LINE#              2191
	C:0D1CH            LINE#              2192
	C:0D1EH            LINE#              2193
	C:0D21H            LINE#              2196
	C:0D23H            LINE#              2197
	C:0D25H            LINE#              2198
	C:0D27H            LINE#              2199
	C:0D29H            LINE#              2200
	C:0D2CH            LINE#              2203
	C:0D2EH            LINE#              2204
	C:0D30H            LINE#              2205
	C:0D32H            LINE#              2206
	C:0D34H            LINE#              2207
	C:0D37H            LINE#              2210
	C:0D39H            LINE#              2211
	C:0D3BH            LINE#              2212
	C:0D3DH            LINE#              2213
	C:0D3FH            LINE#              2214
	C:0D42H            LINE#              2217
	C:0D44H            LINE#              2218
	C:0D46H            LINE#              2219
	C:0D48H            LINE#              2220
	C:0D4AH            LINE#              2221
	C:0D4DH            LINE#              2224
	C:0D4FH            LINE#              2225
	C:0D51H            LINE#              2226
	C:0D53H            LINE#              2227
	C:0D55H            LINE#              2228
	C:0D58H            LINE#              2231
	C:0D5AH            LINE#              2232
	C:0D5CH            LINE#              2233
	C:0D5EH            LINE#              2234
	C:0D60H            LINE#              2235
	C:0D63H            LINE#              2237
	C:0D65H            LINE#              2238
	C:0D67H            LINE#              2239
	C:0D69H            LINE#              2240
	C:0D6BH            LINE#              2241
	C:0D6DH            LINE#              2242
	C:0D6FH            LINE#              2243
L51 CODE BANKING LINKER/LOCATOR V4.08.03          03/13/119  11:35:10  PAGE 24

	C:0D71H            LINE#              2244
	C:0D73H            LINE#              2245
	C:0D75H            LINE#              2246
	C:0D77H            LINE#              2247
	C:0D79H            LINE#              2248
	C:0D7BH            LINE#              2249
	C:0D7DH            LINE#              2250
	C:0D7FH            LINE#              2251
	C:0D81H            LINE#              2252
	C:0D83H            LINE#              2253
	C:0D85H            LINE#              2254
	C:0D87H            LINE#              2255
	C:0D89H            LINE#              2256
	C:0D8BH            LINE#              2257
	C:0D8DH            LINE#              2258
	C:0D8FH            LINE#              2259
	C:0D91H            LINE#              2263
	C:0D93H            LINE#              2264
	C:0D95H            LINE#              2265
	C:0D97H            LINE#              2266
	C:0D9AH            LINE#              2267
	C:0D9DH            LINE#              2270
	C:0D9FH            LINE#              2271
	C:0DA1H            LINE#              2272
	C:0DA3H            LINE#              2273
	C:0DA6H            LINE#              2274
	C:0DA9H            LINE#              2277
	C:0DABH            LINE#              2278
	C:0DADH            LINE#              2279
	C:0DAFH            LINE#              2280
	C:0DB2H            LINE#              2281
	C:0DB5H            LINE#              2284
	C:0DB7H            LINE#              2285
	C:0DB9H            LINE#              2286
	C:0DBBH            LINE#              2287
	C:0DBEH            LINE#              2288
	C:0DC1H            LINE#              2291
	C:0DC3H            LINE#              2293
	C:0DC6H            LINE#              2296
	C:0DC8H            LINE#              2298
	C:0DCBH            LINE#              2301
	C:0DCDH            LINE#              2302
	C:0DCFH            LINE#              2303
	C:0DD1H            LINE#              2304
	C:0DD3H            LINE#              2305
	C:0DD6H            LINE#              2308
	C:0DD8H            LINE#              2309
	C:0DDAH            LINE#              2310
	C:0DDCH            LINE#              2311
	C:0DDEH            LINE#              2312
	C:0DE1H            LINE#              2317
	C:0DE3H            LINE#              2318
	C:0DE4H            LINE#              2319
	C:0DE6H            LINE#              2320
	C:0DE8H            LINE#              2321
	C:0DE9H            LINE#              2324
	C:0DEBH            LINE#              2325
	C:0DEDH            LINE#              2326
	C:0DEFH            LINE#              2327
	C:0DF1H            LINE#              2328
	C:0DF2H            LINE#              2331
	C:0DF4H            LINE#              2332
	C:0DF5H            LINE#              2335
	C:0DF7H            LINE#              2336
	C:0DF8H            LINE#              2345
	C:0DFAH            LINE#              2346
	C:0DFCH            LINE#              2347
	C:0DFDH            LINE#              2348
L51 CODE BANKING LINKER/LOCATOR V4.08.03          03/13/119  11:35:10  PAGE 25

	C:0DFFH            LINE#              2350
	C:0E01H            LINE#              2351
	C:0E02H            LINE#              2352
	C:0E04H            LINE#              2353
	C:0E06H            LINE#              2354
	C:0E07H            LINE#              2355
	C:0E09H            LINE#              2357
	C:0E0BH            LINE#              2358
	C:0E0CH            LINE#              2359
	C:0E0EH            LINE#              2360
	C:0E10H            LINE#              2361
	C:0E11H            LINE#              2365
	C:0E13H            LINE#              2366
	C:0E15H            LINE#              2367
	C:0E16H            LINE#              2368
	C:0E18H            LINE#              2370
	C:0E1AH            LINE#              2371
	C:0E1CH            LINE#              2372
	C:0E1EH            LINE#              2373
	C:0E20H            LINE#              2374
	C:0E22H            LINE#              2375
	C:0E24H            LINE#              2376
	C:0E26H            LINE#              2377
	C:0E28H            LINE#              2378
	C:0E2AH            LINE#              2379
	C:0E2CH            LINE#              2380
	C:0E2EH            LINE#              2381
	C:0E30H            LINE#              2383
	C:0E32H            LINE#              2384
	C:0E34H            LINE#              2385
	C:0E36H            LINE#              2386
	C:0E38H            LINE#              2387
	C:0E39H            LINE#              2390
	C:0E3BH            LINE#              2391
	C:0E3DH            LINE#              2392
	C:0E3EH            LINE#              2393
	C:0E40H            LINE#              2395
	C:0E42H            LINE#              2396
	C:0E44H            LINE#              2397
	C:0E46H            LINE#              2398
	C:0E48H            LINE#              2399
	C:0E4AH            LINE#              2400
	C:0E4CH            LINE#              2401
	C:0E4EH            LINE#              2402
	C:0E50H            LINE#              2403
	C:0E52H            LINE#              2404
	C:0E54H            LINE#              2405
	C:0E56H            LINE#              2406
	C:0E58H            LINE#              2408
	C:0E5AH            LINE#              2409
	C:0E5CH            LINE#              2410
	C:0E5EH            LINE#              2411
	C:0E60H            LINE#              2412
	C:0E61H            LINE#              2415
	C:0E63H            LINE#              2416
	C:0E65H            LINE#              2418
	C:0E68H            LINE#              2419
	C:0E6BH            LINE#              2423
	C:0E6DH            LINE#              2424
	C:0E6FH            LINE#              2425
	C:0E71H            LINE#              2426
	C:0E73H            LINE#              2428
	C:0E75H            LINE#              2429
	C:0E77H            LINE#              2430
	C:0E79H            LINE#              2431
	C:0E7BH            LINE#              2434
	C:0E7DH            LINE#              2435
	C:0E7FH            LINE#              2436
L51 CODE BANKING LINKER/LOCATOR V4.08.03          03/13/119  11:35:10  PAGE 26

	C:0E82H            LINE#              2438
	C:0E84H            LINE#              2439
	C:0E86H            LINE#              2440
	C:0E87H            LINE#              2443
	C:0E89H            LINE#              2444
	C:0E8BH            LINE#              2445
	C:0E8EH            LINE#              2446
	C:0E91H            LINE#              2448
	C:0E93H            LINE#              2449
	C:0E95H            LINE#              2450
	C:0E98H            LINE#              2451
	C:0E9AH            LINE#              2452
	C:0E9CH            LINE#              2453
	C:0E9DH            LINE#              2458
	C:0E9FH            LINE#              2459
	C:0EA1H            LINE#              2460
	C:0EA2H            LINE#              2461
	C:0EA4H            LINE#              2463
	C:0EA6H            LINE#              2464
	C:0EA8H            LINE#              2465
	C:0EAAH            LINE#              2466
	C:0EACH            LINE#              2467
	C:0EAEH            LINE#              2468
	C:0EB0H            LINE#              2469
	C:0EB2H            LINE#              2470
	C:0EB4H            LINE#              2471
	C:0EB6H            LINE#              2472
	C:0EB8H            LINE#              2473
	C:0EBAH            LINE#              2474
	C:0EBCH            LINE#              2476
	C:0EBEH            LINE#              2477
	C:0EBFH            LINE#              2478
	C:0EC1H            LINE#              2479
	C:0EC3H            LINE#              2480
	C:0EC4H            LINE#              2483
	C:0EC6H            LINE#              2484
	C:0EC8H            LINE#              2485
	C:0EC9H            LINE#              2486
	C:0ECBH            LINE#              2488
	C:0ECDH            LINE#              2489
	C:0ECFH            LINE#              2490
	C:0ED1H            LINE#              2491
	C:0ED3H            LINE#              2492
	C:0ED5H            LINE#              2493
	C:0ED7H            LINE#              2494
	C:0ED9H            LINE#              2495
	C:0EDBH            LINE#              2496
	C:0EDDH            LINE#              2497
	C:0EDFH            LINE#              2498
	C:0EE1H            LINE#              2499
	C:0EE3H            LINE#              2501
	C:0EE5H            LINE#              2502
	C:0EE6H            LINE#              2503
	C:0EE8H            LINE#              2504
	C:0EEAH            LINE#              2505
	C:0EEBH            LINE#              2510
	C:0EEDH            LINE#              2511
	C:0EEFH            LINE#              2512
	C:0EF0H            LINE#              2513
	C:0EF2H            LINE#              2515
	C:0EF4H            LINE#              2516
	C:0EF6H            LINE#              2517
	C:0EF8H            LINE#              2518
	C:0EFAH            LINE#              2519
	C:0EFCH            LINE#              2520
	C:0EFEH            LINE#              2521
	C:0F00H            LINE#              2522
	C:0F02H            LINE#              2523
L51 CODE BANKING LINKER/LOCATOR V4.08.03          03/13/119  11:35:10  PAGE 27

	C:0F04H            LINE#              2524
	C:0F06H            LINE#              2525
	C:0F08H            LINE#              2526
	C:0F0AH            LINE#              2528
	C:0F0CH            LINE#              2529
	C:0F0EH            LINE#              2530
	C:0F10H            LINE#              2531
	C:0F12H            LINE#              2532
	C:0F13H            LINE#              2535
	C:0F15H            LINE#              2536
	C:0F17H            LINE#              2537
	C:0F18H            LINE#              2538
	C:0F1AH            LINE#              2540
	C:0F1CH            LINE#              2541
	C:0F1EH            LINE#              2542
	C:0F20H            LINE#              2543
	C:0F22H            LINE#              2544
	C:0F24H            LINE#              2545
	C:0F26H            LINE#              2546
	C:0F28H            LINE#              2547
	C:0F2AH            LINE#              2548
	C:0F2CH            LINE#              2549
	C:0F2EH            LINE#              2550
	C:0F30H            LINE#              2551
	C:0F32H            LINE#              2554
	C:0F34H            LINE#              2555
	C:0F36H            LINE#              2556
	C:0F38H            LINE#              2557
	C:0F3AH            LINE#              2558
	C:0F3BH            LINE#              2563
	C:0F3DH            LINE#              2564
	C:0F3FH            LINE#              2566
	C:0F42H            LINE#              2568
	C:0F45H            LINE#              2569
	C:0F48H            LINE#              2570
	C:0F4BH            LINE#              2571
	C:0F4EH            LINE#              2578
	C:0F50H            LINE#              2579
	C:0F52H            LINE#              2580
	C:0F53H            LINE#              2582
	C:0F54H            LINE#              2583
	C:0F55H            LINE#              2584
	C:0F56H            LINE#              2585
	C:0F57H            LINE#              2586
	C:0F58H            LINE#              2587
	C:0F59H            LINE#              2588
	C:0F5AH            LINE#              2589
	C:0F5BH            LINE#              2590
	C:0F5CH            LINE#              2591
	C:0F5DH            LINE#              2592
	C:0F5EH            LINE#              2593
	C:0F5FH            LINE#              2594
	C:0F60H            LINE#              2595
	C:0F61H            LINE#              2596
	C:0F62H            LINE#              2597
	C:0F63H            LINE#              2598
	C:0F64H            LINE#              2599
	C:0F65H            LINE#              2600
	C:0F66H            LINE#              2601
	C:0F67H            LINE#              2602
	C:0F68H            LINE#              2603
	C:0F69H            LINE#              2604
	C:0F6AH            LINE#              2605
	C:0F6BH            LINE#              2606
	C:0F6CH            LINE#              2607
	C:0F6DH            LINE#              2608
	C:0F6EH            LINE#              2609
	C:0F6FH            LINE#              2610
L51 CODE BANKING LINKER/LOCATOR V4.08.03          03/13/119  11:35:10  PAGE 28

	C:0F70H            LINE#              2611
	C:0F71H            LINE#              2612
	C:0F72H            LINE#              2613
	C:0F73H            LINE#              2614
	C:0F74H            LINE#              2615
	C:0F75H            LINE#              2616
	C:0F76H            LINE#              2617
	C:0F77H            LINE#              2618
	C:0F78H            LINE#              2619
	C:0F79H            LINE#              2620
	C:0F7AH            LINE#              2621
	C:0F7BH            LINE#              2622
	C:0F7CH            LINE#              2623
	C:0F7DH            LINE#              2624
	C:0F7EH            LINE#              2625
	C:0F7FH            LINE#              2626
	C:0F80H            LINE#              2627
	C:0F81H            LINE#              2628
	C:0F82H            LINE#              2629
	C:0F83H            LINE#              2630
	C:0F84H            LINE#              2631
	C:0F85H            LINE#              2632
	C:0F86H            LINE#              2633
	C:0F87H            LINE#              2634
	C:0F88H            LINE#              2635
	C:0F89H            LINE#              2636
	C:0F8AH            LINE#              2637
	C:0F8BH            LINE#              2638
	C:0F8CH            LINE#              2639
	C:0F8DH            LINE#              2640
	C:0F8EH            LINE#              2641
	C:0F8FH            LINE#              2642
	C:0F90H            LINE#              2643
	C:0F91H            LINE#              2644
	C:0F92H            LINE#              2645
	C:0F93H            LINE#              2646
	C:0F94H            LINE#              2647
	C:0F95H            LINE#              2648
	C:0F96H            LINE#              2649
	C:0F97H            LINE#              2650
	C:0F98H            LINE#              2651
	C:0F99H            LINE#              2652
	C:0F9AH            LINE#              2653
	C:0F9BH            LINE#              2654
	C:0F9CH            LINE#              2655
	C:0F9DH            LINE#              2656
	C:0F9EH            LINE#              2657
	C:0F9FH            LINE#              2658
	C:0FA0H            LINE#              2659
	C:0FA1H            LINE#              2660
	C:0FA2H            LINE#              2661
	C:0FA3H            LINE#              2662
	C:0FA4H            LINE#              2663
	C:0FA5H            LINE#              2664
	C:0FA6H            LINE#              2665
	C:0FA7H            LINE#              2666
	C:0FA8H            LINE#              2667
	C:0FA9H            LINE#              2668
	C:0FAAH            LINE#              2669
	C:0FABH            LINE#              2670
	C:0FACH            LINE#              2671
	C:0FADH            LINE#              2672
	C:0FAEH            LINE#              2673
	C:0FAFH            LINE#              2674
	C:0FB0H            LINE#              2675
	C:0FB1H            LINE#              2676
	C:0FB2H            LINE#              2677
	C:0FB3H            LINE#              2678
L51 CODE BANKING LINKER/LOCATOR V4.08.03          03/13/119  11:35:10  PAGE 29

	C:0FB4H            LINE#              2679
	C:0FB5H            LINE#              2680
	C:0FB6H            LINE#              2681
	C:0FB7H            LINE#              2682
	C:0FB8H            LINE#              2683
	C:0FB9H            LINE#              2684
	C:0FBAH            LINE#              2685
	C:0FBBH            LINE#              2686
	C:0FBCH            LINE#              2687
	C:0FBDH            LINE#              2688
	C:0FBEH            LINE#              2689
	C:0FBFH            LINE#              2690
	C:0FC0H            LINE#              2691
	-------            ENDMOD             PIPORT7

LINK/LOCATE RUN COMPLETE,  NO ERROR FOUND.