L51 CODE BANKING LINKER/LOCATOR V4.08.03        10/05/118  12:42:30  PAGE  1
WIN32 L51 CODE BANKING LINKER/LOCATOR V4.08.03,  INVOKED BY:
L51.EXE C:\Documents and Settings\administrador\My Documents\piport\Firmware\&
Pioprt6\piport6.OBJ  to  C:\Documents and Settings\administrador\My Documents&
\piport\Firmware\Pioprt6\piport6.ABS PR(C:\Documents and Settings\administrad&
or\My Documents\piport\Firmware\Pioprt6\piport6.M51) PW(80) RS(128) ix 


INPUT MODULES INCLUDED
  C:\DOCUMENTS AND SETTINGS\ADMINISTRADOR\MY DOCUMENTS\PIPORT\FIRMWARE\PIOPRT6\&
PIPORT6.OBJ(PIPORT6)


LINK MAP OF MODULE: C:\DOCUMENTS AND SETTINGS\ADMINISTRADOR\MY DOCUMENTS\PIPORT&
\FIRMWARE\PIOPRT6\PIPORT6.ABS (PIPORT6)

    TYPE     BASE       LENGTH    RELOCATION     SEGMENT NAME
    ----     ----       ------    ----------     ------------

    * * * * * * *   DATA          M E M O R Y   * * * * * * *
    REG      0000H      0008H     ABSOLUTE       "REG BANK 0"

    * * * * * * *   CODE          M E M O R Y   * * * * * * *
    CODE     0000H      0003H     ABSOLUTE       
    CODE     0003H      0003H     ABSOLUTE       
             0006H      0005H                    *** GAP ***
    CODE     000BH      0003H     ABSOLUTE       
             000EH      0005H                    *** GAP ***
    CODE     0013H      0003H     ABSOLUTE       
             0016H      000DH                    *** GAP ***
    CODE     0023H      0003H     ABSOLUTE       
             0026H      0005H                    *** GAP ***
    CODE     002BH      0003H     ABSOLUTE       
             002EH      0052H                    *** GAP ***
    CODE     0080H      000EH     ABSOLUTE       
    CODE     008EH      0001H     ABSOLUTE       
    CODE     008FH      0001H     ABSOLUTE       
    CODE     0090H      000EH     ABSOLUTE       
    CODE     009EH      0001H     ABSOLUTE       
    CODE     009FH      0001H     ABSOLUTE       
             00A0H      0010H                    *** GAP ***
    CODE     00B0H      0006H     ABSOLUTE       
             00B6H      000AH                    *** GAP ***
    CODE     00C0H      0010H     ABSOLUTE       
             00D0H      0230H                    *** GAP ***
    CODE     0300H      0C28H     ABSOLUTE       

EXECUTABLE SUMMARY:
-------------------
    Total INTERNAL storage requirement:  0008H (8)
    Total EXTERNAL storage requirement:  0000H (0)
    Total   CODE   storage requirement:  0C70H (3184)
Note:  Summary does not include dynamic stack requirements


REFERENCE MAP OF MODULE: C:\DOCUMENTS AND SETTINGS\ADMINISTRADOR\MY DOCUMENTS\P&
IPORT\FIRMWARE\PIOPRT6\PIPORT6.ABS (PIPORT6)

SEGMENT
   +-->CALLED SEGMENT
---------------------

SYMBOL TABLE FOR C:\DOCUMENTS AND SETTINGS\ADMINISTRADOR\MY DOCUMENTS\PIPORT\FI&
RMWARE\PIOPRT6\PIPORT6.ABS(PIPORT6)
-------------------------------------------------------------------------------&
------------------------------------

    VALUE              TYPE               NAME
    -----              ----               ----

L51 CODE BANKING LINKER/LOCATOR V4.08.03          10/05/118  12:42:30  PAGE  2

	-------            MODULE             PIPORT6
	C:0A37H            SYMBOL             SIGUE_RR
	C:0748H            SYMBOL             TIPO22
	C:06A0H            SYMBOL             ESPERA
	C:04A2H            SYMBOL             ES_DHAB_MUTE
	C:0472H            SYMBOL             ES_COIN
	C:00C0H            SYMBOL             SERIAL
	D:00CBH            SYMBOL             RCAP2H
	D:008EH            SYMBOL             AUXR
	C:0945H            SYMBOL             SIGUE_ACOMODA1
	C:0928H            SYMBOL             ACOMODAR_CADENA
	C:069CH            SYMBOL             LAZO_TX
	C:0666H            SYMBOL             LRC
	B:00A4H            SYMBOL             LLED
	C:059CH            SYMBOL             INTE1
	C:0AA7H            SYMBOL             FIN_GIRAR1
	C:0A8FH            SYMBOL             GIRA_INI
	C:0745H            SYMBOL             TIPO33
	C:0ACEH            SYMBOL             FIN_GIRAR2
	C:08ABH            SYMBOL             ROTAR_CADENA
	C:0640H            SYMBOL             FIN_TIBH
	C:03DCH            SYMBOL             PAY_CTRLTKF
	C:06C2H            SYMBOL             INI_VAR_READ
	C:0980H            SYMBOL             LAZO_RGB_LED
	C:0742H            SYMBOL             TIPO44
	C:0590H            SYMBOL             ERROR_INT0
	D:00CAH            SYMBOL             RCAP2L
	C:0A27H            SYMBOL             ROTAR_LEDI
	C:0616H            SYMBOL             FIN_SERIE1
	C:068DH            SYMBOL             ENVIAR
	C:04B4H            SYMBOL             ES_SALIDA
	C:0490H            SYMBOL             ES_TIEMPO
	C:04EDH            SYMBOL             LEER_TARJETA_TTL
	C:0D98H            SYMBOL             MUTE_HAB
	C:0090H            SYMBOL             START_SEN2
	C:0C0AH            SYMBOL             SETEO_PAGO
	C:0B59H            SYMBOL             RETA_155
	C:0900H            SYMBOL             SIGUE_GC
	C:0706H            SYMBOL             ERROROINV
	C:0A85H            SYMBOL             GIRAR1
	C:0481H            SYMBOL             ES_DES_TTL
	C:0BADH            SYMBOL             INI_PAGO
	D:00C9H            SYMBOL             T2MOD
	D:00C8H            SYMBOL             T2CON
	C:0AA0H            SYMBOL             FILL
	C:07B3H            SYMBOL             RUT_RET_C
	C:06E8H            SYMBOL             NO_LEA_CARD
	C:0643H            SYMBOL             FIN_TIBL
	C:05E8H            SYMBOL             RXON
	C:0AACH            SYMBOL             GIRAR2
	C:0C3CH            SYMBOL             FIN_SET
	C:09F0H            SYMBOL             STARTROJO
	C:0496H            SYMBOL             ES_HAB_PAGO
	C:0475H            SYMBOL             ES_GIRO
	C:0C58H            SYMBOL             PAGO_TKE_DIS
	C:0960H            SYMBOL             LAZO_INI_LED
	C:060EH            SYMBOL             TXON
	C:0B6FH            SYMBOL             F_TKE
	B:00C9H            SYMBOL             CT2
	B:00A1H            SYMBOL             PULSO_TKOUT
	B:00A0H            SYMBOL             COIN
	C:0CBCH            SYMBOL             S_D_5_A
	C:0C6AH            SYMBOL             PAGO_TKF_DIS
	C:0757H            SYMBOL             ERROR
	C:0388H            SYMBOL             LOOP_1
	C:0D37H            SYMBOL             E_D_TKE_A
	C:0CC7H            SYMBOL             S_D_5_B
	C:0674H            SYMBOL             LOOP1
L51 CODE BANKING LINKER/LOCATOR V4.08.03          10/05/118  12:42:30  PAGE  3

	C:03F0H            SYMBOL             PAYING_TKE
	B:0092H            SYMBOL             CTRL_A_IN
	C:0D67H            SYMBOL             E_D_TKF_A
	C:0D43H            SYMBOL             E_D_TKE_B
	C:0883H            SYMBOL             SIGUE_PERMUTAR
	C:0570H            SYMBOL             BUFFER_FULL
	C:0593H            SYMBOL             FIN_INTE
	C:055AH            SYMBOL             SIGUE_INTE
	C:0506H            SYMBOL             ENVIAR_CAD
	C:04E4H            SYMBOL             ES_CTRL
	C:03F9H            SYMBOL             CHEKA_P_B
	C:03D2H            SYMBOL             PAYING_TKF
	B:00CFH            SYMBOL             TF2
	B:0093H            SYMBOL             CTRL_B_IN
	B:0090H            SYMBOL             CTRL_A_OUT
	C:0D6CH            SYMBOL             E_D_TKF_B
	C:0C33H            SYMBOL             PAGO_CORTO
	C:0AE5H            SYMBOL             ROTA_FILL1
	C:0724H            SYMBOL             TIPO1
	C:0BD1H            SYMBOL             SETEO_TIEMPO
	C:09BDH            SYMBOL             CARGA_VERDE_CIAN
	C:0995H            SYMBOL             CARGA_BRG_FUEGO
	C:07EEH            SYMBOL             INI_TIEMPO
	B:0091H            SYMBOL             CTRL_B_OUT
	C:0D87H            SYMBOL             FIN_SET_PAGO
	C:0CE8H            SYMBOL             S_H_5_A
	C:0B8CH            SYMBOL             TIEMPO
	C:0ABFH            SYMBOL             ROTA_FILL2
	C:0A00H            SYMBOL             SIGUE_R
	C:072AH            SYMBOL             TIPO2
	C:0B3FH            SYMBOL             F_COIN
	C:0DB7H            SYMBOL             CARGA_AMARILLO
	C:009EH            SYMBOL             END_SEN2
	D:00CDH            SYMBOL             TH2
	C:0D4FH            SYMBOL             E_H_TKE_A
	C:0CF3H            SYMBOL             S_H_5_B
	C:0C21H            SYMBOL             PAGO_NORMAL
	C:0C01H            SYMBOL             COIN_CORTO
	C:09F3H            SYMBOL             LAZO_ROJO
	C:0975H            SYMBOL             RGB_LED
	C:085EH            SYMBOL             LOOP_SUMA
	C:0796H            SYMBOL             NO_ERROR_FINAL
	C:0730H            SYMBOL             TIPO3
	C:07E0H            SYMBOL             DES_TTL
	B:00A2H            SYMBOL             DATALED
	B:00A3H            SYMBOL             CLKLED
	C:0DF1H            SYMBOL             ROTA_FILL1C
	C:0D71H            SYMBOL             E_H_TKF_A
	C:0D5BH            SYMBOL             E_H_TKE_B
	C:0B9AH            SYMBOL             SAL0
	C:0933H            SYMBOL             SIGUE_ACOMODA
	C:08F1H            SYMBOL             GIRAR_CADENA
	C:0736H            SYMBOL             TIPO4
	C:070FH            SYMBOL             PRUEBA1
	C:0546H            SYMBOL             INTE
	C:0D7CH            SYMBOL             E_H_TKF_B
	C:0C5BH            SYMBOL             FIN_SET_PAGO_TKE
	C:0BEFH            SYMBOL             COIN_NORMAL
	C:0B9CH            SYMBOL             SAL1
	C:08BAH            SYMBOL             SIGUE_RC
	C:0764H            SYMBOL             ERROR_CAD
	C:073CH            SYMBOL             TIPO5
	C:0715H            SYMBOL             PRUEBA2
	C:065EH            SYMBOL             FIN_TETH
	C:0621H            SYMBOL             TIMER0
	C:0C6DH            SYMBOL             FIN_SET_PAGO_TKF
	C:09FEH            SYMBOL             UNO
	C:0767H            SYMBOL             FIN_VERI
L51 CODE BANKING LINKER/LOCATOR V4.08.03          10/05/118  12:42:30  PAGE  4

	C:071BH            SYMBOL             PRUEBA3
	C:0643H            SYMBOL             NO_INTERBYTE
	C:04FDH            SYMBOL             VERIFICA_DIRECTO
	C:0C44H            SYMBOL             SET_PAGO
	C:008FH            SYMBOL             LRC1
	D:00CCH            SYMBOL             TL2
	C:0ADDH            SYMBOL             GIRA_INI1
	C:0793H            SYMBOL             ERROR_FINAL
	C:0721H            SYMBOL             PRUEBA4
	C:057EH            SYMBOL             FIN_F1
	C:0DDFH            SYMBOL             GIRAR_COLOR
	C:0E05H            SYMBOL             INI_CMD
	C:009FH            SYMBOL             LRC2
	C:0080H            SYMBOL             START_SEN
	B:00B2H            SYMBOL             CARD_CLK
	B:00A6H            SYMBOL             CARD_DATA
	C:0E1BH            SYMBOL             TIMER2
	C:0CFEH            SYMBOL             ENTRADA_CHK
	C:0AB6H            SYMBOL             GIRA_INI2
	C:0613H            SYMBOL             FIN_SERIE
	C:0593H            SYMBOL             SIGUE_F2
	C:0593H            SYMBOL             FIN_F2
	C:09E5H            SYMBOL             BUFFER_FILL_LED
	C:0419H            SYMBOL             CHK_ENTRADA
	C:03B8H            SYMBOL             SW1_PRES
	C:0955H            SYMBOL             INI_LED
	D:00A6H            SYMBOL             WDRST
	B:0089H            SYMBOL             FLAG_INT0
	C:0877H            SYMBOL             F_PERMUTAR
	C:0661H            SYMBOL             FIN_TETL
	C:04A8H            SYMBOL             ES_TIEMPO_GIRO
	C:0487H            SYMBOL             ES_GIRO_N
	C:047BH            SYMBOL             ES_HAB_TTL
	C:03ACH            SYMBOL             SW_TX
	C:039DH            SYMBOL             SW2_PRES
	C:0AD3H            SYMBOL             GIRAR
	B:0094H            SYMBOL             IN_INH
	B:008BH            SYMBOL             FLAG_INT1
	C:0DE9H            SYMBOL             GIRA_INI1C
	C:0783H            SYMBOL             MIRAR_CADENA
	C:053BH            SYMBOL             FIN_TARJ_ERROR
	C:052EH            SYMBOL             FIN_LOOP
	C:06EDH            SYMBOL             VERIFICAR_CADENA
	C:04BDH            SYMBOL             ES_SALIDA1
	C:0469H            SYMBOL             ES_COLOR
	C:0D9BH            SYMBOL             MUTE_DES
	B:00B7H            SYMBOL             OUT_INH
	C:0CA6H            SYMBOL             S_D_12_A
	C:0B55H            SYMBOL             RETARDO_XXXMS
	C:0AEDH            SYMBOL             FILL1
	C:083BH            SYMBOL             LOOP_MEM
	C:07B5H            SYMBOL             RUT_RET1_C
	C:0B2BH            SYMBOL             CHAIN_CHK
	C:079FH            SYMBOL             RETARDO_0XMS
	B:00CAH            SYMBOL             TR2
	C:05D7H            SYMBOL             SERIE
	C:0300H            SYMBOL             PIPO
	C:0CB1H            SYMBOL             S_D_12_B
	C:0AC7H            SYMBOL             FILL2
	C:07B7H            SYMBOL             RUT_RET2_C
	C:0618H            SYMBOL             FIN_FIN
	C:0850H            SYMBOL             SUMA30
	C:04C6H            SYMBOL             ES_SALIDAT
	C:0398H            SYMBOL             LAZ2
	C:0A66H            SYMBOL             SIGUE_RL
	C:0D8FH            SYMBOL             TIEMPOX4
	C:0AF9H            SYMBOL             CP_CAD
	C:03CCH            SYMBOL             READING
L51 CODE BANKING LINKER/LOCATOR V4.08.03          10/05/118  12:42:30  PAGE  5

	C:0376H            SYMBOL             LOOP
	B:00A5H            SYMBOL             CARD_PRESENT
	C:0DF9H            SYMBOL             FILL1C
	C:0C2AH            SYMBOL             PAGO_LARGO
	C:04AEH            SYMBOL             ES_GIRO_IZQ
	C:00B0H            SYMBOL             BRG
	B:00B4H            SYMBOL             SW1
	C:0CD2H            SYMBOL             S_H_12_A
	C:0C52H            SYMBOL             PAGO_TKE_EN
	C:0C3CH            SYMBOL             FIN_SETEO
	C:0A98H            SYMBOL             ROTA_FILL
	C:0A56H            SYMBOL             ROTAR_LED
	C:0661H            SYMBOL             NO_T_EXPIRE
	C:0503H            SYMBOL             VERIFICA_INVERTIDO
	C:049CH            SYMBOL             ES_HAB_MUTE
	C:03FEH            SYMBOL             PAYING_TKE1
	C:008EH            SYMBOL             END_SEN
	B:00B3H            SYMBOL             ACTIVE
	B:00B5H            SYMBOL             SW2
	C:0CDDH            SYMBOL             S_H_12_B
	C:0C64H            SYMBOL             PAGO_TKF_EN
	C:0BF8H            SYMBOL             COIN_LARGO
	C:05CEH            SYMBOL             FIN_INTE1
	C:074BH            SYMBOL             TIPO11
	C:0534H            SYMBOL             ES_CTRL2
	C:0D9EH            SYMBOL             TIEMPO_GIRO
	C:04CFH            SYMBOL             ES_SALIDAY
	C:0404H            SYMBOL             PAY_CTRL
	C:07D0H            SYMBOL             HAB_TTL
	C:082DH            SYMBOL             INI_MEM
	C:0E0FH            SYMBOL             CMD_TX
	C:0522H            SYMBOL             ES_CTRL3
	C:0770H            SYMBOL             VERIFICAR_CADENA_FINAL
	C:04DEH            SYMBOL             ES_SALIDAZ
	C:0000H            LINE#              2
	C:0003H            LINE#              4
	C:0013H            LINE#              6
	C:000BH            LINE#              8
	C:0023H            LINE#              12
	C:002BH            LINE#              14
	C:0300H            LINE#              156
	C:0302H            LINE#              159
	C:0304H            LINE#              160
	C:0306H            LINE#              162
	C:0308H            LINE#              163
	C:030AH            LINE#              167
	C:030DH            LINE#              168
	C:0310H            LINE#              169
	C:0313H            LINE#              170
	C:0315H            LINE#              171
	C:0317H            LINE#              172
	C:0319H            LINE#              178
	C:031BH            LINE#              179
	C:031DH            LINE#              180
	C:031FH            LINE#              181
	C:0321H            LINE#              182
	C:0323H            LINE#              183
	C:0326H            LINE#              184
	C:0329H            LINE#              185
	C:032CH            LINE#              187
	C:032EH            LINE#              188
	C:0330H            LINE#              194
	C:0333H            LINE#              195
	C:0336H            LINE#              196
	C:0339H            LINE#              197
	C:033CH            LINE#              200
	C:033EH            LINE#              202
	C:0340H            LINE#              210
L51 CODE BANKING LINKER/LOCATOR V4.08.03          10/05/118  12:42:30  PAGE  6

	C:0343H            LINE#              211
	C:0346H            LINE#              212
	C:0349H            LINE#              213
	C:034CH            LINE#              214
	C:034FH            LINE#              215
	C:0352H            LINE#              218
	C:0355H            LINE#              219
	C:0358H            LINE#              221
	C:035BH            LINE#              222
	C:035EH            LINE#              225
	C:0361H            LINE#              226
	C:0364H            LINE#              227
	C:0367H            LINE#              229
	C:036AH            LINE#              230
	C:036DH            LINE#              231
	C:0370H            LINE#              232
	C:0373H            LINE#              234
	C:0376H            LINE#              243
	C:0379H            LINE#              244
	C:037CH            LINE#              248
	C:037EH            LINE#              249
	C:0380H            LINE#              252
	C:0382H            LINE#              253
	C:0384H            LINE#              254
	C:0386H            LINE#              255
	C:0388H            LINE#              257
	C:038AH            LINE#              258
	C:038CH            LINE#              259
	C:038EH            LINE#              260
	C:0390H            LINE#              261
	C:0393H            LINE#              262
	C:0396H            LINE#              264
	C:0398H            LINE#              268
	C:039AH            LINE#              269
	C:039DH            LINE#              272
	C:03A0H            LINE#              273
	C:03A3H            LINE#              274
	C:03A6H            LINE#              275
	C:03A9H            LINE#              276
	C:03ACH            LINE#              278
	C:03AEH            LINE#              279
	C:03B0H            LINE#              280
	C:03B3H            LINE#              281
	C:03B6H            LINE#              282
	C:03B8H            LINE#              285
	C:03BBH            LINE#              286
	C:03BEH            LINE#              287
	C:03C1H            LINE#              288
	C:03C4H            LINE#              289
	C:03C7H            LINE#              290
	C:03CAH            LINE#              291
	C:03CCH            LINE#              294
	C:03CFH            LINE#              295
	C:03D2H            LINE#              298
	C:03D5H            LINE#              300
	C:03D7H            LINE#              301
	C:03D9H            LINE#              302
	C:03DCH            LINE#              304
	C:03DEH            LINE#              305
	C:03E0H            LINE#              306
	C:03E3H            LINE#              307
	C:03E5H            LINE#              309
	C:03E8H            LINE#              310
	C:03EBH            LINE#              311
	C:03EEH            LINE#              313
	C:03F0H            LINE#              316
	C:03F2H            LINE#              317
	C:03F4H            LINE#              318
L51 CODE BANKING LINKER/LOCATOR V4.08.03          10/05/118  12:42:30  PAGE  7

	C:03F7H            LINE#              319
	C:03F9H            LINE#              321
	C:03FCH            LINE#              322
	C:03FEH            LINE#              325
	C:0401H            LINE#              327
	C:0404H            LINE#              329
	C:0406H            LINE#              330
	C:0408H            LINE#              331
	C:040BH            LINE#              336
	C:040EH            LINE#              338
	C:0411H            LINE#              339
	C:0414H            LINE#              340
	C:0417H            LINE#              342
	C:0419H            LINE#              346
	C:041CH            LINE#              348
	C:041EH            LINE#              349
	C:0420H            LINE#              350
	C:0422H            LINE#              352
	C:0424H            LINE#              353
	C:0426H            LINE#              354
	C:0428H            LINE#              356
	C:042AH            LINE#              357
	C:042CH            LINE#              358
	C:042EH            LINE#              360
	C:0430H            LINE#              361
	C:0432H            LINE#              362
	C:0434H            LINE#              364
	C:0436H            LINE#              365
	C:0438H            LINE#              366
	C:043AH            LINE#              368
	C:043CH            LINE#              369
	C:043EH            LINE#              370
	C:0440H            LINE#              372
	C:0442H            LINE#              373
	C:0444H            LINE#              374
	C:0446H            LINE#              376
	C:0448H            LINE#              377
	C:044AH            LINE#              378
	C:044CH            LINE#              380
	C:044EH            LINE#              381
	C:0450H            LINE#              382
	C:0452H            LINE#              384
	C:0454H            LINE#              385
	C:0456H            LINE#              386
	C:0458H            LINE#              388
	C:045AH            LINE#              389
	C:045CH            LINE#              390
	C:045EH            LINE#              392
	C:0460H            LINE#              393
	C:0462H            LINE#              394
	C:0464H            LINE#              396
	C:0467H            LINE#              397
	C:0469H            LINE#              400
	C:046CH            LINE#              401
	C:046FH            LINE#              402
	C:0472H            LINE#              406
	C:0475H            LINE#              408
	C:0478H            LINE#              409
	C:047BH            LINE#              411
	C:047EH            LINE#              412
	C:0481H            LINE#              414
	C:0484H            LINE#              415
	C:0487H            LINE#              417
	C:048AH            LINE#              418
	C:048DH            LINE#              419
	C:0490H            LINE#              421
	C:0493H            LINE#              422
	C:0496H            LINE#              424
L51 CODE BANKING LINKER/LOCATOR V4.08.03          10/05/118  12:42:30  PAGE  8

	C:0499H            LINE#              425
	C:049CH            LINE#              427
	C:049FH            LINE#              428
	C:04A2H            LINE#              430
	C:04A5H            LINE#              431
	C:04A8H            LINE#              433
	C:04ABH            LINE#              434
	C:04AEH            LINE#              436
	C:04B1H            LINE#              437
	C:04B4H            LINE#              440
	C:04B7H            LINE#              441
	C:04BAH            LINE#              443
	C:04BDH            LINE#              445
	C:04C0H            LINE#              446
	C:04C3H            LINE#              448
	C:04C6H            LINE#              450
	C:04C9H            LINE#              451
	C:04CCH            LINE#              453
	C:04CFH            LINE#              455
	C:04D2H            LINE#              456
	C:04D5H            LINE#              458
	C:04D8H            LINE#              459
	C:04DBH            LINE#              460
	C:04DEH            LINE#              462
	C:04E1H            LINE#              463
	C:04E4H            LINE#              468
	C:04E6H            LINE#              469
	C:04E8H            LINE#              470
	C:04EBH            LINE#              471
	C:04EDH            LINE#              476
	C:04F0H            LINE#              479
	C:04F2H            LINE#              480
	C:04F5H            LINE#              483
	C:04F7H            LINE#              484
	C:04FAH            LINE#              485
	C:04FDH            LINE#              487
	C:0500H            LINE#              488
	C:0503H            LINE#              490
	C:0506H            LINE#              492
	C:0509H            LINE#              493
	C:050CH            LINE#              494
	C:050EH            LINE#              495
	C:0510H            LINE#              498
	C:0513H            LINE#              504
	C:0516H            LINE#              505
	C:0519H            LINE#              507
	C:051CH            LINE#              509
	C:051FH            LINE#              510
	C:0522H            LINE#              512
	C:0524H            LINE#              513
	C:0526H            LINE#              514
	C:0529H            LINE#              516
	C:052CH            LINE#              519
	C:052EH            LINE#              525
	C:0531H            LINE#              526
	C:0534H            LINE#              528
	C:0536H            LINE#              529
	C:0538H            LINE#              530
	C:053BH            LINE#              533
	C:053EH            LINE#              535
	C:0541H            LINE#              536
	C:0544H            LINE#              537
	C:0546H            LINE#              541
	C:0548H            LINE#              542
	C:054AH            LINE#              543
	C:054BH            LINE#              544
	C:054DH            LINE#              546
	C:0550H            LINE#              549
L51 CODE BANKING LINKER/LOCATOR V4.08.03          10/05/118  12:42:30  PAGE  9

	C:0552H            LINE#              550
	C:0554H            LINE#              551
	C:0557H            LINE#              552
	C:055AH            LINE#              556
	C:055DH            LINE#              557
	C:055FH            LINE#              558
	C:0560H            LINE#              559
	C:0561H            LINE#              560
	C:0564H            LINE#              561
	C:0567H            LINE#              562
	C:0569H            LINE#              563
	C:056BH            LINE#              564
	C:056DH            LINE#              566
	C:0570H            LINE#              568
	C:0573H            LINE#              569
	C:0574H            LINE#              570
	C:0575H            LINE#              571
	C:0576H            LINE#              572
	C:0578H            LINE#              573
	C:057BH            LINE#              575
	C:057EH            LINE#              580
	C:0580H            LINE#              581
	C:0582H            LINE#              582
	C:0583H            LINE#              583
	C:0585H            LINE#              584
	C:0587H            LINE#              588
	C:0589H            LINE#              589
	C:058BH            LINE#              590
	C:058DH            LINE#              591
	C:0590H            LINE#              593
	C:0593H            LINE#              601
	C:0595H            LINE#              602
	C:0597H            LINE#              603
	C:0599H            LINE#              604
	C:059BH            LINE#              605
	C:059CH            LINE#              610
	C:059EH            LINE#              611
	C:05A0H            LINE#              612
	C:05A2H            LINE#              614
	C:05A5H            LINE#              615
	C:05A8H            LINE#              616
	C:05ABH            LINE#              617
	C:05AEH            LINE#              618
	C:05B1H            LINE#              619
	C:05B4H            LINE#              620
	C:05B7H            LINE#              621
	C:05BAH            LINE#              622
	C:05BDH            LINE#              623
	C:05C0H            LINE#              624
	C:05C3H            LINE#              625
	C:05C6H            LINE#              626
	C:05C9H            LINE#              628
	C:05CCH            LINE#              629
	C:05CEH            LINE#              641
	C:05D0H            LINE#              642
	C:05D2H            LINE#              643
	C:05D4H            LINE#              644
	C:05D6H            LINE#              645
	C:05D7H            LINE#              649
	C:05D9H            LINE#              650
	C:05DBH            LINE#              651
	C:05DDH            LINE#              652
	C:05DFH            LINE#              657
	C:05E2H            LINE#              658
	C:05E5H            LINE#              659
	C:05E8H            LINE#              661
	C:05EAH            LINE#              662
	C:05ECH            LINE#              664
L51 CODE BANKING LINKER/LOCATOR V4.08.03          10/05/118  12:42:30  PAGE 10

	C:05EEH            LINE#              666
	C:05F1H            LINE#              667
	C:05F3H            LINE#              668
	C:05F5H            LINE#              670
	C:05F8H            LINE#              674
	C:05FAH            LINE#              676
	C:05FCH            LINE#              678
	C:05FEH            LINE#              680
	C:0601H            LINE#              682
	C:0604H            LINE#              683
	C:0607H            LINE#              684
	C:0609H            LINE#              686
	C:060BH            LINE#              687
	C:060EH            LINE#              689
	C:0611H            LINE#              690
	C:0613H            LINE#              692
	C:0616H            LINE#              695
	C:0618H            LINE#              698
	C:061AH            LINE#              699
	C:061CH            LINE#              700
	C:061EH            LINE#              701
	C:0620H            LINE#              702
	C:0621H            LINE#              706
	C:0623H            LINE#              707
	C:0625H            LINE#              712
	C:0627H            LINE#              713
	C:0629H            LINE#              714
	C:062BH            LINE#              715
	C:062CH            LINE#              716
	C:062EH            LINE#              717
	C:0630H            LINE#              718
	C:0632H            LINE#              719
	C:0633H            LINE#              720
	C:0635H            LINE#              721
	C:0637H            LINE#              722
	C:063AH            LINE#              723
	C:063DH            LINE#              724
	C:0640H            LINE#              726
	C:0643H            LINE#              732
	C:0645H            LINE#              733
	C:0647H            LINE#              734
	C:0649H            LINE#              735
	C:064AH            LINE#              736
	C:064CH            LINE#              737
	C:064EH            LINE#              738
	C:0650H            LINE#              739
	C:0651H            LINE#              740
	C:0653H            LINE#              741
	C:0655H            LINE#              742
	C:0658H            LINE#              743
	C:065BH            LINE#              744
	C:065EH            LINE#              747
	C:0661H            LINE#              753
	C:0663H            LINE#              754
	C:0665H            LINE#              755
	C:0666H            LINE#              834
	C:0668H            LINE#              835
	C:066AH            LINE#              836
	C:066BH            LINE#              837
	C:066DH            LINE#              838
	C:066EH            LINE#              839
	C:0670H            LINE#              842
	C:0672H            LINE#              843
	C:0674H            LINE#              847
	C:0675H            LINE#              848
	C:0677H            LINE#              849
	C:0678H            LINE#              850
	C:0679H            LINE#              851
L51 CODE BANKING LINKER/LOCATOR V4.08.03          10/05/118  12:42:30  PAGE 11

	C:067AH            LINE#              852
	C:067BH            LINE#              853
	C:067EH            LINE#              854
	C:0680H            LINE#              856
	C:0682H            LINE#              857
	C:0684H            LINE#              858
	C:0686H            LINE#              859
	C:0688H            LINE#              860
	C:068AH            LINE#              861
	C:068CH            LINE#              862
	C:068DH            LINE#              870
	C:068FH            LINE#              871
	C:0691H            LINE#              872
	C:0692H            LINE#              873
	C:0694H            LINE#              876
	C:0697H            LINE#              877
	C:0699H            LINE#              880
	C:069CH            LINE#              883
	C:069DH            LINE#              884
	C:069FH            LINE#              885
	C:06A0H            LINE#              888
	C:06A2H            LINE#              889
	C:06A4H            LINE#              891
	C:06A7H            LINE#              892
	C:06AAH            LINE#              893
	C:06ADH            LINE#              894
	C:06B0H            LINE#              895
	C:06B3H            LINE#              899
	C:06B6H            LINE#              907
	C:06B9H            LINE#              909
	C:06BBH            LINE#              910
	C:06BDH            LINE#              911
	C:06BFH            LINE#              912
	C:06C1H            LINE#              913
	C:06C2H            LINE#              916
	C:06C4H            LINE#              917
	C:06C6H            LINE#              919
	C:06C9H            LINE#              920
	C:06CBH            LINE#              921
	C:06CEH            LINE#              922
	C:06D1H            LINE#              923
	C:06D4H            LINE#              924
	C:06D7H            LINE#              925
	C:06DAH            LINE#              926
	C:06DDH            LINE#              927
	C:06E0H            LINE#              929
	C:06E2H            LINE#              930
	C:06E4H            LINE#              931
	C:06E6H            LINE#              932
	C:06E8H            LINE#              935
	C:06EAH            LINE#              936
	C:06ECH            LINE#              937
	C:06EDH            LINE#              940
	C:06EFH            LINE#              941
	C:06F1H            LINE#              942
	C:06F2H            LINE#              943
	C:06F4H            LINE#              945
	C:06F6H            LINE#              946
	C:06F7H            LINE#              947
	C:06FAH            LINE#              948
	C:06FCH            LINE#              949
	C:06FDH            LINE#              950
	C:0700H            LINE#              951
	C:0703H            LINE#              952
	C:0706H            LINE#              954
	C:0708H            LINE#              955
	C:0709H            LINE#              956
	C:070CH            LINE#              957
L51 CODE BANKING LINKER/LOCATOR V4.08.03          10/05/118  12:42:30  PAGE 12

	C:070FH            LINE#              959
	C:0712H            LINE#              960
	C:0715H            LINE#              962
	C:0718H            LINE#              963
	C:071BH            LINE#              965
	C:071EH            LINE#              966
	C:0721H            LINE#              968
	C:0724H            LINE#              971
	C:0727H            LINE#              972
	C:072AH            LINE#              975
	C:072DH            LINE#              976
	C:0730H            LINE#              979
	C:0733H            LINE#              980
	C:0736H            LINE#              983
	C:0739H            LINE#              984
	C:073CH            LINE#              987
	C:073FH            LINE#              988
	C:0742H            LINE#              990
	C:0745H            LINE#              992
	C:0748H            LINE#              994
	C:074BH            LINE#              996
	C:074EH            LINE#              997
	C:0751H            LINE#              998
	C:0754H            LINE#              999
	C:0757H            LINE#              1004
	C:0759H            LINE#              1005
	C:075BH            LINE#              1006
	C:075CH            LINE#              1007
	C:075EH            LINE#              1008
	C:075FH            LINE#              1009
	C:0761H            LINE#              1010
	C:0762H            LINE#              1011
	C:0764H            LINE#              1013
	C:0767H            LINE#              1016
	C:0769H            LINE#              1017
	C:076BH            LINE#              1018
	C:076DH            LINE#              1019
	C:076FH            LINE#              1020
	C:0770H            LINE#              1023
	C:0772H            LINE#              1024
	C:0774H            LINE#              1025
	C:0775H            LINE#              1026
	C:0777H            LINE#              1028
	C:0779H            LINE#              1029
	C:077AH            LINE#              1030
	C:077CH            LINE#              1031
	C:077EH            LINE#              1033
	C:0780H            LINE#              1034
	C:0783H            LINE#              1037
	C:0784H            LINE#              1038
	C:0786H            LINE#              1039
	C:0788H            LINE#              1040
	C:0789H            LINE#              1041
	C:078BH            LINE#              1042
	C:078DH            LINE#              1043
	C:0790H            LINE#              1044
	C:0793H            LINE#              1047
	C:0796H            LINE#              1050
	C:0798H            LINE#              1051
	C:079AH            LINE#              1052
	C:079CH            LINE#              1053
	C:079EH            LINE#              1054
	C:079FH            LINE#              1058
	C:07A1H            LINE#              1059
	C:07A3H            LINE#              1060
	C:07A5H            LINE#              1061
	C:07A7H            LINE#              1062
	C:07A9H            LINE#              1063
L51 CODE BANKING LINKER/LOCATOR V4.08.03          10/05/118  12:42:30  PAGE 13

	C:07ABH            LINE#              1064
	C:07ADH            LINE#              1065
	C:07AFH            LINE#              1066
	C:07B1H            LINE#              1068
	C:07B3H            LINE#              1070
	C:07B5H            LINE#              1072
	C:07B7H            LINE#              1074
	C:07B9H            LINE#              1075
	C:07BBH            LINE#              1076
	C:07BDH            LINE#              1078
	C:07BFH            LINE#              1079
	C:07C1H            LINE#              1080
	C:07C3H            LINE#              1081
	C:07C5H            LINE#              1082
	C:07C7H            LINE#              1083
	C:07C9H            LINE#              1084
	C:07CBH            LINE#              1085
	C:07CDH            LINE#              1086
	C:07CFH            LINE#              1087
	C:07D0H            LINE#              1091
	C:07D2H            LINE#              1092
	C:07D4H            LINE#              1094
	C:07D6H            LINE#              1095
	C:07D8H            LINE#              1096
	C:07DBH            LINE#              1098
	C:07DDH            LINE#              1099
	C:07DFH            LINE#              1100
	C:07E0H            LINE#              1103
	C:07E2H            LINE#              1104
	C:07E4H            LINE#              1106
	C:07E6H            LINE#              1107
	C:07E9H            LINE#              1109
	C:07EBH            LINE#              1110
	C:07EDH            LINE#              1111
	C:07EEH            LINE#              1115
	C:07F0H            LINE#              1116
	C:07F2H            LINE#              1118
	C:07F5H            LINE#              1120
	C:07F8H            LINE#              1121
	C:07FBH            LINE#              1123
	C:07FEH            LINE#              1124
	C:0801H            LINE#              1126
	C:0804H            LINE#              1127
	C:0807H            LINE#              1131
	C:080AH            LINE#              1133
	C:080DH            LINE#              1135
	C:0810H            LINE#              1136
	C:0813H            LINE#              1137
	C:0816H            LINE#              1140
	C:0819H            LINE#              1141
	C:081CH            LINE#              1142
	C:081FH            LINE#              1144
	C:0822H            LINE#              1147
	C:0825H            LINE#              1148
	C:0828H            LINE#              1150
	C:082AH            LINE#              1151
	C:082CH            LINE#              1152
	C:082DH            LINE#              1156
	C:082FH            LINE#              1157
	C:0831H            LINE#              1158
	C:0832H            LINE#              1159
	C:0834H            LINE#              1160
	C:0835H            LINE#              1161
	C:0837H            LINE#              1163
	C:0839H            LINE#              1164
	C:083BH            LINE#              1168
	C:083DH            LINE#              1169
	C:083EH            LINE#              1170
L51 CODE BANKING LINKER/LOCATOR V4.08.03          10/05/118  12:42:30  PAGE 14

	C:083FH            LINE#              1171
	C:0840H            LINE#              1172
	C:0843H            LINE#              1174
	C:0845H            LINE#              1175
	C:0847H            LINE#              1176
	C:0849H            LINE#              1177
	C:084BH            LINE#              1178
	C:084DH            LINE#              1179
	C:084FH            LINE#              1180
	C:0850H            LINE#              1183
	C:0852H            LINE#              1184
	C:0854H            LINE#              1185
	C:0855H            LINE#              1186
	C:0857H            LINE#              1187
	C:0858H            LINE#              1188
	C:085AH            LINE#              1191
	C:085CH            LINE#              1192
	C:085EH            LINE#              1197
	C:085FH            LINE#              1198
	C:0861H            LINE#              1199
	C:0863H            LINE#              1200
	C:0864H            LINE#              1201
	C:0865H            LINE#              1202
	C:0866H            LINE#              1203
	C:0867H            LINE#              1204
	C:086AH            LINE#              1206
	C:086CH            LINE#              1207
	C:086EH            LINE#              1208
	C:0870H            LINE#              1209
	C:0872H            LINE#              1210
	C:0874H            LINE#              1211
	C:0876H            LINE#              1212
	C:0877H            LINE#              1254
	C:0879H            LINE#              1255
	C:087BH            LINE#              1256
	C:087CH            LINE#              1257
	C:087EH            LINE#              1259
	C:0880H            LINE#              1260
	C:0883H            LINE#              1264
	C:0884H            LINE#              1266
	C:0886H            LINE#              1267
	C:0888H            LINE#              1268
	C:088AH            LINE#              1269
	C:088CH            LINE#              1270
	C:088EH            LINE#              1271
	C:0890H            LINE#              1272
	C:0892H            LINE#              1273
	C:0894H            LINE#              1274
	C:0896H            LINE#              1275
	C:0898H            LINE#              1277
	C:089AH            LINE#              1279
	C:089BH            LINE#              1280
	C:089CH            LINE#              1281
	C:089EH            LINE#              1282
	C:08A0H            LINE#              1283
	C:08A3H            LINE#              1287
	C:08A5H            LINE#              1288
	C:08A6H            LINE#              1289
	C:08A8H            LINE#              1290
	C:08AAH            LINE#              1291
	C:08ABH            LINE#              1295
	C:08ADH            LINE#              1296
	C:08AFH            LINE#              1297
	C:08B0H            LINE#              1298
	C:08B2H            LINE#              1300
	C:08B4H            LINE#              1301
	C:08B7H            LINE#              1302
	C:08BAH            LINE#              1307
L51 CODE BANKING LINKER/LOCATOR V4.08.03          10/05/118  12:42:30  PAGE 15

	C:08BBH            LINE#              1309
	C:08BDH            LINE#              1310
	C:08BFH            LINE#              1313
	C:08C2H            LINE#              1315
	C:08C4H            LINE#              1316
	C:08C6H            LINE#              1318
	C:08C8H            LINE#              1319
	C:08CAH            LINE#              1321
	C:08CCH            LINE#              1322
	C:08CEH            LINE#              1324
	C:08D0H            LINE#              1325
	C:08D2H            LINE#              1327
	C:08D4H            LINE#              1328
	C:08D6H            LINE#              1330
	C:08D8H            LINE#              1331
	C:08DAH            LINE#              1333
	C:08DCH            LINE#              1335
	C:08DEH            LINE#              1336
	C:08E0H            LINE#              1338
	C:08E1H            LINE#              1339
	C:08E2H            LINE#              1340
	C:08E4H            LINE#              1341
	C:08E6H            LINE#              1342
	C:08E9H            LINE#              1346
	C:08EBH            LINE#              1347
	C:08ECH            LINE#              1348
	C:08EEH            LINE#              1349
	C:08F0H            LINE#              1350
	C:08F1H            LINE#              1355
	C:08F3H            LINE#              1356
	C:08F5H            LINE#              1357
	C:08F6H            LINE#              1358
	C:08F8H            LINE#              1361
	C:08FAH            LINE#              1362
	C:08FDH            LINE#              1363
	C:0900H            LINE#              1367
	C:0901H            LINE#              1369
	C:0903H            LINE#              1370
	C:0905H            LINE#              1371
	C:0907H            LINE#              1372
	C:0909H            LINE#              1373
	C:090BH            LINE#              1374
	C:090DH            LINE#              1375
	C:090FH            LINE#              1376
	C:0911H            LINE#              1377
	C:0913H            LINE#              1378
	C:0915H            LINE#              1380
	C:0917H            LINE#              1382
	C:0918H            LINE#              1383
	C:0919H            LINE#              1384
	C:091BH            LINE#              1385
	C:091DH            LINE#              1386
	C:0920H            LINE#              1389
	C:0922H            LINE#              1390
	C:0923H            LINE#              1391
	C:0925H            LINE#              1392
	C:0927H            LINE#              1393
	C:0928H            LINE#              1398
	C:092AH            LINE#              1399
	C:092CH            LINE#              1401
	C:092EH            LINE#              1402
	C:0930H            LINE#              1403
	C:0933H            LINE#              1407
	C:0934H            LINE#              1408
	C:0935H            LINE#              1409
	C:0936H            LINE#              1410
	C:0937H            LINE#              1411
	C:0939H            LINE#              1412
L51 CODE BANKING LINKER/LOCATOR V4.08.03          10/05/118  12:42:30  PAGE 16

	C:093BH            LINE#              1413
	C:093EH            LINE#              1415
	C:0940H            LINE#              1416
	C:0942H            LINE#              1417
	C:0945H            LINE#              1421
	C:0946H            LINE#              1422
	C:0947H            LINE#              1423
	C:0948H            LINE#              1424
	C:0949H            LINE#              1425
	C:094BH            LINE#              1426
	C:094DH            LINE#              1427
	C:0950H            LINE#              1430
	C:0952H            LINE#              1431
	C:0954H            LINE#              1432
	C:0955H            LINE#              1435
	C:0957H            LINE#              1436
	C:0959H            LINE#              1438
	C:095BH            LINE#              1439
	C:095DH            LINE#              1441
	C:0960H            LINE#              1443
	C:0962H            LINE#              1444
	C:0965H            LINE#              1445
	C:0968H            LINE#              1446
	C:096BH            LINE#              1447
	C:096EH            LINE#              1449
	C:0970H            LINE#              1451
	C:0972H            LINE#              1452
	C:0974H            LINE#              1453
	C:0975H            LINE#              1456
	C:0977H            LINE#              1457
	C:0979H            LINE#              1459
	C:097BH            LINE#              1460
	C:097DH            LINE#              1462
	C:0980H            LINE#              1464
	C:0982H            LINE#              1465
	C:0985H            LINE#              1466
	C:0988H            LINE#              1467
	C:098BH            LINE#              1468
	C:098EH            LINE#              1470
	C:0990H            LINE#              1472
	C:0992H            LINE#              1473
	C:0994H            LINE#              1474
	C:0995H            LINE#              1477
	C:0997H            LINE#              1478
	C:0999H            LINE#              1479
	C:099AH            LINE#              1480
	C:099CH            LINE#              1482
	C:099EH            LINE#              1483
	C:09A0H            LINE#              1484
	C:09A2H            LINE#              1485
	C:09A4H            LINE#              1486
	C:09A6H            LINE#              1487
	C:09A8H            LINE#              1488
	C:09AAH            LINE#              1489
	C:09ACH            LINE#              1490
	C:09AEH            LINE#              1491
	C:09B0H            LINE#              1492
	C:09B2H            LINE#              1493
	C:09B4H            LINE#              1495
	C:09B6H            LINE#              1496
	C:09B8H            LINE#              1497
	C:09BAH            LINE#              1498
	C:09BCH            LINE#              1499
	C:09BDH            LINE#              1502
	C:09BFH            LINE#              1503
	C:09C1H            LINE#              1504
	C:09C2H            LINE#              1505
	C:09C4H            LINE#              1507
L51 CODE BANKING LINKER/LOCATOR V4.08.03          10/05/118  12:42:30  PAGE 17

	C:09C6H            LINE#              1508
	C:09C8H            LINE#              1509
	C:09CAH            LINE#              1510
	C:09CCH            LINE#              1511
	C:09CEH            LINE#              1512
	C:09D0H            LINE#              1513
	C:09D2H            LINE#              1514
	C:09D4H            LINE#              1515
	C:09D6H            LINE#              1516
	C:09D8H            LINE#              1517
	C:09DAH            LINE#              1518
	C:09DCH            LINE#              1520
	C:09DEH            LINE#              1521
	C:09E0H            LINE#              1522
	C:09E2H            LINE#              1523
	C:09E4H            LINE#              1524
	C:09E5H            LINE#              1528
	C:09E7H            LINE#              1529
	C:09E9H            LINE#              1530
	C:09EAH            LINE#              1531
	C:09ECH            LINE#              1533
	C:09EEH            LINE#              1535
	C:09F0H            LINE#              1538
	C:09F3H            LINE#              1541
	C:09F4H            LINE#              1542
	C:09F5H            LINE#              1543
	C:09F6H            LINE#              1544
	C:09F7H            LINE#              1546
	C:09F9H            LINE#              1547
	C:09FBH            LINE#              1548
	C:09FEH            LINE#              1550
	C:0A00H            LINE#              1552
	C:0A02H            LINE#              1555
	C:0A05H            LINE#              1556
	C:0A08H            LINE#              1557
	C:0A0BH            LINE#              1558
	C:0A0DH            LINE#              1559
	C:0A10H            LINE#              1560
	C:0A13H            LINE#              1563
	C:0A16H            LINE#              1565
	C:0A19H            LINE#              1567
	C:0A1AH            LINE#              1570
	C:0A1DH            LINE#              1572
	C:0A1FH            LINE#              1575
	C:0A21H            LINE#              1576
	C:0A22H            LINE#              1577
	C:0A24H            LINE#              1578
	C:0A26H            LINE#              1579
	C:0A27H            LINE#              1583
	C:0A29H            LINE#              1584
	C:0A2BH            LINE#              1585
	C:0A2CH            LINE#              1586
	C:0A2EH            LINE#              1591
	C:0A30H            LINE#              1592
	C:0A33H            LINE#              1593
	C:0A36H            LINE#              1595
	C:0A37H            LINE#              1599
	C:0A39H            LINE#              1601
	C:0A3AH            LINE#              1602
	C:0A3BH            LINE#              1603
	C:0A3CH            LINE#              1605
	C:0A3EH            LINE#              1607
	C:0A3FH            LINE#              1609
	C:0A41H            LINE#              1610
	C:0A43H            LINE#              1611
	C:0A46H            LINE#              1613
	C:0A48H            LINE#              1614
	C:0A49H            LINE#              1615
L51 CODE BANKING LINKER/LOCATOR V4.08.03          10/05/118  12:42:30  PAGE 18

	C:0A4BH            LINE#              1616
	C:0A4DH            LINE#              1617
	C:0A4EH            LINE#              1619
	C:0A50H            LINE#              1620
	C:0A51H            LINE#              1621
	C:0A53H            LINE#              1622
	C:0A55H            LINE#              1623
	C:0A56H            LINE#              1626
	C:0A58H            LINE#              1627
	C:0A5AH            LINE#              1628
	C:0A5BH            LINE#              1629
	C:0A5DH            LINE#              1634
	C:0A5FH            LINE#              1635
	C:0A62H            LINE#              1636
	C:0A65H            LINE#              1638
	C:0A66H            LINE#              1642
	C:0A68H            LINE#              1644
	C:0A69H            LINE#              1645
	C:0A6AH            LINE#              1646
	C:0A6BH            LINE#              1648
	C:0A6DH            LINE#              1650
	C:0A6EH            LINE#              1652
	C:0A70H            LINE#              1653
	C:0A72H            LINE#              1654
	C:0A75H            LINE#              1656
	C:0A77H            LINE#              1657
	C:0A78H            LINE#              1658
	C:0A7AH            LINE#              1659
	C:0A7CH            LINE#              1660
	C:0A7DH            LINE#              1662
	C:0A7FH            LINE#              1663
	C:0A80H            LINE#              1664
	C:0A82H            LINE#              1665
	C:0A84H            LINE#              1666
	C:0A85H            LINE#              1670
	C:0A87H            LINE#              1671
	C:0A89H            LINE#              1673
	C:0A8CH            LINE#              1674
	C:0A8FH            LINE#              1678
	C:0A92H            LINE#              1679
	C:0A94H            LINE#              1680
	C:0A96H            LINE#              1681
	C:0A98H            LINE#              1689
	C:0A9AH            LINE#              1690
	C:0A9CH            LINE#              1691
	C:0A9EH            LINE#              1692
	C:0AA0H            LINE#              1696
	C:0AA2H            LINE#              1697
	C:0AA4H            LINE#              1698
	C:0AA7H            LINE#              1702
	C:0AA9H            LINE#              1703
	C:0AABH            LINE#              1704
	C:0AACH            LINE#              1707
	C:0AAEH            LINE#              1708
	C:0AB0H            LINE#              1710
	C:0AB3H            LINE#              1711
	C:0AB6H            LINE#              1715
	C:0AB9H            LINE#              1716
	C:0ABBH            LINE#              1717
	C:0ABDH            LINE#              1718
	C:0ABFH            LINE#              1726
	C:0AC1H            LINE#              1727
	C:0AC3H            LINE#              1728
	C:0AC5H            LINE#              1729
	C:0AC7H            LINE#              1733
	C:0AC9H            LINE#              1734
	C:0ACBH            LINE#              1735
	C:0ACEH            LINE#              1739
L51 CODE BANKING LINKER/LOCATOR V4.08.03          10/05/118  12:42:30  PAGE 19

	C:0AD0H            LINE#              1740
	C:0AD2H            LINE#              1741
	C:0AD3H            LINE#              1744
	C:0AD5H            LINE#              1745
	C:0AD7H            LINE#              1747
	C:0ADAH            LINE#              1748
	C:0ADDH            LINE#              1752
	C:0ADFH            LINE#              1753
	C:0AE1H            LINE#              1754
	C:0AE3H            LINE#              1755
	C:0AE5H            LINE#              1757
	C:0AE7H            LINE#              1758
	C:0AE9H            LINE#              1759
	C:0AEBH            LINE#              1760
	C:0AEDH            LINE#              1763
	C:0AEFH            LINE#              1764
	C:0AF1H            LINE#              1765
	C:0AF4H            LINE#              1767
	C:0AF6H            LINE#              1768
	C:0AF8H            LINE#              1769
	C:0AF9H            LINE#              1772
	C:0AFBH            LINE#              1773
	C:0AFDH            LINE#              1774
	C:0AFEH            LINE#              1775
	C:0B00H            LINE#              1776
	C:0B01H            LINE#              1777
	C:0B03H            LINE#              1779
	C:0B05H            LINE#              1780
	C:0B06H            LINE#              1781
	C:0B08H            LINE#              1783
	C:0B09H            LINE#              1784
	C:0B0AH            LINE#              1785
	C:0B0BH            LINE#              1786
	C:0B0CH            LINE#              1788
	C:0B0DH            LINE#              1789
	C:0B0EH            LINE#              1790
	C:0B0FH            LINE#              1791
	C:0B10H            LINE#              1793
	C:0B11H            LINE#              1794
	C:0B12H            LINE#              1795
	C:0B13H            LINE#              1796
	C:0B14H            LINE#              1798
	C:0B15H            LINE#              1799
	C:0B16H            LINE#              1800
	C:0B17H            LINE#              1801
	C:0B18H            LINE#              1803
	C:0B19H            LINE#              1804
	C:0B1AH            LINE#              1805
	C:0B1BH            LINE#              1806
	C:0B1CH            LINE#              1808
	C:0B1DH            LINE#              1809
	C:0B1EH            LINE#              1810
	C:0B1FH            LINE#              1811
	C:0B20H            LINE#              1813
	C:0B22H            LINE#              1814
	C:0B23H            LINE#              1815
	C:0B25H            LINE#              1816
	C:0B26H            LINE#              1817
	C:0B28H            LINE#              1818
	C:0B2AH            LINE#              1819
	C:0B2BH            LINE#              1822
	C:0B2DH            LINE#              1823
	C:0B2FH            LINE#              1824
	C:0B30H            LINE#              1825
	C:0B32H            LINE#              1827
	C:0B34H            LINE#              1828
	C:0B36H            LINE#              1830
	C:0B38H            LINE#              1831
L51 CODE BANKING LINKER/LOCATOR V4.08.03          10/05/118  12:42:30  PAGE 20

	C:0B3AH            LINE#              1832
	C:0B3CH            LINE#              1833
	C:0B3EH            LINE#              1834
	C:0B3FH            LINE#              1837
	C:0B41H            LINE#              1838
	C:0B43H            LINE#              1840
	C:0B45H            LINE#              1842
	C:0B48H            LINE#              1843
	C:0B4BH            LINE#              1845
	C:0B4EH            LINE#              1847
	C:0B50H            LINE#              1849
	C:0B52H            LINE#              1850
	C:0B54H            LINE#              1851
	C:0B55H            LINE#              1855
	C:0B57H            LINE#              1856
	C:0B59H            LINE#              1859
	C:0B5BH            LINE#              1860
	C:0B5CH            LINE#              1861
	C:0B5EH            LINE#              1862
	C:0B60H            LINE#              1864
	C:0B63H            LINE#              1865
	C:0B65H            LINE#              1866
	C:0B66H            LINE#              1867
	C:0B68H            LINE#              1868
	C:0B6AH            LINE#              1870
	C:0B6CH            LINE#              1871
	C:0B6EH            LINE#              1872
	C:0B6FH            LINE#              1875
	C:0B71H            LINE#              1876
	C:0B73H            LINE#              1878
	C:0B75H            LINE#              1879
	C:0B78H            LINE#              1880
	C:0B7BH            LINE#              1881
	C:0B7DH            LINE#              1882
	C:0B7FH            LINE#              1883
	C:0B82H            LINE#              1884
	C:0B85H            LINE#              1885
	C:0B87H            LINE#              1887
	C:0B89H            LINE#              1888
	C:0B8BH            LINE#              1889
	C:0B8CH            LINE#              1893
	C:0B8EH            LINE#              1894
	C:0B90H            LINE#              1895
	C:0B92H            LINE#              1896
	C:0B94H            LINE#              1897
	C:0B96H            LINE#              1898
	C:0B98H            LINE#              1900
	C:0B9AH            LINE#              1901
	C:0B9CH            LINE#              1902
	C:0B9EH            LINE#              1903
	C:0BA0H            LINE#              1906
	C:0BA2H            LINE#              1907
	C:0BA4H            LINE#              1908
	C:0BA6H            LINE#              1909
	C:0BA8H            LINE#              1910
	C:0BAAH            LINE#              1911
	C:0BACH            LINE#              1912
	C:0BADH            LINE#              1915
	C:0BAFH            LINE#              1916
	C:0BB1H            LINE#              1918
	C:0BB3H            LINE#              1919
	C:0BB5H            LINE#              1921
	C:0BB7H            LINE#              1923
	C:0BB9H            LINE#              1924
	C:0BBBH            LINE#              1926
	C:0BBDH            LINE#              1929
	C:0BC0H            LINE#              1930
	C:0BC3H            LINE#              1933
L51 CODE BANKING LINKER/LOCATOR V4.08.03          10/05/118  12:42:30  PAGE 21

	C:0BC6H            LINE#              1934
	C:0BC9H            LINE#              1935
	C:0BCCH            LINE#              1938
	C:0BCEH            LINE#              1939
	C:0BD0H            LINE#              1940
	C:0BD1H            LINE#              1943
	C:0BD3H            LINE#              1944
	C:0BD5H            LINE#              1945
	C:0BD6H            LINE#              1946
	C:0BD8H            LINE#              1948
	C:0BDAH            LINE#              1949
	C:0BDBH            LINE#              1950
	C:0BDDH            LINE#              1951
	C:0BDFH            LINE#              1952
	C:0BE1H            LINE#              1953
	C:0BE2H            LINE#              1954
	C:0BE4H            LINE#              1955
	C:0BE6H            LINE#              1956
	C:0BE8H            LINE#              1957
	C:0BE9H            LINE#              1958
	C:0BEBH            LINE#              1959
	C:0BEDH            LINE#              1960
	C:0BEFH            LINE#              1963
	C:0BF2H            LINE#              1964
	C:0BF5H            LINE#              1965
	C:0BF8H            LINE#              1968
	C:0BFBH            LINE#              1969
	C:0BFEH            LINE#              1970
	C:0C01H            LINE#              1973
	C:0C04H            LINE#              1974
	C:0C07H            LINE#              1975
	C:0C0AH            LINE#              1978
	C:0C0CH            LINE#              1979
	C:0C0DH            LINE#              1980
	C:0C0FH            LINE#              1981
	C:0C11H            LINE#              1982
	C:0C13H            LINE#              1983
	C:0C14H            LINE#              1984
	C:0C16H            LINE#              1985
	C:0C18H            LINE#              1986
	C:0C1AH            LINE#              1987
	C:0C1BH            LINE#              1988
	C:0C1DH            LINE#              1989
	C:0C1FH            LINE#              1990
	C:0C21H            LINE#              1993
	C:0C24H            LINE#              1994
	C:0C27H            LINE#              1995
	C:0C2AH            LINE#              1998
	C:0C2DH            LINE#              1999
	C:0C30H            LINE#              2000
	C:0C33H            LINE#              2003
	C:0C36H            LINE#              2004
	C:0C39H            LINE#              2005
	C:0C3CH            LINE#              2011
	C:0C3EH            LINE#              2012
	C:0C3FH            LINE#              2013
	C:0C41H            LINE#              2014
	C:0C43H            LINE#              2015
	C:0C44H            LINE#              2019
	C:0C46H            LINE#              2020
	C:0C48H            LINE#              2021
	C:0C49H            LINE#              2022
	C:0C4BH            LINE#              2024
	C:0C4DH            LINE#              2025
	C:0C4EH            LINE#              2026
	C:0C50H            LINE#              2027
	C:0C52H            LINE#              2030
	C:0C55H            LINE#              2031
L51 CODE BANKING LINKER/LOCATOR V4.08.03          10/05/118  12:42:30  PAGE 22

	C:0C58H            LINE#              2033
	C:0C5BH            LINE#              2036
	C:0C5DH            LINE#              2037
	C:0C5EH            LINE#              2038
	C:0C60H            LINE#              2039
	C:0C62H            LINE#              2040
	C:0C64H            LINE#              2043
	C:0C67H            LINE#              2044
	C:0C6AH            LINE#              2046
	C:0C6DH            LINE#              2049
	C:0C6FH            LINE#              2050
	C:0C71H            LINE#              2051
	C:0C73H            LINE#              2052
	C:0C75H            LINE#              2053
	C:0C78H            LINE#              2055
	C:0C7AH            LINE#              2056
	C:0C7CH            LINE#              2057
	C:0C7EH            LINE#              2058
	C:0C80H            LINE#              2059
	C:0C82H            LINE#              2060
	C:0C84H            LINE#              2061
	C:0C86H            LINE#              2062
	C:0C88H            LINE#              2063
	C:0C8AH            LINE#              2064
	C:0C8CH            LINE#              2065
	C:0C8EH            LINE#              2066
	C:0C90H            LINE#              2067
	C:0C92H            LINE#              2068
	C:0C94H            LINE#              2069
	C:0C96H            LINE#              2070
	C:0C98H            LINE#              2071
	C:0C9AH            LINE#              2072
	C:0C9CH            LINE#              2073
	C:0C9EH            LINE#              2074
	C:0CA0H            LINE#              2075
	C:0CA2H            LINE#              2076
	C:0CA4H            LINE#              2077
	C:0CA6H            LINE#              2080
	C:0CA8H            LINE#              2081
	C:0CAAH            LINE#              2082
	C:0CACH            LINE#              2083
	C:0CAEH            LINE#              2084
	C:0CB1H            LINE#              2087
	C:0CB3H            LINE#              2088
	C:0CB5H            LINE#              2089
	C:0CB7H            LINE#              2090
	C:0CB9H            LINE#              2091
	C:0CBCH            LINE#              2094
	C:0CBEH            LINE#              2095
	C:0CC0H            LINE#              2096
	C:0CC2H            LINE#              2097
	C:0CC4H            LINE#              2098
	C:0CC7H            LINE#              2101
	C:0CC9H            LINE#              2102
	C:0CCBH            LINE#              2103
	C:0CCDH            LINE#              2104
	C:0CCFH            LINE#              2105
	C:0CD2H            LINE#              2108
	C:0CD4H            LINE#              2109
	C:0CD6H            LINE#              2110
	C:0CD8H            LINE#              2111
	C:0CDAH            LINE#              2112
	C:0CDDH            LINE#              2115
	C:0CDFH            LINE#              2116
	C:0CE1H            LINE#              2117
	C:0CE3H            LINE#              2118
	C:0CE5H            LINE#              2119
	C:0CE8H            LINE#              2122
L51 CODE BANKING LINKER/LOCATOR V4.08.03          10/05/118  12:42:30  PAGE 23

	C:0CEAH            LINE#              2123
	C:0CECH            LINE#              2124
	C:0CEEH            LINE#              2125
	C:0CF0H            LINE#              2126
	C:0CF3H            LINE#              2129
	C:0CF5H            LINE#              2130
	C:0CF7H            LINE#              2131
	C:0CF9H            LINE#              2132
	C:0CFBH            LINE#              2133
	C:0CFEH            LINE#              2136
	C:0D00H            LINE#              2137
	C:0D02H            LINE#              2138
	C:0D04H            LINE#              2139
	C:0D06H            LINE#              2140
	C:0D09H            LINE#              2142
	C:0D0BH            LINE#              2143
	C:0D0DH            LINE#              2144
	C:0D0FH            LINE#              2145
	C:0D11H            LINE#              2146
	C:0D13H            LINE#              2147
	C:0D15H            LINE#              2148
	C:0D17H            LINE#              2149
	C:0D19H            LINE#              2150
	C:0D1BH            LINE#              2151
	C:0D1DH            LINE#              2152
	C:0D1FH            LINE#              2153
	C:0D21H            LINE#              2154
	C:0D23H            LINE#              2155
	C:0D25H            LINE#              2156
	C:0D27H            LINE#              2157
	C:0D29H            LINE#              2158
	C:0D2BH            LINE#              2159
	C:0D2DH            LINE#              2160
	C:0D2FH            LINE#              2161
	C:0D31H            LINE#              2162
	C:0D33H            LINE#              2163
	C:0D35H            LINE#              2164
	C:0D37H            LINE#              2168
	C:0D39H            LINE#              2169
	C:0D3BH            LINE#              2170
	C:0D3DH            LINE#              2171
	C:0D40H            LINE#              2172
	C:0D43H            LINE#              2175
	C:0D45H            LINE#              2176
	C:0D47H            LINE#              2177
	C:0D49H            LINE#              2178
	C:0D4CH            LINE#              2179
	C:0D4FH            LINE#              2182
	C:0D51H            LINE#              2183
	C:0D53H            LINE#              2184
	C:0D55H            LINE#              2185
	C:0D58H            LINE#              2186
	C:0D5BH            LINE#              2189
	C:0D5DH            LINE#              2190
	C:0D5FH            LINE#              2191
	C:0D61H            LINE#              2192
	C:0D64H            LINE#              2193
	C:0D67H            LINE#              2196
	C:0D69H            LINE#              2198
	C:0D6CH            LINE#              2201
	C:0D6EH            LINE#              2203
	C:0D71H            LINE#              2206
	C:0D73H            LINE#              2207
	C:0D75H            LINE#              2208
	C:0D77H            LINE#              2209
	C:0D79H            LINE#              2210
	C:0D7CH            LINE#              2213
	C:0D7EH            LINE#              2214
L51 CODE BANKING LINKER/LOCATOR V4.08.03          10/05/118  12:42:30  PAGE 24

	C:0D80H            LINE#              2215
	C:0D82H            LINE#              2216
	C:0D84H            LINE#              2217
	C:0D87H            LINE#              2222
	C:0D89H            LINE#              2223
	C:0D8AH            LINE#              2224
	C:0D8CH            LINE#              2225
	C:0D8EH            LINE#              2226
	C:0D8FH            LINE#              2229
	C:0D91H            LINE#              2230
	C:0D93H            LINE#              2231
	C:0D95H            LINE#              2232
	C:0D97H            LINE#              2233
	C:0D98H            LINE#              2236
	C:0D9AH            LINE#              2237
	C:0D9BH            LINE#              2240
	C:0D9DH            LINE#              2241
	C:0D9EH            LINE#              2250
	C:0DA0H            LINE#              2251
	C:0DA2H            LINE#              2252
	C:0DA3H            LINE#              2253
	C:0DA5H            LINE#              2255
	C:0DA7H            LINE#              2256
	C:0DA8H            LINE#              2257
	C:0DAAH            LINE#              2258
	C:0DACH            LINE#              2259
	C:0DADH            LINE#              2260
	C:0DAFH            LINE#              2262
	C:0DB1H            LINE#              2263
	C:0DB2H            LINE#              2264
	C:0DB4H            LINE#              2265
	C:0DB6H            LINE#              2266
	C:0DB7H            LINE#              2270
	C:0DB9H            LINE#              2271
	C:0DBBH            LINE#              2272
	C:0DBCH            LINE#              2273
	C:0DBEH            LINE#              2275
	C:0DC0H            LINE#              2276
	C:0DC2H            LINE#              2277
	C:0DC4H            LINE#              2278
	C:0DC6H            LINE#              2279
	C:0DC8H            LINE#              2280
	C:0DCAH            LINE#              2281
	C:0DCCH            LINE#              2282
	C:0DCEH            LINE#              2283
	C:0DD0H            LINE#              2284
	C:0DD2H            LINE#              2285
	C:0DD4H            LINE#              2286
	C:0DD6H            LINE#              2288
	C:0DD8H            LINE#              2289
	C:0DDAH            LINE#              2290
	C:0DDCH            LINE#              2291
	C:0DDEH            LINE#              2292
	C:0DDFH            LINE#              2295
	C:0DE1H            LINE#              2296
	C:0DE3H            LINE#              2298
	C:0DE6H            LINE#              2299
	C:0DE9H            LINE#              2303
	C:0DEBH            LINE#              2304
	C:0DEDH            LINE#              2305
	C:0DEFH            LINE#              2306
	C:0DF1H            LINE#              2308
	C:0DF3H            LINE#              2309
	C:0DF5H            LINE#              2310
	C:0DF7H            LINE#              2311
	C:0DF9H            LINE#              2314
	C:0DFBH            LINE#              2315
	C:0DFDH            LINE#              2316
L51 CODE BANKING LINKER/LOCATOR V4.08.03          10/05/118  12:42:30  PAGE 25

	C:0E00H            LINE#              2318
	C:0E02H            LINE#              2319
	C:0E04H            LINE#              2320
	C:0E05H            LINE#              2323
	C:0E07H            LINE#              2324
	C:0E09H            LINE#              2325
	C:0E0CH            LINE#              2326
	C:0E0FH            LINE#              2328
	C:0E11H            LINE#              2329
	C:0E13H            LINE#              2330
	C:0E16H            LINE#              2331
	C:0E18H            LINE#              2332
	C:0E1AH            LINE#              2333
	C:0E1BH            LINE#              2336
	C:0E1DH            LINE#              2337
	C:0E1FH            LINE#              2339
	C:0E22H            LINE#              2341
	C:0E25H            LINE#              2342
	C:0E28H            LINE#              2343
	C:0E2BH            LINE#              2344
	C:0E2EH            LINE#              2351
	C:0E30H            LINE#              2352
	C:0E32H            LINE#              2353
	C:0E33H            LINE#              2355
	C:0E34H            LINE#              2356
	C:0E35H            LINE#              2357
	C:0E36H            LINE#              2358
	C:0E37H            LINE#              2359
	C:0E38H            LINE#              2360
	C:0E39H            LINE#              2361
	C:0E3AH            LINE#              2362
	C:0E3BH            LINE#              2363
	C:0E3CH            LINE#              2364
	C:0E3DH            LINE#              2365
	C:0E3EH            LINE#              2366
	C:0E3FH            LINE#              2367
	C:0E40H            LINE#              2368
	C:0E41H            LINE#              2369
	C:0E42H            LINE#              2370
	C:0E43H            LINE#              2371
	C:0E44H            LINE#              2372
	C:0E45H            LINE#              2373
	C:0E46H            LINE#              2374
	C:0E47H            LINE#              2375
	C:0E48H            LINE#              2376
	C:0E49H            LINE#              2377
	C:0E4AH            LINE#              2378
	C:0E4BH            LINE#              2379
	C:0E4CH            LINE#              2380
	C:0E4DH            LINE#              2381
	C:0E4EH            LINE#              2382
	C:0E4FH            LINE#              2383
	C:0E50H            LINE#              2384
	C:0E51H            LINE#              2385
	C:0E52H            LINE#              2386
	C:0E53H            LINE#              2387
	C:0E54H            LINE#              2388
	C:0E55H            LINE#              2389
	C:0E56H            LINE#              2390
	C:0E57H            LINE#              2391
	C:0E58H            LINE#              2392
	C:0E59H            LINE#              2393
	C:0E5AH            LINE#              2394
	C:0E5BH            LINE#              2395
	C:0E5CH            LINE#              2396
	C:0E5DH            LINE#              2397
	C:0E5EH            LINE#              2398
	C:0E5FH            LINE#              2399
L51 CODE BANKING LINKER/LOCATOR V4.08.03          10/05/118  12:42:30  PAGE 26

	C:0E60H            LINE#              2400
	C:0E61H            LINE#              2401
	C:0E62H            LINE#              2402
	C:0E63H            LINE#              2403
	C:0E64H            LINE#              2404
	C:0E65H            LINE#              2405
	C:0E66H            LINE#              2406
	C:0E67H            LINE#              2407
	C:0E68H            LINE#              2408
	C:0E69H            LINE#              2409
	C:0E6AH            LINE#              2410
	C:0E6BH            LINE#              2411
	C:0E6CH            LINE#              2412
	C:0E6DH            LINE#              2413
	C:0E6EH            LINE#              2414
	C:0E6FH            LINE#              2415
	C:0E70H            LINE#              2416
	C:0E71H            LINE#              2417
	C:0E72H            LINE#              2418
	C:0E73H            LINE#              2419
	C:0E74H            LINE#              2420
	C:0E75H            LINE#              2421
	C:0E76H            LINE#              2422
	C:0E77H            LINE#              2423
	C:0E78H            LINE#              2424
	C:0E79H            LINE#              2425
	C:0E7AH            LINE#              2426
	C:0E7BH            LINE#              2427
	C:0E7CH            LINE#              2428
	C:0E7DH            LINE#              2429
	C:0E7EH            LINE#              2430
	C:0E7FH            LINE#              2431
	C:0E80H            LINE#              2432
	C:0E81H            LINE#              2433
	C:0E82H            LINE#              2434
	C:0E83H            LINE#              2435
	C:0E84H            LINE#              2436
	C:0E85H            LINE#              2437
	C:0E86H            LINE#              2438
	C:0E87H            LINE#              2439
	C:0E88H            LINE#              2440
	C:0E89H            LINE#              2441
	C:0E8AH            LINE#              2442
	C:0E8BH            LINE#              2443
	C:0E8CH            LINE#              2444
	C:0E8DH            LINE#              2445
	C:0E8EH            LINE#              2446
	C:0E8FH            LINE#              2447
	C:0E90H            LINE#              2448
	C:0E91H            LINE#              2449
	C:0E92H            LINE#              2450
	C:0E93H            LINE#              2451
	C:0E94H            LINE#              2452
	C:0E95H            LINE#              2453
	C:0E96H            LINE#              2454
	C:0E97H            LINE#              2455
	C:0E98H            LINE#              2456
	C:0E99H            LINE#              2457
	C:0E9AH            LINE#              2458
	C:0E9BH            LINE#              2459
	C:0E9CH            LINE#              2460
	C:0E9DH            LINE#              2461
	C:0E9EH            LINE#              2462
	C:0E9FH            LINE#              2463
	C:0EA0H            LINE#              2464
	C:0EA1H            LINE#              2465
	C:0EA2H            LINE#              2466
	C:0EA3H            LINE#              2467
L51 CODE BANKING LINKER/LOCATOR V4.08.03          10/05/118  12:42:30  PAGE 27

	C:0EA4H            LINE#              2468
	C:0EA5H            LINE#              2469
	C:0EA6H            LINE#              2470
	C:0EA7H            LINE#              2471
	C:0EA8H            LINE#              2472
	C:0EA9H            LINE#              2473
	C:0EAAH            LINE#              2474
	C:0EABH            LINE#              2475
	C:0EACH            LINE#              2476
	C:0EADH            LINE#              2477
	C:0EAEH            LINE#              2478
	C:0EAFH            LINE#              2479
	C:0EB0H            LINE#              2480
	C:0EB1H            LINE#              2481
	C:0EB2H            LINE#              2482
	C:0EB3H            LINE#              2483
	C:0EB4H            LINE#              2484
	C:0EB5H            LINE#              2485
	C:0EB6H            LINE#              2486
	C:0EB7H            LINE#              2487
	C:0EB8H            LINE#              2488
	C:0EB9H            LINE#              2489
	C:0EBAH            LINE#              2490
	C:0EBBH            LINE#              2491
	C:0EBCH            LINE#              2492
	C:0EBDH            LINE#              2493
	C:0EBEH            LINE#              2494
	C:0EBFH            LINE#              2495
	C:0EC0H            LINE#              2496
	C:0EC1H            LINE#              2497
	C:0EC2H            LINE#              2498
	C:0EC3H            LINE#              2499
	C:0EC4H            LINE#              2500
	C:0EC5H            LINE#              2501
	C:0EC6H            LINE#              2502
	C:0EC7H            LINE#              2503
	C:0EC8H            LINE#              2504
	C:0EC9H            LINE#              2505
	C:0ECAH            LINE#              2506
	C:0ECBH            LINE#              2507
	C:0ECCH            LINE#              2508
	C:0ECDH            LINE#              2509
	C:0ECEH            LINE#              2510
	C:0ECFH            LINE#              2511
	C:0ED0H            LINE#              2512
	C:0ED1H            LINE#              2513
	C:0ED2H            LINE#              2514
	C:0ED3H            LINE#              2515
	C:0ED4H            LINE#              2516
	C:0ED5H            LINE#              2517
	C:0ED6H            LINE#              2518
	C:0ED7H            LINE#              2519
	C:0ED8H            LINE#              2520
	C:0ED9H            LINE#              2521
	C:0EDAH            LINE#              2522
	C:0EDBH            LINE#              2523
	C:0EDCH            LINE#              2524
	C:0EDDH            LINE#              2525
	C:0EDEH            LINE#              2526
	C:0EDFH            LINE#              2527
	C:0EE0H            LINE#              2528
	C:0EE1H            LINE#              2529
	C:0EE2H            LINE#              2530
	C:0EE3H            LINE#              2531
	C:0EE4H            LINE#              2532
	C:0EE5H            LINE#              2533
	C:0EE6H            LINE#              2534
	C:0EE7H            LINE#              2535
L51 CODE BANKING LINKER/LOCATOR V4.08.03          10/05/118  12:42:30  PAGE 28

	C:0EE8H            LINE#              2536
	C:0EE9H            LINE#              2537
	C:0EEAH            LINE#              2538
	C:0EEBH            LINE#              2539
	C:0EECH            LINE#              2540
	C:0EEDH            LINE#              2541
	C:0EEEH            LINE#              2542
	C:0EEFH            LINE#              2543
	C:0EF0H            LINE#              2544
	C:0EF1H            LINE#              2545
	C:0EF2H            LINE#              2546
	C:0EF3H            LINE#              2547
	C:0EF4H            LINE#              2548
	C:0EF5H            LINE#              2549
	C:0EF6H            LINE#              2550
	C:0EF7H            LINE#              2551
	C:0EF8H            LINE#              2552
	C:0EF9H            LINE#              2553
	C:0EFAH            LINE#              2554
	C:0EFBH            LINE#              2555
	C:0EFCH            LINE#              2556
	C:0EFDH            LINE#              2557
	C:0EFEH            LINE#              2558
	C:0EFFH            LINE#              2559
	C:0F00H            LINE#              2560
	C:0F01H            LINE#              2561
	C:0F02H            LINE#              2562
	C:0F03H            LINE#              2563
	C:0F04H            LINE#              2564
	C:0F05H            LINE#              2565
	C:0F06H            LINE#              2566
	C:0F07H            LINE#              2567
	C:0F08H            LINE#              2568
	C:0F09H            LINE#              2569
	C:0F0AH            LINE#              2570
	C:0F0BH            LINE#              2571
	C:0F0CH            LINE#              2572
	C:0F0DH            LINE#              2573
	C:0F0EH            LINE#              2574
	C:0F0FH            LINE#              2575
	C:0F10H            LINE#              2576
	C:0F11H            LINE#              2577
	C:0F12H            LINE#              2578
	C:0F13H            LINE#              2579
	C:0F14H            LINE#              2580
	C:0F15H            LINE#              2581
	C:0F16H            LINE#              2582
	C:0F17H            LINE#              2583
	C:0F18H            LINE#              2584
	C:0F19H            LINE#              2585
	C:0F1AH            LINE#              2586
	C:0F1BH            LINE#              2587
	C:0F1CH            LINE#              2588
	C:0F1DH            LINE#              2589
	C:0F1EH            LINE#              2590
	C:0F1FH            LINE#              2591
	C:0F20H            LINE#              2592
	C:0F21H            LINE#              2593
	C:0F22H            LINE#              2594
	C:0F23H            LINE#              2595
	C:0F24H            LINE#              2596
	C:0F25H            LINE#              2597
	C:0F26H            LINE#              2598
	C:0F27H            LINE#              2599
	-------            ENDMOD             PIPORT6

LINK/LOCATE RUN COMPLETE,  NO ERROR FOUND.