L51 CODE BANKING LINKER/LOCATOR V4.08.03        09/15/117  15:20:17  PAGE  1
WIN32 L51 CODE BANKING LINKER/LOCATOR V4.08.03,  INVOKED BY:
L51.EXE C:\Documents and Settings\administrador\My Documents\piport\Firmware\&
piport5.OBJ  to  C:\Documents and Settings\administrador\My Documents\piport\&
Firmware\piport5.ABS PR(C:\Documents and Settings\administrador\My Documents\&
piport\Firmware\piport5.M51) PW(80) RS(128) ix 


INPUT MODULES INCLUDED
  C:\DOCUMENTS AND SETTINGS\ADMINISTRADOR\MY DOCUMENTS\PIPORT\FIRMWARE\PIPORT5.&
OBJ(PIPORT5)


LINK MAP OF MODULE: C:\DOCUMENTS AND SETTINGS\ADMINISTRADOR\MY DOCUMENTS\PIPORT&
\FIRMWARE\PIPORT5.ABS (PIPORT5)

    TYPE     BASE       LENGTH    RELOCATION     SEGMENT NAME
    ----     ----       ------    ----------     ------------

    * * * * * * *   DATA          M E M O R Y   * * * * * * *
    REG      0000H      0008H     ABSOLUTE       "REG BANK 0"

    * * * * * * *   CODE          M E M O R Y   * * * * * * *
    CODE     0000H      0003H     ABSOLUTE       
    CODE     0003H      0003H     ABSOLUTE       
             0006H      0005H                    *** GAP ***
    CODE     000BH      0003H     ABSOLUTE       
             000EH      0015H                    *** GAP ***
    CODE     0023H      0003H     ABSOLUTE       
             0026H      005AH                    *** GAP ***
    CODE     0080H      000EH     ABSOLUTE       
    CODE     008EH      0001H     ABSOLUTE       
    CODE     008FH      0001H     ABSOLUTE       
    CODE     0090H      000EH     ABSOLUTE       
    CODE     009EH      0001H     ABSOLUTE       
    CODE     009FH      0001H     ABSOLUTE       
             00A0H      0010H                    *** GAP ***
    CODE     00B0H      0006H     ABSOLUTE       
             00B6H      000AH                    *** GAP ***
    CODE     00C0H      0010H     ABSOLUTE       
             00D0H      0230H                    *** GAP ***
    CODE     0300H      08F8H     ABSOLUTE       

EXECUTABLE SUMMARY:
-------------------
    Total INTERNAL storage requirement:  0008H (8)
    Total EXTERNAL storage requirement:  0000H (0)
    Total   CODE   storage requirement:  093AH (2362)
Note:  Summary does not include dynamic stack requirements


REFERENCE MAP OF MODULE: C:\DOCUMENTS AND SETTINGS\ADMINISTRADOR\MY DOCUMENTS\P&
IPORT\FIRMWARE\PIPORT5.ABS (PIPORT5)

SEGMENT
   +-->CALLED SEGMENT
---------------------

SYMBOL TABLE FOR C:\DOCUMENTS AND SETTINGS\ADMINISTRADOR\MY DOCUMENTS\PIPORT\FI&
RMWARE\PIPORT5.ABS(PIPORT5)
-------------------------------------------------------------------------------&
----------------------------

    VALUE              TYPE               NAME
    -----              ----               ----

	-------            MODULE             PIPORT5
	C:064EH            SYMBOL             TIPO22
	C:05A6H            SYMBOL             ESPERA
	C:0433H            SYMBOL             ES_COIN
L51 CODE BANKING LINKER/LOCATOR V4.08.03          09/15/117  15:20:17  PAGE  2

	C:00C0H            SYMBOL             SERIAL
	C:083BH            SYMBOL             SIGUE_ACOMODA1
	C:081EH            SYMBOL             ACOMODAR_CADENA
	C:05A2H            SYMBOL             LAZO_TX
	C:056CH            SYMBOL             LRC
	C:04C5H            SYMBOL             INTE1
	B:00A4H            SYMBOL             LLED
	C:0956H            SYMBOL             GIRA_INI
	C:064BH            SYMBOL             TIPO33
	C:07A1H            SYMBOL             ROTAR_CADENA
	C:0546H            SYMBOL             FIN_TIBH
	C:05C8H            SYMBOL             INI_VAR_READ
	C:0876H            SYMBOL             LAZO_RGB_LED
	C:0648H            SYMBOL             TIPO44
	C:04B9H            SYMBOL             ERROR_INT0
	C:051CH            SYMBOL             FIN_SERIE1
	C:0463H            SYMBOL             ES_SALIDA
	C:0457H            SYMBOL             ES_TIEMPO
	C:0593H            SYMBOL             ENVIAR
	C:0090H            SYMBOL             START_SEN2
	C:0AE7H            SYMBOL             PAGO_DIS
	C:0A99H            SYMBOL             SETEO_PAGO
	C:09F9H            SYMBOL             RETA_155
	C:07F6H            SYMBOL             SIGUE_GC
	C:060CH            SYMBOL             ERROROINV
	C:094CH            SYMBOL             GIRAR1
	C:0448H            SYMBOL             ES_DES_TTL
	C:0A4DH            SYMBOL             INI_PAGO
	C:0967H            SYMBOL             FILL
	C:06B9H            SYMBOL             RUT_RET_C
	C:05EEH            SYMBOL             NO_LEA_CARD
	C:0549H            SYMBOL             FIN_TIBL
	C:04EEH            SYMBOL             RXON
	C:0ACBH            SYMBOL             FIN_SET
	C:08E6H            SYMBOL             STARTROJO
	C:045DH            SYMBOL             ES_HAB_PAGO
	C:043CH            SYMBOL             ES_GIRO
	C:0856H            SYMBOL             LAZO_INI_LED
	C:0514H            SYMBOL             TXON
	C:0A0FH            SYMBOL             F_TKE
	B:00A1H            SYMBOL             PULSO_TKOUT
	B:00A0H            SYMBOL             COIN
	C:0B39H            SYMBOL             S_D_5_A
	C:065DH            SYMBOL             ERROR
	C:0365H            SYMBOL             LOOP_1
	C:0BB4H            SYMBOL             E_D_TKE_A
	C:0B44H            SYMBOL             S_D_5_B
	C:057AH            SYMBOL             LOOP1
	C:03D5H            SYMBOL             PAYING_TKE
	B:0092H            SYMBOL             CTRL_A_IN
	C:0BE4H            SYMBOL             E_D_TKF_A
	C:0BC0H            SYMBOL             E_D_TKE_B
	C:0779H            SYMBOL             SIGUE_PERMUTAR
	C:0499H            SYMBOL             BUFFER_FULL
	C:04BCH            SYMBOL             FIN_INTE
	C:0483H            SYMBOL             SIGUE_INTE
	C:0469H            SYMBOL             ES_CTRL
	C:03DEH            SYMBOL             CHEKA_P_B
	C:03B5H            SYMBOL             ENVIAR_CAD
	B:0093H            SYMBOL             CTRL_B_IN
	B:0090H            SYMBOL             CTRL_A_OUT
	C:0BE7H            SYMBOL             E_D_TKF_B
	C:0AC2H            SYMBOL             PAGO_CORTO
	C:0985H            SYMBOL             ROTA_FILL1
	C:062AH            SYMBOL             TIPO1
	C:0A60H            SYMBOL             SETEO_TIEMPO
	C:08B3H            SYMBOL             CARGA_VERDE_CIAN
	C:088BH            SYMBOL             CARGA_BRG_FUEGO
L51 CODE BANKING LINKER/LOCATOR V4.08.03          09/15/117  15:20:17  PAGE  3

	C:06E4H            SYMBOL             INI_TIEMPO
	B:0091H            SYMBOL             CTRL_B_OUT
	C:0B65H            SYMBOL             S_H_5_A
	C:0BF0H            SYMBOL             FIN_SET_PAGO
	C:08F6H            SYMBOL             SIGUE_R
	C:0630H            SYMBOL             TIPO2
	C:0A2CH            SYMBOL             TIEMPO
	C:09DFH            SYMBOL             F_COIN
	C:009EH            SYMBOL             END_SEN2
	C:0BCCH            SYMBOL             E_H_TKE_A
	C:0B70H            SYMBOL             S_H_5_B
	C:0AB0H            SYMBOL             PAGO_NORMAL
	C:0A90H            SYMBOL             COIN_CORTO
	C:08E9H            SYMBOL             LAZO_ROJO
	C:0754H            SYMBOL             LOOP_SUMA
	C:069CH            SYMBOL             NO_ERROR_FINAL
	C:0636H            SYMBOL             TIPO3
	C:06DEH            SYMBOL             DES_TTL
	C:086BH            SYMBOL             RGB_LED
	B:00A2H            SYMBOL             DATALED
	B:00A3H            SYMBOL             CLKLED
	C:0BEAH            SYMBOL             E_H_TKF_A
	C:0BD8H            SYMBOL             E_H_TKE_B
	C:0A3AH            SYMBOL             SAL0
	C:0829H            SYMBOL             SIGUE_ACOMODA
	C:07E7H            SYMBOL             GIRAR_CADENA
	C:063CH            SYMBOL             TIPO4
	C:0615H            SYMBOL             PRUEBA1
	C:0472H            SYMBOL             INTE
	C:0BEDH            SYMBOL             E_H_TKF_B
	C:0A7EH            SYMBOL             COIN_NORMAL
	C:0A3CH            SYMBOL             SAL1
	C:07B0H            SYMBOL             SIGUE_RC
	C:066AH            SYMBOL             ERROR_CAD
	C:0642H            SYMBOL             TIPO5
	C:061BH            SYMBOL             PRUEBA2
	C:0564H            SYMBOL             FIN_TETH
	C:0527H            SYMBOL             TIMER0
	C:08F4H            SYMBOL             UNO
	C:066DH            SYMBOL             FIN_VERI
	C:0621H            SYMBOL             PRUEBA3
	C:0549H            SYMBOL             NO_INTERBYTE
	C:0AD3H            SYMBOL             SET_PAGO
	C:03ACH            SYMBOL             VERIFICA_DIRECTO
	C:008FH            SYMBOL             LRC1
	C:097DH            SYMBOL             GIRA_INI1
	C:0699H            SYMBOL             ERROR_FINAL
	C:0627H            SYMBOL             PRUEBA4
	C:04A7H            SYMBOL             FIN_F1
	C:009FH            SYMBOL             LRC2
	C:0080H            SYMBOL             START_SEN
	B:00B2H            SYMBOL             CARD_CLK
	B:0097H            SYMBOL             CARD_DATA
	C:0B7BH            SYMBOL             ENTRADA_CHK
	C:0519H            SYMBOL             FIN_SERIE
	C:04BCH            SYMBOL             SIGUE_F2
	C:04BCH            SYMBOL             FIN_F2
	C:08DBH            SYMBOL             BUFFER_FILL_LED
	C:03F2H            SYMBOL             CHK_ENTRADA
	C:038BH            SYMBOL             SW1_PRES
	C:084BH            SYMBOL             INI_LED
	B:0089H            SYMBOL             FLAG_INT0
	C:076DH            SYMBOL             F_PERMUTAR
	C:0567H            SYMBOL             FIN_TETL
	C:044EH            SYMBOL             ES_GIRO_N
	C:0442H            SYMBOL             ES_HAB_TTL
	C:0382H            SYMBOL             SW_TX
	C:0376H            SYMBOL             SW2_PRES
L51 CODE BANKING LINKER/LOCATOR V4.08.03          09/15/117  15:20:17  PAGE  4

	C:0973H            SYMBOL             GIRAR
	B:0094H            SYMBOL             IN_INH
	B:008BH            SYMBOL             FLAG_INT1
	C:0689H            SYMBOL             MIRAR_CADENA
	C:042AH            SYMBOL             ES_COLOR
	C:03CDH            SYMBOL             FIN_LOOP
	C:05F3H            SYMBOL             VERIFICAR_CADENA
	B:00B7H            SYMBOL             OUT_INH
	C:0B23H            SYMBOL             S_D_12_A
	C:09F5H            SYMBOL             RETARDO_XXXMS
	C:098DH            SYMBOL             FILL1
	C:0731H            SYMBOL             LOOP_MEM
	C:06BBH            SYMBOL             RUT_RET1_C
	C:09CBH            SYMBOL             CHAIN_CHK
	C:06A5H            SYMBOL             RETARDO_0XMS
	C:04DDH            SYMBOL             SERIE
	C:0300H            SYMBOL             PIPO
	C:0B2EH            SYMBOL             S_D_12_B
	C:0AE1H            SYMBOL             PAGO_EN
	C:06BDH            SYMBOL             RUT_RET2_C
	C:051EH            SYMBOL             FIN_FIN
	C:0746H            SYMBOL             SUMA30
	C:0371H            SYMBOL             LAZ2
	C:092DH            SYMBOL             SIGUE_RL
	C:0999H            SYMBOL             CP_CAD
	C:039CH            SYMBOL             READING
	C:0357H            SYMBOL             LOOP
	B:0095H            SYMBOL             CARD_PRESENT
	C:0AB9H            SYMBOL             PAGO_LARGO
	C:00B0H            SYMBOL             BRG
	B:00B4H            SYMBOL             SW1
	C:0B4FH            SYMBOL             S_H_12_A
	C:0ACBH            SYMBOL             FIN_SETEO
	C:095FH            SYMBOL             ROTA_FILL
	C:091DH            SYMBOL             ROTAR_LED
	C:0567H            SYMBOL             NO_T_EXPIRE
	C:03E3H            SYMBOL             PAYING_TKE1
	C:03B2H            SYMBOL             VERIFICA_INVERTIDO
	C:008EH            SYMBOL             END_SEN
	B:00B3H            SYMBOL             ACTIVE
	B:00B5H            SYMBOL             SW2
	C:0B5AH            SYMBOL             S_H_12_B
	C:0A87H            SYMBOL             COIN_LARGO
	C:04D6H            SYMBOL             FIN_INTE1
	C:0651H            SYMBOL             TIPO11
	C:03E6H            SYMBOL             PAY_CTRL
	C:06D6H            SYMBOL             HAB_TTL
	C:0723H            SYMBOL             INI_MEM
	C:0676H            SYMBOL             VERIFICAR_CADENA_FINAL
	C:0000H            LINE#              2
	C:0003H            LINE#              4
	C:000BH            LINE#              8
	C:0023H            LINE#              12
	C:0300H            LINE#              134
	C:0302H            LINE#              137
	C:0304H            LINE#              138
	C:0306H            LINE#              139
	C:0308H            LINE#              140
	C:030AH            LINE#              144
	C:030DH            LINE#              145
	C:0310H            LINE#              146
	C:0313H            LINE#              147
	C:0315H            LINE#              148
	C:0317H            LINE#              149
	C:0319H            LINE#              154
	C:031BH            LINE#              155
	C:031DH            LINE#              156
	C:031FH            LINE#              157
L51 CODE BANKING LINKER/LOCATOR V4.08.03          09/15/117  15:20:17  PAGE  5

	C:0321H            LINE#              158
	C:0323H            LINE#              159
	C:0326H            LINE#              160
	C:0329H            LINE#              161
	C:032CH            LINE#              163
	C:032EH            LINE#              164
	C:0330H            LINE#              170
	C:0333H            LINE#              171
	C:0336H            LINE#              172
	C:0339H            LINE#              173
	C:033CH            LINE#              174
	C:033FH            LINE#              176
	C:0342H            LINE#              178
	C:0345H            LINE#              179
	C:0348H            LINE#              180
	C:034BH            LINE#              181
	C:034EH            LINE#              183
	C:0351H            LINE#              184
	C:0354H            LINE#              185
	C:0357H            LINE#              189
	C:035AH            LINE#              190
	C:035DH            LINE#              194
	C:035FH            LINE#              195
	C:0361H            LINE#              199
	C:0363H            LINE#              200
	C:0365H            LINE#              202
	C:0367H            LINE#              203
	C:0369H            LINE#              204
	C:036CH            LINE#              205
	C:036FH            LINE#              210
	C:0371H            LINE#              214
	C:0373H            LINE#              215
	C:0376H            LINE#              218
	C:0379H            LINE#              219
	C:037CH            LINE#              220
	C:037FH            LINE#              221
	C:0382H            LINE#              223
	C:0384H            LINE#              224
	C:0386H            LINE#              225
	C:0389H            LINE#              226
	C:038BH            LINE#              229
	C:038EH            LINE#              230
	C:0391H            LINE#              231
	C:0394H            LINE#              232
	C:0397H            LINE#              233
	C:039AH            LINE#              234
	C:039CH            LINE#              239
	C:039FH            LINE#              241
	C:03A1H            LINE#              242
	C:03A4H            LINE#              246
	C:03A6H            LINE#              247
	C:03A9H            LINE#              248
	C:03ACH            LINE#              250
	C:03AFH            LINE#              251
	C:03B2H            LINE#              253
	C:03B5H            LINE#              255
	C:03B8H            LINE#              256
	C:03BBH            LINE#              257
	C:03BDH            LINE#              258
	C:03BFH            LINE#              259
	C:03C2H            LINE#              261
	C:03C5H            LINE#              262
	C:03C8H            LINE#              263
	C:03CBH            LINE#              264
	C:03CDH            LINE#              267
	C:03D0H            LINE#              268
	C:03D3H            LINE#              269
	C:03D5H            LINE#              272
L51 CODE BANKING LINKER/LOCATOR V4.08.03          09/15/117  15:20:17  PAGE  6

	C:03D7H            LINE#              273
	C:03D9H            LINE#              274
	C:03DCH            LINE#              275
	C:03DEH            LINE#              277
	C:03E1H            LINE#              278
	C:03E3H            LINE#              282
	C:03E6H            LINE#              284
	C:03E8H            LINE#              285
	C:03EAH            LINE#              286
	C:03EDH            LINE#              291
	C:03F0H            LINE#              292
	C:03F2H            LINE#              295
	C:03F5H            LINE#              297
	C:03F7H            LINE#              298
	C:03F9H            LINE#              299
	C:03FBH            LINE#              301
	C:03FDH            LINE#              302
	C:03FFH            LINE#              303
	C:0401H            LINE#              305
	C:0403H            LINE#              306
	C:0405H            LINE#              307
	C:0407H            LINE#              309
	C:0409H            LINE#              310
	C:040BH            LINE#              311
	C:040DH            LINE#              313
	C:040FH            LINE#              314
	C:0411H            LINE#              315
	C:0413H            LINE#              317
	C:0415H            LINE#              318
	C:0417H            LINE#              319
	C:0419H            LINE#              321
	C:041BH            LINE#              322
	C:041DH            LINE#              323
	C:041FH            LINE#              325
	C:0421H            LINE#              326
	C:0423H            LINE#              327
	C:0425H            LINE#              329
	C:0428H            LINE#              330
	C:042AH            LINE#              333
	C:042DH            LINE#              334
	C:0430H            LINE#              335
	C:0433H            LINE#              337
	C:0436H            LINE#              338
	C:0439H            LINE#              339
	C:043CH            LINE#              341
	C:043FH            LINE#              342
	C:0442H            LINE#              344
	C:0445H            LINE#              345
	C:0448H            LINE#              347
	C:044BH            LINE#              348
	C:044EH            LINE#              350
	C:0451H            LINE#              351
	C:0454H            LINE#              352
	C:0457H            LINE#              354
	C:045AH            LINE#              355
	C:045DH            LINE#              357
	C:0460H            LINE#              358
	C:0463H            LINE#              361
	C:0466H            LINE#              362
	C:0469H            LINE#              364
	C:046BH            LINE#              365
	C:046DH            LINE#              366
	C:0470H            LINE#              367
	C:0472H            LINE#              371
	C:0474H            LINE#              372
	C:0476H            LINE#              373
	C:0477H            LINE#              374
	C:0479H            LINE#              376
L51 CODE BANKING LINKER/LOCATOR V4.08.03          09/15/117  15:20:17  PAGE  7

	C:047BH            LINE#              377
	C:047DH            LINE#              378
	C:0480H            LINE#              379
	C:0483H            LINE#              383
	C:0486H            LINE#              384
	C:0488H            LINE#              385
	C:0489H            LINE#              386
	C:048AH            LINE#              387
	C:048DH            LINE#              388
	C:0490H            LINE#              389
	C:0492H            LINE#              390
	C:0494H            LINE#              391
	C:0496H            LINE#              393
	C:0499H            LINE#              395
	C:049CH            LINE#              396
	C:049DH            LINE#              397
	C:049EH            LINE#              398
	C:049FH            LINE#              399
	C:04A1H            LINE#              400
	C:04A4H            LINE#              402
	C:04A7H            LINE#              407
	C:04A9H            LINE#              408
	C:04ABH            LINE#              409
	C:04ACH            LINE#              410
	C:04AEH            LINE#              411
	C:04B0H            LINE#              415
	C:04B2H            LINE#              416
	C:04B4H            LINE#              417
	C:04B6H            LINE#              418
	C:04B9H            LINE#              420
	C:04BCH            LINE#              428
	C:04BEH            LINE#              429
	C:04C0H            LINE#              430
	C:04C2H            LINE#              431
	C:04C4H            LINE#              432
	C:04C5H            LINE#              437
	C:04C7H            LINE#              438
	C:04C9H            LINE#              439
	C:04CBH            LINE#              440
	C:04CEH            LINE#              441
	C:04D1H            LINE#              447
	C:04D4H            LINE#              448
	C:04D6H            LINE#              460
	C:04D8H            LINE#              461
	C:04DAH            LINE#              462
	C:04DCH            LINE#              463
	C:04DDH            LINE#              467
	C:04DFH            LINE#              468
	C:04E1H            LINE#              469
	C:04E3H            LINE#              470
	C:04E5H            LINE#              472
	C:04E8H            LINE#              473
	C:04EBH            LINE#              474
	C:04EEH            LINE#              476
	C:04F0H            LINE#              477
	C:04F2H            LINE#              479
	C:04F4H            LINE#              481
	C:04F7H            LINE#              482
	C:04F9H            LINE#              483
	C:04FBH            LINE#              485
	C:04FEH            LINE#              489
	C:0500H            LINE#              491
	C:0502H            LINE#              493
	C:0504H            LINE#              495
	C:0507H            LINE#              497
	C:050AH            LINE#              498
	C:050DH            LINE#              499
	C:050FH            LINE#              501
L51 CODE BANKING LINKER/LOCATOR V4.08.03          09/15/117  15:20:17  PAGE  8

	C:0511H            LINE#              502
	C:0514H            LINE#              504
	C:0517H            LINE#              505
	C:0519H            LINE#              507
	C:051CH            LINE#              510
	C:051EH            LINE#              513
	C:0520H            LINE#              514
	C:0522H            LINE#              515
	C:0524H            LINE#              516
	C:0526H            LINE#              517
	C:0527H            LINE#              521
	C:0529H            LINE#              522
	C:052BH            LINE#              524
	C:052DH            LINE#              525
	C:052FH            LINE#              526
	C:0531H            LINE#              527
	C:0532H            LINE#              528
	C:0534H            LINE#              529
	C:0536H            LINE#              530
	C:0538H            LINE#              531
	C:0539H            LINE#              532
	C:053BH            LINE#              533
	C:053DH            LINE#              534
	C:0540H            LINE#              535
	C:0543H            LINE#              536
	C:0546H            LINE#              538
	C:0549H            LINE#              544
	C:054BH            LINE#              545
	C:054DH            LINE#              546
	C:054FH            LINE#              547
	C:0550H            LINE#              548
	C:0552H            LINE#              549
	C:0554H            LINE#              550
	C:0556H            LINE#              551
	C:0557H            LINE#              552
	C:0559H            LINE#              553
	C:055BH            LINE#              554
	C:055EH            LINE#              555
	C:0561H            LINE#              556
	C:0564H            LINE#              559
	C:0567H            LINE#              565
	C:0569H            LINE#              566
	C:056BH            LINE#              567
	C:056CH            LINE#              646
	C:056EH            LINE#              647
	C:0570H            LINE#              648
	C:0571H            LINE#              649
	C:0573H            LINE#              650
	C:0574H            LINE#              651
	C:0576H            LINE#              654
	C:0578H            LINE#              655
	C:057AH            LINE#              659
	C:057BH            LINE#              660
	C:057DH            LINE#              661
	C:057EH            LINE#              662
	C:057FH            LINE#              663
	C:0580H            LINE#              664
	C:0581H            LINE#              665
	C:0584H            LINE#              666
	C:0586H            LINE#              668
	C:0588H            LINE#              669
	C:058AH            LINE#              670
	C:058CH            LINE#              671
	C:058EH            LINE#              672
	C:0590H            LINE#              673
	C:0592H            LINE#              674
	C:0593H            LINE#              682
	C:0595H            LINE#              683
L51 CODE BANKING LINKER/LOCATOR V4.08.03          09/15/117  15:20:17  PAGE  9

	C:0597H            LINE#              684
	C:0598H            LINE#              685
	C:059AH            LINE#              688
	C:059DH            LINE#              689
	C:059FH            LINE#              692
	C:05A2H            LINE#              695
	C:05A3H            LINE#              696
	C:05A5H            LINE#              697
	C:05A6H            LINE#              700
	C:05A8H            LINE#              701
	C:05AAH            LINE#              703
	C:05ADH            LINE#              704
	C:05B0H            LINE#              705
	C:05B3H            LINE#              706
	C:05B6H            LINE#              707
	C:05B9H            LINE#              711
	C:05BCH            LINE#              719
	C:05BFH            LINE#              721
	C:05C1H            LINE#              722
	C:05C3H            LINE#              723
	C:05C5H            LINE#              724
	C:05C7H            LINE#              725
	C:05C8H            LINE#              728
	C:05CAH            LINE#              729
	C:05CCH            LINE#              731
	C:05CFH            LINE#              732
	C:05D1H            LINE#              733
	C:05D4H            LINE#              734
	C:05D7H            LINE#              735
	C:05DAH            LINE#              736
	C:05DDH            LINE#              737
	C:05E0H            LINE#              738
	C:05E3H            LINE#              739
	C:05E6H            LINE#              741
	C:05E8H            LINE#              742
	C:05EAH            LINE#              743
	C:05ECH            LINE#              744
	C:05EEH            LINE#              747
	C:05F0H            LINE#              748
	C:05F2H            LINE#              749
	C:05F3H            LINE#              752
	C:05F5H            LINE#              753
	C:05F7H            LINE#              754
	C:05F8H            LINE#              755
	C:05FAH            LINE#              757
	C:05FCH            LINE#              758
	C:05FDH            LINE#              759
	C:0600H            LINE#              760
	C:0602H            LINE#              761
	C:0603H            LINE#              762
	C:0606H            LINE#              763
	C:0609H            LINE#              764
	C:060CH            LINE#              766
	C:060EH            LINE#              767
	C:060FH            LINE#              768
	C:0612H            LINE#              769
	C:0615H            LINE#              771
	C:0618H            LINE#              772
	C:061BH            LINE#              774
	C:061EH            LINE#              775
	C:0621H            LINE#              777
	C:0624H            LINE#              778
	C:0627H            LINE#              780
	C:062AH            LINE#              783
	C:062DH            LINE#              784
	C:0630H            LINE#              787
	C:0633H            LINE#              788
	C:0636H            LINE#              791
L51 CODE BANKING LINKER/LOCATOR V4.08.03          09/15/117  15:20:17  PAGE 10

	C:0639H            LINE#              792
	C:063CH            LINE#              795
	C:063FH            LINE#              796
	C:0642H            LINE#              799
	C:0645H            LINE#              800
	C:0648H            LINE#              802
	C:064BH            LINE#              804
	C:064EH            LINE#              806
	C:0651H            LINE#              808
	C:0654H            LINE#              809
	C:0657H            LINE#              810
	C:065AH            LINE#              811
	C:065DH            LINE#              816
	C:065FH            LINE#              817
	C:0661H            LINE#              818
	C:0662H            LINE#              819
	C:0664H            LINE#              820
	C:0665H            LINE#              821
	C:0667H            LINE#              822
	C:0668H            LINE#              823
	C:066AH            LINE#              825
	C:066DH            LINE#              828
	C:066FH            LINE#              829
	C:0671H            LINE#              830
	C:0673H            LINE#              831
	C:0675H            LINE#              832
	C:0676H            LINE#              835
	C:0678H            LINE#              836
	C:067AH            LINE#              837
	C:067BH            LINE#              838
	C:067DH            LINE#              840
	C:067FH            LINE#              841
	C:0680H            LINE#              842
	C:0682H            LINE#              843
	C:0684H            LINE#              845
	C:0686H            LINE#              846
	C:0689H            LINE#              849
	C:068AH            LINE#              850
	C:068CH            LINE#              851
	C:068EH            LINE#              852
	C:068FH            LINE#              853
	C:0691H            LINE#              854
	C:0693H            LINE#              855
	C:0696H            LINE#              856
	C:0699H            LINE#              859
	C:069CH            LINE#              862
	C:069EH            LINE#              863
	C:06A0H            LINE#              864
	C:06A2H            LINE#              865
	C:06A4H            LINE#              866
	C:06A5H            LINE#              870
	C:06A7H            LINE#              871
	C:06A9H            LINE#              872
	C:06ABH            LINE#              873
	C:06ADH            LINE#              874
	C:06AFH            LINE#              875
	C:06B1H            LINE#              876
	C:06B3H            LINE#              877
	C:06B5H            LINE#              878
	C:06B7H            LINE#              880
	C:06B9H            LINE#              882
	C:06BBH            LINE#              884
	C:06BDH            LINE#              886
	C:06BFH            LINE#              887
	C:06C1H            LINE#              888
	C:06C3H            LINE#              890
	C:06C5H            LINE#              891
	C:06C7H            LINE#              892
L51 CODE BANKING LINKER/LOCATOR V4.08.03          09/15/117  15:20:17  PAGE 11

	C:06C9H            LINE#              893
	C:06CBH            LINE#              894
	C:06CDH            LINE#              895
	C:06CFH            LINE#              896
	C:06D1H            LINE#              897
	C:06D3H            LINE#              898
	C:06D5H            LINE#              899
	C:06D6H            LINE#              903
	C:06D8H            LINE#              904
	C:06DAH            LINE#              905
	C:06DDH            LINE#              906
	C:06DEH            LINE#              909
	C:06E0H            LINE#              910
	C:06E3H            LINE#              911
	C:06E4H            LINE#              915
	C:06E6H            LINE#              916
	C:06E8H            LINE#              918
	C:06EBH            LINE#              920
	C:06EEH            LINE#              921
	C:06F1H            LINE#              923
	C:06F4H            LINE#              924
	C:06F7H            LINE#              926
	C:06FAH            LINE#              927
	C:06FDH            LINE#              931
	C:0700H            LINE#              933
	C:0703H            LINE#              935
	C:0706H            LINE#              936
	C:0709H            LINE#              937
	C:070CH            LINE#              940
	C:070FH            LINE#              941
	C:0712H            LINE#              942
	C:0715H            LINE#              944
	C:0718H            LINE#              947
	C:071BH            LINE#              948
	C:071EH            LINE#              950
	C:0720H            LINE#              951
	C:0722H            LINE#              952
	C:0723H            LINE#              956
	C:0725H            LINE#              957
	C:0727H            LINE#              958
	C:0728H            LINE#              959
	C:072AH            LINE#              960
	C:072BH            LINE#              961
	C:072DH            LINE#              963
	C:072FH            LINE#              964
	C:0731H            LINE#              968
	C:0733H            LINE#              969
	C:0734H            LINE#              970
	C:0735H            LINE#              971
	C:0736H            LINE#              972
	C:0739H            LINE#              974
	C:073BH            LINE#              975
	C:073DH            LINE#              976
	C:073FH            LINE#              977
	C:0741H            LINE#              978
	C:0743H            LINE#              979
	C:0745H            LINE#              980
	C:0746H            LINE#              983
	C:0748H            LINE#              984
	C:074AH            LINE#              985
	C:074BH            LINE#              986
	C:074DH            LINE#              987
	C:074EH            LINE#              988
	C:0750H            LINE#              991
	C:0752H            LINE#              992
	C:0754H            LINE#              997
	C:0755H            LINE#              998
	C:0757H            LINE#              999
L51 CODE BANKING LINKER/LOCATOR V4.08.03          09/15/117  15:20:17  PAGE 12

	C:0759H            LINE#              1000
	C:075AH            LINE#              1001
	C:075BH            LINE#              1002
	C:075CH            LINE#              1003
	C:075DH            LINE#              1004
	C:0760H            LINE#              1006
	C:0762H            LINE#              1007
	C:0764H            LINE#              1008
	C:0766H            LINE#              1009
	C:0768H            LINE#              1010
	C:076AH            LINE#              1011
	C:076CH            LINE#              1012
	C:076DH            LINE#              1054
	C:076FH            LINE#              1055
	C:0771H            LINE#              1056
	C:0772H            LINE#              1057
	C:0774H            LINE#              1059
	C:0776H            LINE#              1060
	C:0779H            LINE#              1064
	C:077AH            LINE#              1066
	C:077CH            LINE#              1067
	C:077EH            LINE#              1068
	C:0780H            LINE#              1069
	C:0782H            LINE#              1070
	C:0784H            LINE#              1071
	C:0786H            LINE#              1072
	C:0788H            LINE#              1073
	C:078AH            LINE#              1074
	C:078CH            LINE#              1075
	C:078EH            LINE#              1077
	C:0790H            LINE#              1079
	C:0791H            LINE#              1080
	C:0792H            LINE#              1081
	C:0794H            LINE#              1082
	C:0796H            LINE#              1083
	C:0799H            LINE#              1087
	C:079BH            LINE#              1088
	C:079CH            LINE#              1089
	C:079EH            LINE#              1090
	C:07A0H            LINE#              1091
	C:07A1H            LINE#              1095
	C:07A3H            LINE#              1096
	C:07A5H            LINE#              1097
	C:07A6H            LINE#              1098
	C:07A8H            LINE#              1100
	C:07AAH            LINE#              1101
	C:07ADH            LINE#              1102
	C:07B0H            LINE#              1107
	C:07B1H            LINE#              1109
	C:07B3H            LINE#              1110
	C:07B5H            LINE#              1113
	C:07B8H            LINE#              1115
	C:07BAH            LINE#              1116
	C:07BCH            LINE#              1118
	C:07BEH            LINE#              1119
	C:07C0H            LINE#              1121
	C:07C2H            LINE#              1122
	C:07C4H            LINE#              1124
	C:07C6H            LINE#              1125
	C:07C8H            LINE#              1127
	C:07CAH            LINE#              1128
	C:07CCH            LINE#              1130
	C:07CEH            LINE#              1131
	C:07D0H            LINE#              1133
	C:07D2H            LINE#              1135
	C:07D4H            LINE#              1136
	C:07D6H            LINE#              1138
	C:07D7H            LINE#              1139
L51 CODE BANKING LINKER/LOCATOR V4.08.03          09/15/117  15:20:17  PAGE 13

	C:07D8H            LINE#              1140
	C:07DAH            LINE#              1141
	C:07DCH            LINE#              1142
	C:07DFH            LINE#              1146
	C:07E1H            LINE#              1147
	C:07E2H            LINE#              1148
	C:07E4H            LINE#              1149
	C:07E6H            LINE#              1150
	C:07E7H            LINE#              1155
	C:07E9H            LINE#              1156
	C:07EBH            LINE#              1157
	C:07ECH            LINE#              1158
	C:07EEH            LINE#              1161
	C:07F0H            LINE#              1162
	C:07F3H            LINE#              1163
	C:07F6H            LINE#              1167
	C:07F7H            LINE#              1169
	C:07F9H            LINE#              1170
	C:07FBH            LINE#              1171
	C:07FDH            LINE#              1172
	C:07FFH            LINE#              1173
	C:0801H            LINE#              1174
	C:0803H            LINE#              1175
	C:0805H            LINE#              1176
	C:0807H            LINE#              1177
	C:0809H            LINE#              1178
	C:080BH            LINE#              1180
	C:080DH            LINE#              1182
	C:080EH            LINE#              1183
	C:080FH            LINE#              1184
	C:0811H            LINE#              1185
	C:0813H            LINE#              1186
	C:0816H            LINE#              1189
	C:0818H            LINE#              1190
	C:0819H            LINE#              1191
	C:081BH            LINE#              1192
	C:081DH            LINE#              1193
	C:081EH            LINE#              1198
	C:0820H            LINE#              1199
	C:0822H            LINE#              1201
	C:0824H            LINE#              1202
	C:0826H            LINE#              1203
	C:0829H            LINE#              1207
	C:082AH            LINE#              1208
	C:082BH            LINE#              1209
	C:082CH            LINE#              1210
	C:082DH            LINE#              1211
	C:082FH            LINE#              1212
	C:0831H            LINE#              1213
	C:0834H            LINE#              1215
	C:0836H            LINE#              1216
	C:0838H            LINE#              1217
	C:083BH            LINE#              1221
	C:083CH            LINE#              1222
	C:083DH            LINE#              1223
	C:083EH            LINE#              1224
	C:083FH            LINE#              1225
	C:0841H            LINE#              1226
	C:0843H            LINE#              1227
	C:0846H            LINE#              1230
	C:0848H            LINE#              1231
	C:084AH            LINE#              1232
	C:084BH            LINE#              1235
	C:084DH            LINE#              1236
	C:084FH            LINE#              1238
	C:0851H            LINE#              1239
	C:0853H            LINE#              1241
	C:0856H            LINE#              1243
L51 CODE BANKING LINKER/LOCATOR V4.08.03          09/15/117  15:20:17  PAGE 14

	C:0858H            LINE#              1244
	C:085BH            LINE#              1245
	C:085EH            LINE#              1246
	C:0861H            LINE#              1247
	C:0864H            LINE#              1249
	C:0866H            LINE#              1251
	C:0868H            LINE#              1252
	C:086AH            LINE#              1253
	C:086BH            LINE#              1256
	C:086DH            LINE#              1257
	C:086FH            LINE#              1259
	C:0871H            LINE#              1260
	C:0873H            LINE#              1262
	C:0876H            LINE#              1264
	C:0878H            LINE#              1265
	C:087BH            LINE#              1266
	C:087EH            LINE#              1267
	C:0881H            LINE#              1268
	C:0884H            LINE#              1270
	C:0886H            LINE#              1272
	C:0888H            LINE#              1273
	C:088AH            LINE#              1274
	C:088BH            LINE#              1277
	C:088DH            LINE#              1278
	C:088FH            LINE#              1279
	C:0890H            LINE#              1280
	C:0892H            LINE#              1282
	C:0894H            LINE#              1283
	C:0896H            LINE#              1284
	C:0898H            LINE#              1285
	C:089AH            LINE#              1286
	C:089CH            LINE#              1287
	C:089EH            LINE#              1288
	C:08A0H            LINE#              1289
	C:08A2H            LINE#              1290
	C:08A4H            LINE#              1291
	C:08A6H            LINE#              1292
	C:08A8H            LINE#              1293
	C:08AAH            LINE#              1295
	C:08ACH            LINE#              1296
	C:08AEH            LINE#              1297
	C:08B0H            LINE#              1298
	C:08B2H            LINE#              1299
	C:08B3H            LINE#              1302
	C:08B5H            LINE#              1303
	C:08B7H            LINE#              1304
	C:08B8H            LINE#              1305
	C:08BAH            LINE#              1307
	C:08BCH            LINE#              1308
	C:08BEH            LINE#              1309
	C:08C0H            LINE#              1310
	C:08C2H            LINE#              1311
	C:08C4H            LINE#              1312
	C:08C6H            LINE#              1313
	C:08C8H            LINE#              1314
	C:08CAH            LINE#              1315
	C:08CCH            LINE#              1316
	C:08CEH            LINE#              1317
	C:08D0H            LINE#              1318
	C:08D2H            LINE#              1320
	C:08D4H            LINE#              1321
	C:08D6H            LINE#              1322
	C:08D8H            LINE#              1323
	C:08DAH            LINE#              1324
	C:08DBH            LINE#              1328
	C:08DDH            LINE#              1329
	C:08DFH            LINE#              1330
	C:08E0H            LINE#              1331
L51 CODE BANKING LINKER/LOCATOR V4.08.03          09/15/117  15:20:17  PAGE 15

	C:08E2H            LINE#              1333
	C:08E4H            LINE#              1335
	C:08E6H            LINE#              1338
	C:08E9H            LINE#              1341
	C:08EAH            LINE#              1342
	C:08EBH            LINE#              1343
	C:08ECH            LINE#              1344
	C:08EDH            LINE#              1346
	C:08EFH            LINE#              1347
	C:08F1H            LINE#              1348
	C:08F4H            LINE#              1350
	C:08F6H            LINE#              1352
	C:08F8H            LINE#              1353
	C:08FBH            LINE#              1354
	C:08FEH            LINE#              1355
	C:0901H            LINE#              1356
	C:0903H            LINE#              1357
	C:0906H            LINE#              1358
	C:0909H            LINE#              1359
	C:090CH            LINE#              1361
	C:090FH            LINE#              1363
	C:0910H            LINE#              1366
	C:0913H            LINE#              1368
	C:0915H            LINE#              1371
	C:0917H            LINE#              1372
	C:0918H            LINE#              1373
	C:091AH            LINE#              1374
	C:091CH            LINE#              1375
	C:091DH            LINE#              1379
	C:091FH            LINE#              1380
	C:0921H            LINE#              1381
	C:0922H            LINE#              1382
	C:0924H            LINE#              1384
	C:0926H            LINE#              1385
	C:0929H            LINE#              1386
	C:092CH            LINE#              1388
	C:092DH            LINE#              1392
	C:092FH            LINE#              1394
	C:0930H            LINE#              1395
	C:0931H            LINE#              1396
	C:0932H            LINE#              1398
	C:0934H            LINE#              1400
	C:0935H            LINE#              1402
	C:0937H            LINE#              1403
	C:0939H            LINE#              1404
	C:093CH            LINE#              1406
	C:093EH            LINE#              1407
	C:093FH            LINE#              1408
	C:0941H            LINE#              1409
	C:0943H            LINE#              1410
	C:0944H            LINE#              1412
	C:0946H            LINE#              1413
	C:0947H            LINE#              1414
	C:0949H            LINE#              1415
	C:094BH            LINE#              1416
	C:094CH            LINE#              1420
	C:094EH            LINE#              1421
	C:0950H            LINE#              1423
	C:0953H            LINE#              1424
	C:0956H            LINE#              1428
	C:0959H            LINE#              1429
	C:095BH            LINE#              1430
	C:095DH            LINE#              1431
	C:095FH            LINE#              1433
	C:0961H            LINE#              1434
	C:0963H            LINE#              1435
	C:0965H            LINE#              1436
	C:0967H            LINE#              1439
L51 CODE BANKING LINKER/LOCATOR V4.08.03          09/15/117  15:20:17  PAGE 16

	C:0969H            LINE#              1440
	C:096BH            LINE#              1441
	C:096EH            LINE#              1443
	C:0970H            LINE#              1444
	C:0972H            LINE#              1445
	C:0973H            LINE#              1448
	C:0975H            LINE#              1449
	C:0977H            LINE#              1451
	C:097AH            LINE#              1452
	C:097DH            LINE#              1456
	C:097FH            LINE#              1457
	C:0981H            LINE#              1458
	C:0983H            LINE#              1459
	C:0985H            LINE#              1461
	C:0987H            LINE#              1462
	C:0989H            LINE#              1463
	C:098BH            LINE#              1464
	C:098DH            LINE#              1467
	C:098FH            LINE#              1468
	C:0991H            LINE#              1469
	C:0994H            LINE#              1471
	C:0996H            LINE#              1472
	C:0998H            LINE#              1473
	C:0999H            LINE#              1476
	C:099BH            LINE#              1477
	C:099DH            LINE#              1478
	C:099EH            LINE#              1479
	C:09A0H            LINE#              1480
	C:09A1H            LINE#              1481
	C:09A3H            LINE#              1483
	C:09A5H            LINE#              1484
	C:09A6H            LINE#              1485
	C:09A8H            LINE#              1487
	C:09A9H            LINE#              1488
	C:09AAH            LINE#              1489
	C:09ABH            LINE#              1490
	C:09ACH            LINE#              1492
	C:09ADH            LINE#              1493
	C:09AEH            LINE#              1494
	C:09AFH            LINE#              1495
	C:09B0H            LINE#              1497
	C:09B1H            LINE#              1498
	C:09B2H            LINE#              1499
	C:09B3H            LINE#              1500
	C:09B4H            LINE#              1502
	C:09B5H            LINE#              1503
	C:09B6H            LINE#              1504
	C:09B7H            LINE#              1505
	C:09B8H            LINE#              1507
	C:09B9H            LINE#              1508
	C:09BAH            LINE#              1509
	C:09BBH            LINE#              1510
	C:09BCH            LINE#              1512
	C:09BDH            LINE#              1513
	C:09BEH            LINE#              1514
	C:09BFH            LINE#              1515
	C:09C0H            LINE#              1517
	C:09C2H            LINE#              1518
	C:09C3H            LINE#              1519
	C:09C5H            LINE#              1520
	C:09C6H            LINE#              1521
	C:09C8H            LINE#              1522
	C:09CAH            LINE#              1523
	C:09CBH            LINE#              1526
	C:09CDH            LINE#              1527
	C:09CFH            LINE#              1528
	C:09D0H            LINE#              1529
	C:09D2H            LINE#              1531
L51 CODE BANKING LINKER/LOCATOR V4.08.03          09/15/117  15:20:17  PAGE 17

	C:09D4H            LINE#              1532
	C:09D6H            LINE#              1534
	C:09D8H            LINE#              1535
	C:09DAH            LINE#              1536
	C:09DCH            LINE#              1537
	C:09DEH            LINE#              1538
	C:09DFH            LINE#              1541
	C:09E1H            LINE#              1542
	C:09E3H            LINE#              1544
	C:09E5H            LINE#              1546
	C:09E8H            LINE#              1547
	C:09EBH            LINE#              1549
	C:09EEH            LINE#              1551
	C:09F0H            LINE#              1553
	C:09F2H            LINE#              1554
	C:09F4H            LINE#              1555
	C:09F5H            LINE#              1559
	C:09F7H            LINE#              1560
	C:09F9H            LINE#              1563
	C:09FBH            LINE#              1564
	C:09FCH            LINE#              1565
	C:09FEH            LINE#              1566
	C:0A00H            LINE#              1568
	C:0A03H            LINE#              1569
	C:0A05H            LINE#              1570
	C:0A06H            LINE#              1571
	C:0A08H            LINE#              1572
	C:0A0AH            LINE#              1574
	C:0A0CH            LINE#              1575
	C:0A0EH            LINE#              1576
	C:0A0FH            LINE#              1579
	C:0A11H            LINE#              1580
	C:0A13H            LINE#              1582
	C:0A15H            LINE#              1583
	C:0A18H            LINE#              1584
	C:0A1BH            LINE#              1585
	C:0A1DH            LINE#              1586
	C:0A1FH            LINE#              1587
	C:0A22H            LINE#              1588
	C:0A25H            LINE#              1589
	C:0A27H            LINE#              1591
	C:0A29H            LINE#              1592
	C:0A2BH            LINE#              1593
	C:0A2CH            LINE#              1597
	C:0A2EH            LINE#              1598
	C:0A30H            LINE#              1599
	C:0A32H            LINE#              1600
	C:0A34H            LINE#              1601
	C:0A36H            LINE#              1602
	C:0A38H            LINE#              1604
	C:0A3AH            LINE#              1605
	C:0A3CH            LINE#              1606
	C:0A3EH            LINE#              1607
	C:0A40H            LINE#              1610
	C:0A42H            LINE#              1611
	C:0A44H            LINE#              1612
	C:0A46H            LINE#              1613
	C:0A48H            LINE#              1614
	C:0A4AH            LINE#              1615
	C:0A4CH            LINE#              1616
	C:0A4DH            LINE#              1619
	C:0A4FH            LINE#              1620
	C:0A51H            LINE#              1622
	C:0A53H            LINE#              1624
	C:0A55H            LINE#              1625
	C:0A57H            LINE#              1627
	C:0A59H            LINE#              1629
	C:0A5CH            LINE#              1630
L51 CODE BANKING LINKER/LOCATOR V4.08.03          09/15/117  15:20:17  PAGE 18

	C:0A5FH            LINE#              1632
	C:0A60H            LINE#              1635
	C:0A62H            LINE#              1636
	C:0A64H            LINE#              1637
	C:0A65H            LINE#              1638
	C:0A67H            LINE#              1640
	C:0A69H            LINE#              1641
	C:0A6AH            LINE#              1642
	C:0A6CH            LINE#              1643
	C:0A6EH            LINE#              1644
	C:0A70H            LINE#              1645
	C:0A71H            LINE#              1646
	C:0A73H            LINE#              1647
	C:0A75H            LINE#              1648
	C:0A77H            LINE#              1649
	C:0A78H            LINE#              1650
	C:0A7AH            LINE#              1651
	C:0A7CH            LINE#              1652
	C:0A7EH            LINE#              1655
	C:0A81H            LINE#              1656
	C:0A84H            LINE#              1657
	C:0A87H            LINE#              1660
	C:0A8AH            LINE#              1661
	C:0A8DH            LINE#              1662
	C:0A90H            LINE#              1665
	C:0A93H            LINE#              1666
	C:0A96H            LINE#              1667
	C:0A99H            LINE#              1670
	C:0A9BH            LINE#              1671
	C:0A9CH            LINE#              1672
	C:0A9EH            LINE#              1673
	C:0AA0H            LINE#              1674
	C:0AA2H            LINE#              1675
	C:0AA3H            LINE#              1676
	C:0AA5H            LINE#              1677
	C:0AA7H            LINE#              1678
	C:0AA9H            LINE#              1679
	C:0AAAH            LINE#              1680
	C:0AACH            LINE#              1681
	C:0AAEH            LINE#              1682
	C:0AB0H            LINE#              1685
	C:0AB3H            LINE#              1686
	C:0AB6H            LINE#              1687
	C:0AB9H            LINE#              1690
	C:0ABCH            LINE#              1691
	C:0ABFH            LINE#              1692
	C:0AC2H            LINE#              1695
	C:0AC5H            LINE#              1696
	C:0AC8H            LINE#              1697
	C:0ACBH            LINE#              1703
	C:0ACDH            LINE#              1704
	C:0ACEH            LINE#              1705
	C:0AD0H            LINE#              1706
	C:0AD2H            LINE#              1707
	C:0AD3H            LINE#              1711
	C:0AD5H            LINE#              1712
	C:0AD7H            LINE#              1713
	C:0AD8H            LINE#              1714
	C:0ADAH            LINE#              1716
	C:0ADCH            LINE#              1717
	C:0ADDH            LINE#              1718
	C:0ADFH            LINE#              1719
	C:0AE1H            LINE#              1722
	C:0AE4H            LINE#              1723
	C:0AE7H            LINE#              1725
	C:0AEAH            LINE#              1727
	C:0AECH            LINE#              1728
	C:0AEEH            LINE#              1729
L51 CODE BANKING LINKER/LOCATOR V4.08.03          09/15/117  15:20:17  PAGE 19

	C:0AF0H            LINE#              1730
	C:0AF2H            LINE#              1731
	C:0AF5H            LINE#              1733
	C:0AF7H            LINE#              1734
	C:0AF9H            LINE#              1735
	C:0AFBH            LINE#              1736
	C:0AFDH            LINE#              1737
	C:0AFFH            LINE#              1738
	C:0B01H            LINE#              1739
	C:0B03H            LINE#              1740
	C:0B05H            LINE#              1741
	C:0B07H            LINE#              1742
	C:0B09H            LINE#              1743
	C:0B0BH            LINE#              1744
	C:0B0DH            LINE#              1745
	C:0B0FH            LINE#              1746
	C:0B11H            LINE#              1747
	C:0B13H            LINE#              1748
	C:0B15H            LINE#              1749
	C:0B17H            LINE#              1750
	C:0B19H            LINE#              1751
	C:0B1BH            LINE#              1752
	C:0B1DH            LINE#              1753
	C:0B1FH            LINE#              1754
	C:0B21H            LINE#              1755
	C:0B23H            LINE#              1758
	C:0B25H            LINE#              1759
	C:0B27H            LINE#              1760
	C:0B29H            LINE#              1761
	C:0B2BH            LINE#              1762
	C:0B2EH            LINE#              1765
	C:0B30H            LINE#              1766
	C:0B32H            LINE#              1767
	C:0B34H            LINE#              1768
	C:0B36H            LINE#              1769
	C:0B39H            LINE#              1772
	C:0B3BH            LINE#              1773
	C:0B3DH            LINE#              1774
	C:0B3FH            LINE#              1775
	C:0B41H            LINE#              1776
	C:0B44H            LINE#              1779
	C:0B46H            LINE#              1780
	C:0B48H            LINE#              1781
	C:0B4AH            LINE#              1782
	C:0B4CH            LINE#              1783
	C:0B4FH            LINE#              1786
	C:0B51H            LINE#              1787
	C:0B53H            LINE#              1788
	C:0B55H            LINE#              1789
	C:0B57H            LINE#              1790
	C:0B5AH            LINE#              1793
	C:0B5CH            LINE#              1794
	C:0B5EH            LINE#              1795
	C:0B60H            LINE#              1796
	C:0B62H            LINE#              1797
	C:0B65H            LINE#              1800
	C:0B67H            LINE#              1801
	C:0B69H            LINE#              1802
	C:0B6BH            LINE#              1803
	C:0B6DH            LINE#              1804
	C:0B70H            LINE#              1807
	C:0B72H            LINE#              1808
	C:0B74H            LINE#              1809
	C:0B76H            LINE#              1810
	C:0B78H            LINE#              1811
	C:0B7BH            LINE#              1814
	C:0B7DH            LINE#              1815
	C:0B7FH            LINE#              1816
L51 CODE BANKING LINKER/LOCATOR V4.08.03          09/15/117  15:20:17  PAGE 20

	C:0B81H            LINE#              1817
	C:0B83H            LINE#              1818
	C:0B86H            LINE#              1820
	C:0B88H            LINE#              1821
	C:0B8AH            LINE#              1822
	C:0B8CH            LINE#              1823
	C:0B8EH            LINE#              1824
	C:0B90H            LINE#              1825
	C:0B92H            LINE#              1826
	C:0B94H            LINE#              1827
	C:0B96H            LINE#              1828
	C:0B98H            LINE#              1829
	C:0B9AH            LINE#              1830
	C:0B9CH            LINE#              1831
	C:0B9EH            LINE#              1832
	C:0BA0H            LINE#              1833
	C:0BA2H            LINE#              1834
	C:0BA4H            LINE#              1835
	C:0BA6H            LINE#              1836
	C:0BA8H            LINE#              1837
	C:0BAAH            LINE#              1838
	C:0BACH            LINE#              1839
	C:0BAEH            LINE#              1840
	C:0BB0H            LINE#              1841
	C:0BB2H            LINE#              1842
	C:0BB4H            LINE#              1846
	C:0BB6H            LINE#              1847
	C:0BB8H            LINE#              1848
	C:0BBAH            LINE#              1849
	C:0BBDH            LINE#              1850
	C:0BC0H            LINE#              1853
	C:0BC2H            LINE#              1854
	C:0BC4H            LINE#              1855
	C:0BC6H            LINE#              1856
	C:0BC9H            LINE#              1857
	C:0BCCH            LINE#              1860
	C:0BCEH            LINE#              1861
	C:0BD0H            LINE#              1862
	C:0BD2H            LINE#              1863
	C:0BD5H            LINE#              1864
	C:0BD8H            LINE#              1867
	C:0BDAH            LINE#              1868
	C:0BDCH            LINE#              1869
	C:0BDEH            LINE#              1870
	C:0BE1H            LINE#              1871
	C:0BE4H            LINE#              1874
	C:0BE7H            LINE#              1877
	C:0BEAH            LINE#              1880
	C:0BEDH            LINE#              1883
	C:0BF0H            LINE#              1888
	C:0BF2H            LINE#              1889
	C:0BF3H            LINE#              1890
	C:0BF5H            LINE#              1891
	C:0BF7H            LINE#              1892
	-------            ENDMOD             PIPORT5

LINK/LOCATE RUN COMPLETE,  NO ERROR FOUND.